Archive member included to satisfy reference by file (symbol)

/home/milan/.pico-sdk/toolchain/13_2_Rel1/bin/../lib/gcc/arm-none-eabi/13.2.1/thumb/v6-m/nofp/libgcc.a(_dvmd_tls.o)
                              CMakeFiles/hw3.dir/home/milan/.pico-sdk/sdk/1.5.1/src/rp2_common/pico_divider/divider.S.obj (__aeabi_idiv0)
/home/milan/.pico-sdk/toolchain/13_2_Rel1/bin/../lib/gcc/arm-none-eabi/13.2.1/../../../../arm-none-eabi/lib/thumb/v6-m/nofp/libc.a(libc_a-malloc.o)
                              CMakeFiles/hw3.dir/home/milan/.pico-sdk/sdk/1.5.1/src/rp2_common/pico_malloc/pico_malloc.c.obj (malloc)
/home/milan/.pico-sdk/toolchain/13_2_Rel1/bin/../lib/gcc/arm-none-eabi/13.2.1/../../../../arm-none-eabi/lib/thumb/v6-m/nofp/libc.a(libc_a-mallocr.o)
                              /home/milan/.pico-sdk/toolchain/13_2_Rel1/bin/../lib/gcc/arm-none-eabi/13.2.1/../../../../arm-none-eabi/lib/thumb/v6-m/nofp/libc.a(libc_a-malloc.o) (_malloc_r)
/home/milan/.pico-sdk/toolchain/13_2_Rel1/bin/../lib/gcc/arm-none-eabi/13.2.1/../../../../arm-none-eabi/lib/thumb/v6-m/nofp/libc.a(libc_a-init.o)
                              /home/milan/.pico-sdk/toolchain/13_2_Rel1/bin/../lib/gcc/arm-none-eabi/13.2.1/../../../../arm-none-eabi/lib/thumb/v6-m/nofp/crt0.o (__libc_init_array)
/home/milan/.pico-sdk/toolchain/13_2_Rel1/bin/../lib/gcc/arm-none-eabi/13.2.1/../../../../arm-none-eabi/lib/thumb/v6-m/nofp/libc.a(libc_a-sysconf.o)
                              /home/milan/.pico-sdk/toolchain/13_2_Rel1/bin/../lib/gcc/arm-none-eabi/13.2.1/../../../../arm-none-eabi/lib/thumb/v6-m/nofp/libc.a(libc_a-mallocr.o) (sysconf)
/home/milan/.pico-sdk/toolchain/13_2_Rel1/bin/../lib/gcc/arm-none-eabi/13.2.1/../../../../arm-none-eabi/lib/thumb/v6-m/nofp/libc.a(libc_a-mlock.o)
                              /home/milan/.pico-sdk/toolchain/13_2_Rel1/bin/../lib/gcc/arm-none-eabi/13.2.1/../../../../arm-none-eabi/lib/thumb/v6-m/nofp/libc.a(libc_a-mallocr.o) (__malloc_lock)
/home/milan/.pico-sdk/toolchain/13_2_Rel1/bin/../lib/gcc/arm-none-eabi/13.2.1/../../../../arm-none-eabi/lib/thumb/v6-m/nofp/libc.a(libc_a-atoi.o)
                              CMakeFiles/hw3.dir/hw3.c.obj (atoi)
/home/milan/.pico-sdk/toolchain/13_2_Rel1/bin/../lib/gcc/arm-none-eabi/13.2.1/../../../../arm-none-eabi/lib/thumb/v6-m/nofp/libc.a(libc_a-calloc.o)
                              CMakeFiles/hw3.dir/home/milan/.pico-sdk/sdk/1.5.1/src/rp2_common/pico_malloc/pico_malloc.c.obj (calloc)
/home/milan/.pico-sdk/toolchain/13_2_Rel1/bin/../lib/gcc/arm-none-eabi/13.2.1/../../../../arm-none-eabi/lib/thumb/v6-m/nofp/libc.a(libc_a-callocr.o)
                              /home/milan/.pico-sdk/toolchain/13_2_Rel1/bin/../lib/gcc/arm-none-eabi/13.2.1/../../../../arm-none-eabi/lib/thumb/v6-m/nofp/libc.a(libc_a-calloc.o) (_calloc_r)
/home/milan/.pico-sdk/toolchain/13_2_Rel1/bin/../lib/gcc/arm-none-eabi/13.2.1/../../../../arm-none-eabi/lib/thumb/v6-m/nofp/libc.a(libc_a-realloc.o)
                              CMakeFiles/hw3.dir/home/milan/.pico-sdk/sdk/1.5.1/src/rp2_common/pico_malloc/pico_malloc.c.obj (realloc)
/home/milan/.pico-sdk/toolchain/13_2_Rel1/bin/../lib/gcc/arm-none-eabi/13.2.1/../../../../arm-none-eabi/lib/thumb/v6-m/nofp/libc.a(libc_a-impure.o)
                              /home/milan/.pico-sdk/toolchain/13_2_Rel1/bin/../lib/gcc/arm-none-eabi/13.2.1/../../../../arm-none-eabi/lib/thumb/v6-m/nofp/libc.a(libc_a-malloc.o) (_impure_ptr)
/home/milan/.pico-sdk/toolchain/13_2_Rel1/bin/../lib/gcc/arm-none-eabi/13.2.1/../../../../arm-none-eabi/lib/thumb/v6-m/nofp/libc.a(libc_a-findfp.o)
                              /home/milan/.pico-sdk/toolchain/13_2_Rel1/bin/../lib/gcc/arm-none-eabi/13.2.1/../../../../arm-none-eabi/lib/thumb/v6-m/nofp/libc.a(libc_a-impure.o) (__sf)
/home/milan/.pico-sdk/toolchain/13_2_Rel1/bin/../lib/gcc/arm-none-eabi/13.2.1/../../../../arm-none-eabi/lib/thumb/v6-m/nofp/libc.a(libc_a-scanf.o)
                              CMakeFiles/hw3.dir/hw3.c.obj (scanf)
/home/milan/.pico-sdk/toolchain/13_2_Rel1/bin/../lib/gcc/arm-none-eabi/13.2.1/../../../../arm-none-eabi/lib/thumb/v6-m/nofp/libc.a(libc_a-strlen-stub.o)
                              CMakeFiles/hw3.dir/home/milan/.pico-sdk/sdk/1.5.1/src/rp2_common/pico_stdio/stdio.c.obj (strlen)
/home/milan/.pico-sdk/toolchain/13_2_Rel1/bin/../lib/gcc/arm-none-eabi/13.2.1/../../../../arm-none-eabi/lib/thumb/v6-m/nofp/libc.a(libc_a-reallocr.o)
                              /home/milan/.pico-sdk/toolchain/13_2_Rel1/bin/../lib/gcc/arm-none-eabi/13.2.1/../../../../arm-none-eabi/lib/thumb/v6-m/nofp/libc.a(libc_a-realloc.o) (_realloc_r)
/home/milan/.pico-sdk/toolchain/13_2_Rel1/bin/../lib/gcc/arm-none-eabi/13.2.1/../../../../arm-none-eabi/lib/thumb/v6-m/nofp/libc.a(libc_a-freer.o)
                              /home/milan/.pico-sdk/toolchain/13_2_Rel1/bin/../lib/gcc/arm-none-eabi/13.2.1/../../../../arm-none-eabi/lib/thumb/v6-m/nofp/libc.a(libc_a-malloc.o) (_free_r)
[...]
Memory Configuration

Name             Origin             Length             Attributes
FLASH            0x10000000         0x00200000         xr
RAM              0x20000000         0x00040000         xrw
SCRATCH_X        0x20040000         0x00001000         xrw
SCRATCH_Y        0x20041000         0x00001000         xrw
*default*        0x00000000         0xffffffff

Linker script and memory map

LOAD /home/milan/.pico-sdk/toolchain/13_2_Rel1/bin/../lib/gcc/arm-none-eabi/13.2.1/thumb/v6-m/nofp/crti.o
LOAD /home/milan/.pico-sdk/toolchain/13_2_Rel1/bin/../lib/gcc/arm-none-eabi/13.2.1/thumb/v6-m/nofp/crtbegin.o
LOAD /home/milan/.pico-sdk/toolchain/13_2_Rel1/bin/../lib/gcc/arm-none-eabi/13.2.1/../../../../arm-none-eabi/lib/thumb/v6-m/nofp/crt0.o

.flash_begin    0x10000000        0x0
                0x10000000                        __flash_binary_start = .

.boot2          0x10000000      0x100
                0x10000000                        __boot2_start__ = .
 *(.boot2)
 .boot2         0x10000000      0x100 /tmp/cc35Evm1.o
                0x10000100                        __boot2_end__ = .
                0x00000001                        ASSERT (((__boot2_end__ - __boot2_start__) == 0x100), ERROR: Pico second stage bootloader must be 256 bytes in size)

.text           0x10000100     0xcfa0
                0x10000100                        __logical_binary_start = .
 *(.vectors)
 .vectors       0x10000100       0xd4 CMakeFiles/hw3.dir/home/milan/.pico-sdk/sdk/1.5.1/src/rp2_common/pico_standard_link/crt0.S.obj
                0x10000100                __vectors
                0x10000100                __VECTOR_TABLE
                0x100001c0                isr_invalid
                0x100001c0                __default_isrs_start
                0x100001c2                isr_nmi
                0x100001c4                isr_hardfault
                0x100001c6                isr_svcall
                0x100001c8                isr_pendsv
                0x100001ca                isr_systick
                0x100001cc                isr_irq30
                0x100001cc                __unhandled_user_irq
                0x100001cc                isr_irq13
                0x100001cc                isr_irq27
                0x100001cc                isr_irq31
                0x100001cc                isr_irq5
                0x100001cc                isr_irq11
                0x100001cc                isr_irq23
                0x100001cc                isr_irq18
                0x100001cc                isr_irq28
                0x100001cc                isr_irq19
                0x100001cc                isr_irq0
                0x100001cc                isr_irq6
                0x100001cc                isr_irq22
                0x100001cc                isr_irq17
                0x100001cc                isr_irq14
                0x100001cc                isr_irq2
                0x100001cc                isr_irq10
                0x100001cc                isr_irq8
                0x100001cc                isr_irq24
                0x100001cc                isr_irq1
                0x100001cc                isr_irq7
                0x100001cc                isr_irq21
                0x100001cc                isr_irq20
                0x100001cc                isr_irq15
                0x100001cc                isr_irq25
                0x100001cc                isr_irq4
                0x100001cc                isr_irq16
                0x100001cc                isr_irq29
                0x100001cc                isr_irq26
                0x100001cc                __default_isrs_end
                0x100001cc                isr_irq3
                0x100001cc                isr_irq12
                0x100001cc                isr_irq9
                0x100001d2                unhandled_user_irq_num_in_r0
 *(.binary_info_header)
 .binary_info_header
                0x100001d4       0x14 CMakeFiles/hw3.dir/home/milan/.pico-sdk/sdk/1.5.1/src/rp2_common/pico_standard_link/crt0.S.obj
                0x100001e8                        __binary_info_header_end = .
 *(.reset)
 .reset         0x100001e8       0xa0 CMakeFiles/hw3.dir/home/milan/.pico-sdk/sdk/1.5.1/src/rp2_common/pico_standard_link/crt0.S.obj
                0x100001e8                _entry_point
 .reset         0x10000288       0x30 CMakeFiles/hw3.dir/home/milan/.pico-sdk/sdk/1.5.1/src/rp2_common/pico_standard_link/binary_info.c.obj
 *(.init)
 .init          0x100002b8        0x4 /home/milan/.pico-sdk/toolchain/13_2_Rel1/bin/../lib/gcc/arm-none-eabi/13.2.1/thumb/v6-m/nofp/crti.o
                0x100002b8                _init
 *(EXCLUDE_FILE(*libm.a: *libc.a:*lib_a-mem*.o *libgcc.a:) .text*)
 .text.register_tm_clones
                0x100002bc       0x28 /home/milan/.pico-sdk/toolchain/13_2_Rel1/bin/../lib/gcc/arm-none-eabi/13.2.1/thumb/v6-m/nofp/crtbegin.o
 .text.frame_dummy
                0x100002e4       0x24 /home/milan/.pico-sdk/toolchain/13_2_Rel1/bin/../lib/gcc/arm-none-eabi/13.2.1/thumb/v6-m/nofp/crtbegin.o
 .text.startup.main
                0x10000308      0x138 CMakeFiles/hw3.dir/hw3.c.obj
                0x10000308                main
 .text.gpio_set_function
                0x10000440       0x30 CMakeFiles/hw3.dir/home/milan/.pico-sdk/sdk/1.5.1/src/rp2_common/hardware_gpio/gpio.c.obj
                0x10000440                gpio_set_function
 .text.gpio_set_pulls
                0x10000470       0x24 CMakeFiles/hw3.dir/home/milan/.pico-sdk/sdk/1.5.1/src/rp2_common/hardware_gpio/gpio.c.obj
                0x10000470                gpio_set_pulls
 .text.gpio_set_input_enabled
                0x10000494       0x28 CMakeFiles/hw3.dir/home/milan/.pico-sdk/sdk/1.5.1/src/rp2_common/hardware_gpio/gpio.c.obj
                0x10000494                gpio_set_input_enabled
 .text.gpio_init
                0x100004bc       0x3c CMakeFiles/hw3.dir/home/milan/.pico-sdk/sdk/1.5.1/src/rp2_common/hardware_gpio/gpio.c.obj
                0x100004bc                gpio_init
 .text.running_on_fpga
                0x100004f8       0x10 CMakeFiles/hw3.dir/home/milan/.pico-sdk/sdk/1.5.1/src/rp2_common/pico_platform/platform.c.obj
                0x100004f8                running_on_fpga
 .text.hw_claim_or_assert
                0x10000508       0x44 CMakeFiles/hw3.dir/home/milan/.pico-sdk/sdk/1.5.1/src/rp2_common/hardware_claim/claim.c.obj
                0x10000508                hw_claim_or_assert
 .text.hw_claim_unused_from_range
                0x1000054c       0x9c CMakeFiles/hw3.dir/home/milan/.pico-sdk/sdk/1.5.1/src/rp2_common/hardware_claim/claim.c.obj
                0x1000054c                hw_claim_unused_from_range
 .text.spin_locks_reset
                0x100005e8       0x1c CMakeFiles/hw3.dir/home/milan/.pico-sdk/sdk/1.5.1/src/rp2_common/hardware_sync/sync.c.obj
                0x100005e8                spin_locks_reset
 .text.next_striped_spin_lock_num
                0x10000604       0x18 CMakeFiles/hw3.dir/home/milan/.pico-sdk/sdk/1.5.1/src/rp2_common/hardware_sync/sync.c.obj
                0x10000604                next_striped_spin_lock_num
 .text.spin_lock_claim_unused
                0x1000061c       0x24 CMakeFiles/hw3.dir/home/milan/.pico-sdk/sdk/1.5.1/src/rp2_common/hardware_sync/sync.c.obj
                0x1000061c                spin_lock_claim_unused
 .text.irq_set_enabled
                0x10000640       0x24 CMakeFiles/hw3.dir/home/milan/.pico-sdk/sdk/1.5.1/src/rp2_common/hardware_irq/irq.c.obj
                0x10000640                irq_set_enabled
 .text.irq_set_pending
                0x10000664       0x10 CMakeFiles/hw3.dir/home/milan/.pico-sdk/sdk/1.5.1/src/rp2_common/hardware_irq/irq.c.obj
                0x10000664                irq_set_pending
 .text.irq_has_shared_handler
                0x10000674       0x2c CMakeFiles/hw3.dir/home/milan/.pico-sdk/sdk/1.5.1/src/rp2_common/hardware_irq/irq.c.obj
                0x10000674                irq_has_shared_handler
 .text.irq_get_vtable_handler
                0x100006a0       0x10 CMakeFiles/hw3.dir/home/milan/.pico-sdk/sdk/1.5.1/src/rp2_common/hardware_irq/irq.c.obj
                0x100006a0                irq_get_vtable_handler
 .text.irq_set_exclusive_handler
                0x100006b0       0x54 CMakeFiles/hw3.dir/home/milan/.pico-sdk/sdk/1.5.1/src/rp2_common/hardware_irq/irq.c.obj
                0x100006b0                irq_set_exclusive_handler
 .text.irq_add_shared_handler
                0x10000704      0x1f4 CMakeFiles/hw3.dir/home/milan/.pico-sdk/sdk/1.5.1/src/rp2_common/hardware_irq/irq.c.obj
                0x10000704                irq_add_shared_handler
 .text.irq_remove_handler
                0x100008f8      0x1c4 CMakeFiles/hw3.dir/home/milan/.pico-sdk/sdk/1.5.1/src/rp2_common/hardware_irq/irq.c.obj
                0x100008f8                irq_remove_handler
 .text.irq_add_tail_to_free_list
                0x10000abc       0xb4 CMakeFiles/hw3.dir/home/milan/.pico-sdk/sdk/1.5.1/src/rp2_common/hardware_irq/irq.c.obj
                0x10000abc                irq_add_tail_to_free_list
 .text.irq_init_priorities
                0x10000b70       0x24 CMakeFiles/hw3.dir/home/milan/.pico-sdk/sdk/1.5.1/src/rp2_common/hardware_irq/irq.c.obj
                0x10000b70                irq_init_priorities
 .text.user_irq_claim_unused
                0x10000b94       0x2c CMakeFiles/hw3.dir/home/milan/.pico-sdk/sdk/1.5.1/src/rp2_common/hardware_irq/irq.c.obj
                0x10000b94                user_irq_claim_unused
 .text.lock_init
                0x10000bc0       0x10 CMakeFiles/hw3.dir/home/milan/.pico-sdk/sdk/1.5.1/src/common/pico_sync/lock_core.c.obj
                0x10000bc0                lock_init
 .text.mutex_init
                0x10000bd0       0x1c CMakeFiles/hw3.dir/home/milan/.pico-sdk/sdk/1.5.1/src/common/pico_sync/mutex.c.obj
                0x10000bd0                mutex_init
 .text.recursive_mutex_init
                0x10000bec       0x1c CMakeFiles/hw3.dir/home/milan/.pico-sdk/sdk/1.5.1/src/common/pico_sync/mutex.c.obj
                0x10000bec                recursive_mutex_init
 .text.critical_section_init
                0x10000c08       0x1c CMakeFiles/hw3.dir/home/milan/.pico-sdk/sdk/1.5.1/src/common/pico_sync/critical_section.c.obj
                0x10000c08                critical_section_init
 .text.critical_section_init_with_lock_num
                0x10000c24       0x14 CMakeFiles/hw3.dir/home/milan/.pico-sdk/sdk/1.5.1/src/common/pico_sync/critical_section.c.obj
                0x10000c24                critical_section_init_with_lock_num
 .text.timer_pool_entry_comparator
                0x10000c38       0x34 CMakeFiles/hw3.dir/home/milan/.pico-sdk/sdk/1.5.1/src/common/pico_time/time.c.obj
                0x10000c38                timer_pool_entry_comparator
 .text.sleep_until_callback
                0x10000c6c       0x30 CMakeFiles/hw3.dir/home/milan/.pico-sdk/sdk/1.5.1/src/common/pico_time/time.c.obj
 .text.add_alarm_under_lock.isra.0
                0x10000c9c      0x100 CMakeFiles/hw3.dir/home/milan/.pico-sdk/sdk/1.5.1/src/common/pico_time/time.c.obj
 .text.alarm_pool_alarm_callback
                0x10000d9c      0x1c0 CMakeFiles/hw3.dir/home/milan/.pico-sdk/sdk/1.5.1/src/common/pico_time/time.c.obj
 .text.alarm_pool_init_default
                0x10000f5c       0x6c CMakeFiles/hw3.dir/home/milan/.pico-sdk/sdk/1.5.1/src/common/pico_time/time.c.obj
                0x10000f5c                alarm_pool_init_default
 .text.alarm_pool_get_default
                0x10000fc8        0x8 CMakeFiles/hw3.dir/home/milan/.pico-sdk/sdk/1.5.1/src/common/pico_time/time.c.obj
                0x10000fc8                alarm_pool_get_default
 .text.alarm_pool_add_alarm_at
                0x10000fd0      0x17c CMakeFiles/hw3.dir/home/milan/.pico-sdk/sdk/1.5.1/src/common/pico_time/time.c.obj
                0x10000fd0                alarm_pool_add_alarm_at
 .text.alarm_pool_core_num
                0x1000114c        0x4 CMakeFiles/hw3.dir/home/milan/.pico-sdk/sdk/1.5.1/src/common/pico_time/time.c.obj
                0x1000114c                alarm_pool_core_num
 .text.sleep_until
                0x10001150       0xc4 CMakeFiles/hw3.dir/home/milan/.pico-sdk/sdk/1.5.1/src/common/pico_time/time.c.obj
                0x10001150                sleep_until
 .text.sleep_ms
                0x10001214       0x38 CMakeFiles/hw3.dir/home/milan/.pico-sdk/sdk/1.5.1/src/common/pico_time/time.c.obj
                0x10001214                sleep_ms
 .text.best_effort_wfe_or_timeout
                0x1000124c       0xcc CMakeFiles/hw3.dir/home/milan/.pico-sdk/sdk/1.5.1/src/common/pico_time/time.c.obj
                0x1000124c                best_effort_wfe_or_timeout
 .text.hardware_alarm_irq_handler
                0x10001318       0xbc CMakeFiles/hw3.dir/home/milan/.pico-sdk/sdk/1.5.1/src/rp2_common/hardware_timer/timer.c.obj
 .text.hardware_alarm_claim
                0x100013d4       0x18 CMakeFiles/hw3.dir/home/milan/.pico-sdk/sdk/1.5.1/src/rp2_common/hardware_timer/timer.c.obj
                0x100013d4                hardware_alarm_claim
 .text.time_us_64
                0x100013ec       0x14 CMakeFiles/hw3.dir/home/milan/.pico-sdk/sdk/1.5.1/src/rp2_common/hardware_timer/timer.c.obj
                0x100013ec                time_us_64
 .text.busy_wait_us
                0x10001400       0x68 CMakeFiles/hw3.dir/home/milan/.pico-sdk/sdk/1.5.1/src/rp2_common/hardware_timer/timer.c.obj
                0x10001400                busy_wait_us
 .text.busy_wait_until
                0x10001468       0x20 CMakeFiles/hw3.dir/home/milan/.pico-sdk/sdk/1.5.1/src/rp2_common/hardware_timer/timer.c.obj
                0x10001468                busy_wait_until
 .text.hardware_alarm_set_callback
                0x10001488       0x8c CMakeFiles/hw3.dir/home/milan/.pico-sdk/sdk/1.5.1/src/rp2_common/hardware_timer/timer.c.obj
                0x10001488                hardware_alarm_set_callback
 .text.hardware_alarm_set_target
                0x10001514       0xd0 CMakeFiles/hw3.dir/home/milan/.pico-sdk/sdk/1.5.1/src/rp2_common/hardware_timer/timer.c.obj
                0x10001514                hardware_alarm_set_target
 .text.hardware_alarm_cancel
                0x100015e4       0x3c CMakeFiles/hw3.dir/home/milan/.pico-sdk/sdk/1.5.1/src/rp2_common/hardware_timer/timer.c.obj
                0x100015e4                hardware_alarm_cancel
 .text.ph_merge_nodes
                0x10001620       0x58 CMakeFiles/hw3.dir/home/milan/.pico-sdk/sdk/1.5.1/src/common/pico_util/pheap.c.obj
 .text.ph_post_alloc_init
                0x10001678       0x3c CMakeFiles/hw3.dir/home/milan/.pico-sdk/sdk/1.5.1/src/common/pico_util/pheap.c.obj
                0x10001678                ph_post_alloc_init
 .text.ph_merge_two_pass
                0x100016b4       0x8c CMakeFiles/hw3.dir/home/milan/.pico-sdk/sdk/1.5.1/src/common/pico_util/pheap.c.obj
                0x100016b4                ph_merge_two_pass
 .text.ph_remove_any_head
                0x10001740      0x100 CMakeFiles/hw3.dir/home/milan/.pico-sdk/sdk/1.5.1/src/common/pico_util/pheap.c.obj
 .text.ph_remove_head
                0x10001840      0x104 CMakeFiles/hw3.dir/home/milan/.pico-sdk/sdk/1.5.1/src/common/pico_util/pheap.c.obj
                0x10001840                ph_remove_head
 .text.ph_remove_and_free_node
                0x10001944       0x78 CMakeFiles/hw3.dir/home/milan/.pico-sdk/sdk/1.5.1/src/common/pico_util/pheap.c.obj
                0x10001944                ph_remove_and_free_node
 .text.clocks_init
                0x100019bc      0x2c8 CMakeFiles/hw3.dir/home/milan/.pico-sdk/sdk/1.5.1/src/rp2_common/hardware_clocks/clocks.c.obj
                0x100019bc                clocks_init
 .text.pll_init
                0x10001c84       0xa4 CMakeFiles/hw3.dir/home/milan/.pico-sdk/sdk/1.5.1/src/rp2_common/hardware_pll/pll.c.obj
                0x10001c84                pll_init
 .text.watchdog_start_tick
                0x10001d28       0x10 CMakeFiles/hw3.dir/home/milan/.pico-sdk/sdk/1.5.1/src/rp2_common/hardware_watchdog/watchdog.c.obj
                0x10001d28                watchdog_start_tick
 .text.watchdog_reboot
                0x10001d38       0x9c CMakeFiles/hw3.dir/home/milan/.pico-sdk/sdk/1.5.1/src/rp2_common/hardware_watchdog/watchdog.c.obj
                0x10001d38                watchdog_reboot
 .text.xosc_init
                0x10001dd4       0x28 CMakeFiles/hw3.dir/home/milan/.pico-sdk/sdk/1.5.1/src/rp2_common/hardware_xosc/xosc.c.obj
                0x10001dd4                xosc_init
 .text.runtime_init
                0x10001dfc       0xf0 CMakeFiles/hw3.dir/home/milan/.pico-sdk/sdk/1.5.1/src/rp2_common/pico_runtime/runtime.c.obj
                0x10001dfc                runtime_init
 .text._exit    0x10001eec        0x4 CMakeFiles/hw3.dir/home/milan/.pico-sdk/sdk/1.5.1/src/rp2_common/pico_runtime/runtime.c.obj
                0x10001eec                _exit
 .text._sbrk    0x10001ef0       0x34 CMakeFiles/hw3.dir/home/milan/.pico-sdk/sdk/1.5.1/src/rp2_common/pico_runtime/runtime.c.obj
                0x10001ef0                _sbrk
 .text.exit     0x10001f24        0x8 CMakeFiles/hw3.dir/home/milan/.pico-sdk/sdk/1.5.1/src/rp2_common/pico_runtime/runtime.c.obj
                0x10001f24                exit
 .text.__assert_func
                0x10001f2c       0x38 CMakeFiles/hw3.dir/home/milan/.pico-sdk/sdk/1.5.1/src/rp2_common/pico_runtime/runtime.c.obj
                0x10001f2c                __assert_func
 .text.panic    0x10001f64       0x30 CMakeFiles/hw3.dir/home/milan/.pico-sdk/sdk/1.5.1/src/rp2_common/pico_runtime/runtime.c.obj
                0x10001f64                panic
 .text.hard_assertion_failure
                0x10001f94        0xc CMakeFiles/hw3.dir/home/milan/.pico-sdk/sdk/1.5.1/src/rp2_common/pico_runtime/runtime.c.obj
                0x10001f94                hard_assertion_failure
 .text._out_buffer
                0x10001fa0        0x8 CMakeFiles/hw3.dir/home/milan/.pico-sdk/sdk/1.5.1/src/rp2_common/pico_printf/printf.c.obj
 .text._out_null
                0x10001fa8        0x4 CMakeFiles/hw3.dir/home/milan/.pico-sdk/sdk/1.5.1/src/rp2_common/pico_printf/printf.c.obj
 .text._out_rev
                0x10001fac       0xac CMakeFiles/hw3.dir/home/milan/.pico-sdk/sdk/1.5.1/src/rp2_common/pico_printf/printf.c.obj
 .text._ntoa_format
                0x10002058      0x250 CMakeFiles/hw3.dir/home/milan/.pico-sdk/sdk/1.5.1/src/rp2_common/pico_printf/printf.c.obj
 .text._out_char
                0x100022a8       0x10 CMakeFiles/hw3.dir/home/milan/.pico-sdk/sdk/1.5.1/src/rp2_common/pico_printf/printf.c.obj
 .text._out_fct
                0x100022b8       0x10 CMakeFiles/hw3.dir/home/milan/.pico-sdk/sdk/1.5.1/src/rp2_common/pico_printf/printf.c.obj
 .text._etoa    0x100022c8      0x464 CMakeFiles/hw3.dir/home/milan/.pico-sdk/sdk/1.5.1/src/rp2_common/pico_printf/printf.c.obj
 .text._ftoa    0x1000272c      0x3c0 CMakeFiles/hw3.dir/home/milan/.pico-sdk/sdk/1.5.1/src/rp2_common/pico_printf/printf.c.obj
 .text._vsnprintf
                0x10002aec      0xbc8 CMakeFiles/hw3.dir/home/milan/.pico-sdk/sdk/1.5.1/src/rp2_common/pico_printf/printf.c.obj
 .text.__wrap_sprintf
                0x100036b4       0x2c CMakeFiles/hw3.dir/home/milan/.pico-sdk/sdk/1.5.1/src/rp2_common/pico_printf/printf.c.obj
                0x100036b4                __wrap_sprintf
 .text.vfctprintf
                0x100036e0       0x20 CMakeFiles/hw3.dir/home/milan/.pico-sdk/sdk/1.5.1/src/rp2_common/pico_printf/printf.c.obj
                0x100036e0                vfctprintf
 .text.weak_raw_printf
                0x10003700       0x40 CMakeFiles/hw3.dir/home/milan/.pico-sdk/sdk/1.5.1/src/rp2_common/pico_printf/printf.c.obj
                0x10003700                weak_raw_printf
 .text.weak_raw_vprintf
                0x10003740       0x30 CMakeFiles/hw3.dir/home/milan/.pico-sdk/sdk/1.5.1/src/rp2_common/pico_printf/printf.c.obj
                0x10003740                weak_raw_vprintf
 .text          0x10003770       0x10 CMakeFiles/hw3.dir/home/milan/.pico-sdk/sdk/1.5.1/src/rp2_common/pico_bit_ops/bit_ops_aeabi.S.obj
 .text.rom_func_lookup
                0x10003780       0x10 CMakeFiles/hw3.dir/home/milan/.pico-sdk/sdk/1.5.1/src/rp2_common/pico_bootrom/bootrom.c.obj
                0x10003780                rom_func_lookup
 .text.rom_data_lookup
                0x10003790       0x10 CMakeFiles/hw3.dir/home/milan/.pico-sdk/sdk/1.5.1/src/rp2_common/pico_bootrom/bootrom.c.obj
                0x10003790                rom_data_lookup
 .text.rom_funcs_lookup
                0x100037a0       0x44 CMakeFiles/hw3.dir/home/milan/.pico-sdk/sdk/1.5.1/src/rp2_common/pico_bootrom/bootrom.c.obj
                0x100037a0                rom_funcs_lookup
 .text.__wrap___aeabi_idiv
                0x100037e4       0x50 CMakeFiles/hw3.dir/home/milan/.pico-sdk/sdk/1.5.1/src/rp2_common/pico_divider/divider.S.obj
                0x100037e4                __wrap___aeabi_idivmod
                0x100037e4                divmod_s32s32
                0x100037e4                div_s32s32
                0x100037e4                __wrap___aeabi_idiv
                0x100037ec                divmod_s32s32_unsafe
                0x10003818                divmod_s32s32_savestate
 .text.__wrap___aeabi_uidiv
                0x10003834       0x4c CMakeFiles/hw3.dir/home/milan/.pico-sdk/sdk/1.5.1/src/rp2_common/pico_divider/divider.S.obj
                0x10003834                __wrap___aeabi_uidiv
                0x10003834                __wrap___aeabi_uidivmod
                0x10003834                div_u32u32
                0x10003834                divmod_u32u32
                0x1000383c                divmod_u32u32_unsafe
                0x10003864                divmod_u32u32_savestate
 .text.__wrap___aeabi_ldiv
                0x10003880      0x424 CMakeFiles/hw3.dir/home/milan/.pico-sdk/sdk/1.5.1/src/rp2_common/pico_divider/divider.S.obj
                0x10003880                div_s64s64
                0x10003880                divmod_s64s64
                0x10003880                __wrap___aeabi_ldivmod
                0x100038b0                div_u64u64
                0x100038b0                divmod_u64u64
                0x100038b0                __wrap___aeabi_uldivmod
                0x100038c0                divmod_u64u64_savestate
                0x100038e0                divmod_s64s64_unsafe
                0x10003968                divmod_u64u64_unsafe
 .text.__wrap___aeabi_darithmetic
                0x10003ca4       0x80 CMakeFiles/hw3.dir/home/milan/.pico-sdk/sdk/1.5.1/src/rp2_common/pico_double/double_aeabi.S.obj
                0x10003ca4                __wrap___aeabi_drsub
                0x10003caa                __wrap___aeabi_dsub
                0x10003cbc                __wrap___aeabi_dadd
                0x10003cce                __wrap___aeabi_ddiv
                0x10003d0a                __wrap___aeabi_dmul
 .text.__wrap___aeabi_cdcmple
                0x10003d24       0x6c CMakeFiles/hw3.dir/home/milan/.pico-sdk/sdk/1.5.1/src/rp2_common/pico_double/double_aeabi.S.obj
                0x10003d24                __wrap___aeabi_cdrcmple
                0x10003d34                __wrap___aeabi_cdcmple
                0x10003d34                __wrap___aeabi_cdcmpeq
 .text.__wrap___aeabi_dcmpeq
                0x10003d90       0x10 CMakeFiles/hw3.dir/home/milan/.pico-sdk/sdk/1.5.1/src/rp2_common/pico_double/double_aeabi.S.obj
                0x10003d90                __wrap___aeabi_dcmpeq
 .text.__wrap___aeabi_dcmplt
                0x10003da0        0xc CMakeFiles/hw3.dir/home/milan/.pico-sdk/sdk/1.5.1/src/rp2_common/pico_double/double_aeabi.S.obj
                0x10003da0                __wrap___aeabi_dcmplt
 .text.__wrap___aeabi_dcmple
                0x10003dac       0x10 CMakeFiles/hw3.dir/home/milan/.pico-sdk/sdk/1.5.1/src/rp2_common/pico_double/double_aeabi.S.obj
                0x10003dac                __wrap___aeabi_dcmple
 .text.__wrap___aeabi_dcmpge
                0x10003dbc       0x10 CMakeFiles/hw3.dir/home/milan/.pico-sdk/sdk/1.5.1/src/rp2_common/pico_double/double_aeabi.S.obj
                0x10003dbc                __wrap___aeabi_dcmpge
 .text.__wrap___aeabi_dcmpgt
                0x10003dcc        0xa CMakeFiles/hw3.dir/home/milan/.pico-sdk/sdk/1.5.1/src/rp2_common/pico_double/double_aeabi.S.obj
                0x10003dcc                __wrap___aeabi_dcmpgt
 .text.__wrap___aeabi_dcmpun
                0x10003dd6       0x1c CMakeFiles/hw3.dir/home/milan/.pico-sdk/sdk/1.5.1/src/rp2_common/pico_double/double_aeabi.S.obj
                0x10003dd6                __wrap___aeabi_dcmpun
 *fill*         0x10003df2        0x2 
 .text.__wrap___aeabi_i2d
                0x10003df4       0x38 CMakeFiles/hw3.dir/home/milan/.pico-sdk/sdk/1.5.1/src/rp2_common/pico_double/double_aeabi.S.obj
                0x10003df4                __wrap___aeabi_ui2d
                0x10003dfc                __wrap___aeabi_i2d
 .text.__wrap___aeabi_d2iz
                0x10003e2c       0x48 CMakeFiles/hw3.dir/home/milan/.pico-sdk/sdk/1.5.1/src/rp2_common/pico_double/double_aeabi.S.obj
                0x10003e2c                __wrap___aeabi_d2iz
                0x10003e2c                double2int_z
 .text.__wrap___aeabi_d2uiz
                0x10003e74       0x18 CMakeFiles/hw3.dir/home/milan/.pico-sdk/sdk/1.5.1/src/rp2_common/pico_double/double_aeabi.S.obj
                0x10003e74                double2uint
                0x10003e74                __wrap___aeabi_d2uiz
 .text.__wrap___aeabi_l2d
                0x10003e8c       0x18 CMakeFiles/hw3.dir/home/milan/.pico-sdk/sdk/1.5.1/src/rp2_common/pico_double/double_aeabi.S.obj
                0x10003e8c                __wrap___aeabi_l2d
 .text.__wrap___aeabi_d2lz
                0x10003ea4       0x26 CMakeFiles/hw3.dir/home/milan/.pico-sdk/sdk/1.5.1/src/rp2_common/pico_double/double_aeabi.S.obj
                0x10003ea4                __wrap___aeabi_d2lz
                0x10003ea4                double2int64_z
 *fill*         0x10003eca        0x2 
 .text.double2int64
                0x10003ecc       0x18 CMakeFiles/hw3.dir/home/milan/.pico-sdk/sdk/1.5.1/src/rp2_common/pico_double/double_aeabi.S.obj
                0x10003ecc                double2int64
 .text.double2ufix64
                0x10003ee4       0x18 CMakeFiles/hw3.dir/home/milan/.pico-sdk/sdk/1.5.1/src/rp2_common/pico_double/double_aeabi.S.obj
                0x10003ee4                double2ufix64
 .text.__wrap___aeabi_d2f
                0x10003efc       0x18 CMakeFiles/hw3.dir/home/milan/.pico-sdk/sdk/1.5.1/src/rp2_common/pico_double/double_aeabi.S.obj
                0x10003efc                __wrap___aeabi_d2f
 .text.__aeabi_double_init
                0x10003f14       0x98 CMakeFiles/hw3.dir/home/milan/.pico-sdk/sdk/1.5.1/src/rp2_common/pico_double/double_init_rom.c.obj
                0x10003f14                __aeabi_double_init
 .text.double_table_shim_on_use_helper
                0x10003fac       0x2c CMakeFiles/hw3.dir/home/milan/.pico-sdk/sdk/1.5.1/src/rp2_common/pico_double/double_v1_rom_shim.S.obj
                0x10003fac                double_table_shim_on_use_helper
 .text.__wrap___aeabi_dsub
                0x10003fd8       0x10 CMakeFiles/hw3.dir/home/milan/.pico-sdk/sdk/1.5.1/src/rp2_common/pico_double/double_v1_rom_shim.S.obj
                0x10003fd8                drsub_shim
                0x10003fde                dsub_shim
 .text.dadd_shim
                0x10003fe8      0x15c CMakeFiles/hw3.dir/home/milan/.pico-sdk/sdk/1.5.1/src/rp2_common/pico_double/double_v1_rom_shim.S.obj
                0x10003fe8                dadd_shim
 .text.dmul_shim
                0x10004144      0x15c CMakeFiles/hw3.dir/home/milan/.pico-sdk/sdk/1.5.1/src/rp2_common/pico_double/double_v1_rom_shim.S.obj
                0x10004144                dmul_shim
 .text.ddiv_shim
                0x100042a0      0x1b0 CMakeFiles/hw3.dir/home/milan/.pico-sdk/sdk/1.5.1/src/rp2_common/pico_double/double_v1_rom_shim.S.obj
                0x100042a0                ddiv_shim
 .text.double2uint_shim
                0x10004450        0xe CMakeFiles/hw3.dir/home/milan/.pico-sdk/sdk/1.5.1/src/rp2_common/pico_double/double_v1_rom_shim.S.obj
                0x10004450                double2uint_shim
                0x10004452                double2ufix_shim
 .text.double2int64_shim
                0x1000445e       0x1a CMakeFiles/hw3.dir/home/milan/.pico-sdk/sdk/1.5.1/src/rp2_common/pico_double/double_v1_rom_shim.S.obj
                0x1000445e                double2int64_shim
                0x10004460                double2fix64_shim
 .text.double2uint64_shim
                0x10004478       0x70 CMakeFiles/hw3.dir/home/milan/.pico-sdk/sdk/1.5.1/src/rp2_common/pico_double/double_v1_rom_shim.S.obj
                0x10004478                double2uint64_shim
                0x1000447a                double2ufix64_shim
                0x1000449a                d2fix_a
 .text.double2float_shim
                0x100044e8       0x5c CMakeFiles/hw3.dir/home/milan/.pico-sdk/sdk/1.5.1/src/rp2_common/pico_double/double_v1_rom_shim.S.obj
                0x100044e8                double2float_shim
 .text.x2double_shims
                0x10004544       0x90 CMakeFiles/hw3.dir/home/milan/.pico-sdk/sdk/1.5.1/src/rp2_common/pico_double/double_v1_rom_shim.S.obj
                0x10004544                uint2double_shim
                0x10004546                ufix2double_shim
                0x1000454c                int2double_shim
                0x1000454e                fix2double_shim
                0x10004554                uint642double_shim
                0x10004556                ufix642double_shim
                0x1000455c                int642double_shim
                0x1000455e                fix642double_shim
 .text.dunpacks
                0x100045d4       0x3c CMakeFiles/hw3.dir/home/milan/.pico-sdk/sdk/1.5.1/src/rp2_common/pico_double/double_v1_rom_shim.S.obj
                0x100045d4                dunpacks
 .text.__aeabi_lmul
                0x10004610       0x32 CMakeFiles/hw3.dir/home/milan/.pico-sdk/sdk/1.5.1/src/rp2_common/pico_int64_ops/pico_int64_ops_aeabi.S.obj
                0x10004610                __wrap___aeabi_lmul
 *fill*         0x10004642        0x2 
 .text.__wrap___aeabi_f2d
                0x10004644       0x14 CMakeFiles/hw3.dir/home/milan/.pico-sdk/sdk/1.5.1/src/rp2_common/pico_float/float_aeabi.S.obj
                0x10004644                __wrap___aeabi_f2d
 .text.__aeabi_float_init
                0x10004658       0x64 CMakeFiles/hw3.dir/home/milan/.pico-sdk/sdk/1.5.1/src/rp2_common/pico_float/float_init_rom.c.obj
                0x10004658                __aeabi_float_init
 .text.float_table_shim_on_use_helper
                0x100046bc       0x2c CMakeFiles/hw3.dir/home/milan/.pico-sdk/sdk/1.5.1/src/rp2_common/pico_float/float_v1_rom_shim.S.obj
                0x100046bc                float_table_shim_on_use_helper
 .text.float2double_shim
                0x100046e8       0x30 CMakeFiles/hw3.dir/home/milan/.pico-sdk/sdk/1.5.1/src/rp2_common/pico_float/float_v1_rom_shim.S.obj
                0x100046e8                float2double_shim
 .text.__wrap_malloc
                0x10004718       0x24 CMakeFiles/hw3.dir/home/milan/.pico-sdk/sdk/1.5.1/src/rp2_common/pico_malloc/pico_malloc.c.obj
                0x10004718                __wrap_malloc
 .text.__wrap_realloc
                0x1000473c       0x24 CMakeFiles/hw3.dir/home/milan/.pico-sdk/sdk/1.5.1/src/rp2_common/pico_malloc/pico_malloc.c.obj
                0x1000473c                __wrap_realloc
 .text.__wrap_free
                0x10004760        0x8 CMakeFiles/hw3.dir/home/milan/.pico-sdk/sdk/1.5.1/src/rp2_common/pico_malloc/pico_malloc.c.obj
                0x10004760                __wrap_free
 .text          0x10004768       0x10 CMakeFiles/hw3.dir/home/milan/.pico-sdk/sdk/1.5.1/src/rp2_common/pico_mem_ops/mem_ops_aeabi.S.obj
                0x10004768                __aeabi_mem_init
 .text.memset   0x10004778        0xc CMakeFiles/hw3.dir/home/milan/.pico-sdk/sdk/1.5.1/src/rp2_common/pico_mem_ops/mem_ops_aeabi.S.obj
                0x10004778                __wrap_memset
 .text.memcpy   0x10004784        0xc CMakeFiles/hw3.dir/home/milan/.pico-sdk/sdk/1.5.1/src/rp2_common/pico_mem_ops/mem_ops_aeabi.S.obj
                0x10004784                __wrap___aeabi_memcpy
                0x10004784                __wrap_memcpy
 .text.stdio_out_chars_crlf
                0x10004790       0x94 CMakeFiles/hw3.dir/home/milan/.pico-sdk/sdk/1.5.1/src/rp2_common/pico_stdio/stdio.c.obj
 .text.stdio_buffered_printer
                0x10004824       0x64 CMakeFiles/hw3.dir/home/milan/.pico-sdk/sdk/1.5.1/src/rp2_common/pico_stdio/stdio.c.obj
 .text.__wrap_putchar
                0x10004888       0x98 CMakeFiles/hw3.dir/home/milan/.pico-sdk/sdk/1.5.1/src/rp2_common/pico_stdio/stdio.c.obj
                0x10004888                __wrap_putchar
 .text.__wrap_puts
                0x10004920       0xe0 CMakeFiles/hw3.dir/home/milan/.pico-sdk/sdk/1.5.1/src/rp2_common/pico_stdio/stdio.c.obj
                0x10004920                __wrap_puts
 .text._read    0x10004a00       0x94 CMakeFiles/hw3.dir/home/milan/.pico-sdk/sdk/1.5.1/src/rp2_common/pico_stdio/stdio.c.obj
                0x10004a00                _read
 .text._write   0x10004a94       0xb4 CMakeFiles/hw3.dir/home/milan/.pico-sdk/sdk/1.5.1/src/rp2_common/pico_stdio/stdio.c.obj
                0x10004a94                _write
 .text._close   0x10004b48        0x8 CMakeFiles/hw3.dir/home/milan/.pico-sdk/sdk/1.5.1/src/rp2_common/pico_stdio/stdio.c.obj
                0x10004b48                _close
 .text._lseek   0x10004b50        0x8 CMakeFiles/hw3.dir/home/milan/.pico-sdk/sdk/1.5.1/src/rp2_common/pico_stdio/stdio.c.obj
                0x10004b50                _lseek
 .text._fstat   0x10004b58        0x8 CMakeFiles/hw3.dir/home/milan/.pico-sdk/sdk/1.5.1/src/rp2_common/pico_stdio/stdio.c.obj
                0x10004b58                _fstat
 .text._isatty  0x10004b60        0xc CMakeFiles/hw3.dir/home/milan/.pico-sdk/sdk/1.5.1/src/rp2_common/pico_stdio/stdio.c.obj
                0x10004b60                _isatty
 .text.stdio_set_driver_enabled
                0x10004b6c       0x30 CMakeFiles/hw3.dir/home/milan/.pico-sdk/sdk/1.5.1/src/rp2_common/pico_stdio/stdio.c.obj
                0x10004b6c                stdio_set_driver_enabled
 .text.__wrap_vprintf
                0x10004b9c       0xd4 CMakeFiles/hw3.dir/home/milan/.pico-sdk/sdk/1.5.1/src/rp2_common/pico_stdio/stdio.c.obj
                0x10004b9c                __wrap_vprintf
 .text.__wrap_printf
                0x10004c70       0x18 CMakeFiles/hw3.dir/home/milan/.pico-sdk/sdk/1.5.1/src/rp2_common/pico_stdio/stdio.c.obj
                0x10004c70                __wrap_printf
 .text.stdio_init_all
                0x10004c88        0x8 CMakeFiles/hw3.dir/home/milan/.pico-sdk/sdk/1.5.1/src/rp2_common/pico_stdio/stdio.c.obj
                0x10004c88                stdio_init_all
 .text.resetd_init
                0x10004c90        0x4 CMakeFiles/hw3.dir/home/milan/.pico-sdk/sdk/1.5.1/src/rp2_common/pico_stdio_usb/reset_interface.c.obj
 .text.resetd_reset
                0x10004c94        0xc CMakeFiles/hw3.dir/home/milan/.pico-sdk/sdk/1.5.1/src/rp2_common/pico_stdio_usb/reset_interface.c.obj
 .text.resetd_open
                0x10004ca0       0x28 CMakeFiles/hw3.dir/home/milan/.pico-sdk/sdk/1.5.1/src/rp2_common/pico_stdio_usb/reset_interface.c.obj
 .text.resetd_xfer_cb
                0x10004cc8        0x4 CMakeFiles/hw3.dir/home/milan/.pico-sdk/sdk/1.5.1/src/rp2_common/pico_stdio_usb/reset_interface.c.obj
 .text.resetd_control_xfer_cb
                0x10004ccc       0x60 CMakeFiles/hw3.dir/home/milan/.pico-sdk/sdk/1.5.1/src/rp2_common/pico_stdio_usb/reset_interface.c.obj
 .text.usbd_app_driver_get_cb
                0x10004d2c        0xc CMakeFiles/hw3.dir/home/milan/.pico-sdk/sdk/1.5.1/src/rp2_common/pico_stdio_usb/reset_interface.c.obj
                0x10004d2c                usbd_app_driver_get_cb
 .text.tud_cdc_line_coding_cb
                0x10004d38       0x34 CMakeFiles/hw3.dir/home/milan/.pico-sdk/sdk/1.5.1/src/rp2_common/pico_stdio_usb/reset_interface.c.obj
                0x10004d38                tud_cdc_line_coding_cb
 .text.stdio_usb_set_chars_available_callback
                0x10004d6c       0x14 CMakeFiles/hw3.dir/home/milan/.pico-sdk/sdk/1.5.1/src/rp2_common/pico_stdio_usb/stdio_usb.c.obj
                0x10004d6c                stdio_usb_set_chars_available_callback
 .text.usb_irq  0x10004d80       0x10 CMakeFiles/hw3.dir/home/milan/.pico-sdk/sdk/1.5.1/src/rp2_common/pico_stdio_usb/stdio_usb.c.obj
 .text.timer_task
                0x10004d90       0x54 CMakeFiles/hw3.dir/home/milan/.pico-sdk/sdk/1.5.1/src/rp2_common/pico_stdio_usb/stdio_usb.c.obj
 .text.stdio_usb_in_chars
                0x10004de4       0x90 CMakeFiles/hw3.dir/home/milan/.pico-sdk/sdk/1.5.1/src/rp2_common/pico_stdio_usb/stdio_usb.c.obj
                0x10004de4                stdio_usb_in_chars
 .text.stdio_usb_out_chars
                0x10004e74      0x104 CMakeFiles/hw3.dir/home/milan/.pico-sdk/sdk/1.5.1/src/rp2_common/pico_stdio_usb/stdio_usb.c.obj
 .text.low_priority_worker_irq
                0x10004f78       0xa8 CMakeFiles/hw3.dir/home/milan/.pico-sdk/sdk/1.5.1/src/rp2_common/pico_stdio_usb/stdio_usb.c.obj
 .text.tud_cdc_rx_cb
                0x10005020       0x20 CMakeFiles/hw3.dir/home/milan/.pico-sdk/sdk/1.5.1/src/rp2_common/pico_stdio_usb/stdio_usb.c.obj
                0x10005020                tud_cdc_rx_cb
 .text.stdio_usb_init
                0x10005040       0xe0 CMakeFiles/hw3.dir/home/milan/.pico-sdk/sdk/1.5.1/src/rp2_common/pico_stdio_usb/stdio_usb.c.obj
                0x10005040                stdio_usb_init
 .text.stdio_usb_connected
                0x10005120        0xc CMakeFiles/hw3.dir/home/milan/.pico-sdk/sdk/1.5.1/src/rp2_common/pico_stdio_usb/stdio_usb.c.obj
                0x10005120                stdio_usb_connected
 .text.tud_descriptor_device_cb
                0x1000512c        0x8 CMakeFiles/hw3.dir/home/milan/.pico-sdk/sdk/1.5.1/src/rp2_common/pico_stdio_usb/stdio_usb_descriptors.c.obj
                0x1000512c                tud_descriptor_device_cb
 .text.tud_descriptor_configuration_cb
                0x10005134        0x8 CMakeFiles/hw3.dir/home/milan/.pico-sdk/sdk/1.5.1/src/rp2_common/pico_stdio_usb/stdio_usb_descriptors.c.obj
                0x10005134                tud_descriptor_configuration_cb
 .text.tud_descriptor_string_cb
                0x1000513c       0x78 CMakeFiles/hw3.dir/home/milan/.pico-sdk/sdk/1.5.1/src/rp2_common/pico_stdio_usb/stdio_usb_descriptors.c.obj
                0x1000513c                tud_descriptor_string_cb
 .text.startup._retrieve_unique_id_on_boot
                0x100051b4       0x10 CMakeFiles/hw3.dir/home/milan/.pico-sdk/sdk/1.5.1/src/rp2_common/pico_unique_id/unique_id.c.obj
 .text.pico_get_unique_board_id_string
                0x100051c4      0x1a8 CMakeFiles/hw3.dir/home/milan/.pico-sdk/sdk/1.5.1/src/rp2_common/pico_unique_id/unique_id.c.obj
                0x100051c4                pico_get_unique_board_id_string
 .text.flash_get_unique_id
                0x1000536c       0x3c CMakeFiles/hw3.dir/home/milan/.pico-sdk/sdk/1.5.1/src/rp2_common/hardware_flash/flash.c.obj
                0x1000536c                flash_get_unique_id
 .text.dcd_int_enable
                0x100053a8        0xc CMakeFiles/hw3.dir/home/milan/.pico-sdk/sdk/1.5.1/lib/tinyusb/src/portable/raspberrypi/rp2040/dcd_rp2040.c.obj
                0x100053a8                dcd_int_enable
 .text.dcd_set_address
                0x100053b4       0x14 CMakeFiles/hw3.dir/home/milan/.pico-sdk/sdk/1.5.1/lib/tinyusb/src/portable/raspberrypi/rp2040/dcd_rp2040.c.obj
                0x100053b4                dcd_set_address
 .text.dcd_connect
                0x100053c8       0x10 CMakeFiles/hw3.dir/home/milan/.pico-sdk/sdk/1.5.1/lib/tinyusb/src/portable/raspberrypi/rp2040/dcd_rp2040.c.obj
                0x100053c8                dcd_connect
 .text.dcd_init
                0x100053d8       0x98 CMakeFiles/hw3.dir/home/milan/.pico-sdk/sdk/1.5.1/lib/tinyusb/src/portable/raspberrypi/rp2040/dcd_rp2040.c.obj
                0x100053d8                dcd_init
 .text.dcd_edpt0_status_complete
                0x10005470       0x1c CMakeFiles/hw3.dir/home/milan/.pico-sdk/sdk/1.5.1/lib/tinyusb/src/portable/raspberrypi/rp2040/dcd_rp2040.c.obj
                0x10005470                dcd_edpt0_status_complete
 .text.dcd_edpt_open
                0x1000548c      0x108 CMakeFiles/hw3.dir/home/milan/.pico-sdk/sdk/1.5.1/lib/tinyusb/src/portable/raspberrypi/rp2040/dcd_rp2040.c.obj
                0x1000548c                dcd_edpt_open
 .text.dcd_edpt_close_all
                0x10005594        0x8 CMakeFiles/hw3.dir/home/milan/.pico-sdk/sdk/1.5.1/lib/tinyusb/src/portable/raspberrypi/rp2040/dcd_rp2040.c.obj
                0x10005594                dcd_edpt_close_all
 .text.dcd_edpt_xfer
                0x1000559c       0x24 CMakeFiles/hw3.dir/home/milan/.pico-sdk/sdk/1.5.1/lib/tinyusb/src/portable/raspberrypi/rp2040/dcd_rp2040.c.obj
                0x1000559c                dcd_edpt_xfer
 .text.dcd_edpt_stall
                0x100055c0       0x34 CMakeFiles/hw3.dir/home/milan/.pico-sdk/sdk/1.5.1/lib/tinyusb/src/portable/raspberrypi/rp2040/dcd_rp2040.c.obj
                0x100055c0                dcd_edpt_stall
 .text.dcd_edpt_clear_stall
                0x100055f4       0x30 CMakeFiles/hw3.dir/home/milan/.pico-sdk/sdk/1.5.1/lib/tinyusb/src/portable/raspberrypi/rp2040/dcd_rp2040.c.obj
                0x100055f4                dcd_edpt_clear_stall
 .text.rp2040_usb_init
                0x10005624       0x4c CMakeFiles/hw3.dir/home/milan/.pico-sdk/sdk/1.5.1/lib/tinyusb/src/portable/raspberrypi/rp2040/rp2040_usb.c.obj
                0x10005624                rp2040_usb_init
 .text.hw_endpoint_xfer_start
                0x10005670       0x40 CMakeFiles/hw3.dir/home/milan/.pico-sdk/sdk/1.5.1/lib/tinyusb/src/portable/raspberrypi/rp2040/rp2040_usb.c.obj
                0x10005670                hw_endpoint_xfer_start
 .text.tud_mounted
                0x100056b0       0x10 CMakeFiles/hw3.dir/home/milan/.pico-sdk/sdk/1.5.1/lib/tinyusb/src/device/usbd.c.obj
                0x100056b0                tud_mounted
 .text.tud_suspended
                0x100056c0       0x10 CMakeFiles/hw3.dir/home/milan/.pico-sdk/sdk/1.5.1/lib/tinyusb/src/device/usbd.c.obj
                0x100056c0                tud_suspended
 .text.tud_inited
                0x100056d0       0x14 CMakeFiles/hw3.dir/home/milan/.pico-sdk/sdk/1.5.1/lib/tinyusb/src/device/usbd.c.obj
                0x100056d0                tud_inited
 .text.tud_init
                0x100056e4       0xdc CMakeFiles/hw3.dir/home/milan/.pico-sdk/sdk/1.5.1/lib/tinyusb/src/device/usbd.c.obj
                0x100056e4                tud_init
 .text.tud_task_ext
                0x100057c0      0x850 CMakeFiles/hw3.dir/home/milan/.pico-sdk/sdk/1.5.1/lib/tinyusb/src/device/usbd.c.obj
                0x100057c0                tud_task_ext
 .text.usbd_open_edpt_pair
                0x10006010       0x9c CMakeFiles/hw3.dir/home/milan/.pico-sdk/sdk/1.5.1/lib/tinyusb/src/device/usbd.c.obj
                0x10006010                usbd_open_edpt_pair
 .text.usbd_defer_func
                0x100060ac       0x48 CMakeFiles/hw3.dir/home/milan/.pico-sdk/sdk/1.5.1/lib/tinyusb/src/device/usbd.c.obj
                0x100060ac                usbd_defer_func
 .text.usbd_edpt_open
                0x100060f4       0x34 CMakeFiles/hw3.dir/home/milan/.pico-sdk/sdk/1.5.1/lib/tinyusb/src/device/usbd.c.obj
                0x100060f4                usbd_edpt_open
 .text.usbd_edpt_claim
                0x10006128       0x28 CMakeFiles/hw3.dir/home/milan/.pico-sdk/sdk/1.5.1/lib/tinyusb/src/device/usbd.c.obj
                0x10006128                usbd_edpt_claim
 .text.usbd_edpt_release
                0x10006150       0x28 CMakeFiles/hw3.dir/home/milan/.pico-sdk/sdk/1.5.1/lib/tinyusb/src/device/usbd.c.obj
                0x10006150                usbd_edpt_release
 .text.usbd_edpt_xfer
                0x10006178       0x4c CMakeFiles/hw3.dir/home/milan/.pico-sdk/sdk/1.5.1/lib/tinyusb/src/device/usbd.c.obj
                0x10006178                usbd_edpt_xfer
 .text.tud_control_status
                0x100061c4       0x2c CMakeFiles/hw3.dir/home/milan/.pico-sdk/sdk/1.5.1/lib/tinyusb/src/device/usbd_control.c.obj
                0x100061c4                tud_control_status
 .text.tud_control_xfer
                0x100061f0       0xac CMakeFiles/hw3.dir/home/milan/.pico-sdk/sdk/1.5.1/lib/tinyusb/src/device/usbd_control.c.obj
                0x100061f0                tud_control_xfer
 .text.usbd_control_reset
                0x1000629c       0x14 CMakeFiles/hw3.dir/home/milan/.pico-sdk/sdk/1.5.1/lib/tinyusb/src/device/usbd_control.c.obj
                0x1000629c                usbd_control_reset
 .text.usbd_control_set_complete_callback
                0x100062b0        0xc CMakeFiles/hw3.dir/home/milan/.pico-sdk/sdk/1.5.1/lib/tinyusb/src/device/usbd_control.c.obj
                0x100062b0                usbd_control_set_complete_callback
 .text.usbd_control_set_request
                0x100062bc       0x1c CMakeFiles/hw3.dir/home/milan/.pico-sdk/sdk/1.5.1/lib/tinyusb/src/device/usbd_control.c.obj
                0x100062bc                usbd_control_set_request
 .text.usbd_control_xfer_cb
                0x100062d8       0xf4 CMakeFiles/hw3.dir/home/milan/.pico-sdk/sdk/1.5.1/lib/tinyusb/src/device/usbd_control.c.obj
                0x100062d8                usbd_control_xfer_cb
 .text.tud_cdc_n_connected
                0x100063cc       0x30 CMakeFiles/hw3.dir/home/milan/.pico-sdk/sdk/1.5.1/lib/tinyusb/src/class/cdc/cdc_device.c.obj
                0x100063cc                tud_cdc_n_connected
 .text.tud_cdc_n_available
                0x100063fc       0x18 CMakeFiles/hw3.dir/home/milan/.pico-sdk/sdk/1.5.1/lib/tinyusb/src/class/cdc/cdc_device.c.obj
                0x100063fc                tud_cdc_n_available
 .text.tud_cdc_n_read
                0x10006414       0x70 CMakeFiles/hw3.dir/home/milan/.pico-sdk/sdk/1.5.1/lib/tinyusb/src/class/cdc/cdc_device.c.obj
                0x10006414                tud_cdc_n_read
 .text.tud_cdc_n_write_flush
                0x10006484       0x78 CMakeFiles/hw3.dir/home/milan/.pico-sdk/sdk/1.5.1/lib/tinyusb/src/class/cdc/cdc_device.c.obj
                0x10006484                tud_cdc_n_write_flush
 .text.tud_cdc_n_write
                0x100064fc       0x34 CMakeFiles/hw3.dir/home/milan/.pico-sdk/sdk/1.5.1/lib/tinyusb/src/class/cdc/cdc_device.c.obj
                0x100064fc                tud_cdc_n_write
 .text.tud_cdc_n_write_available
                0x10006530       0x18 CMakeFiles/hw3.dir/home/milan/.pico-sdk/sdk/1.5.1/lib/tinyusb/src/class/cdc/cdc_device.c.obj
                0x10006530                tud_cdc_n_write_available
 .text.cdcd_init
                0x10006548       0x7c CMakeFiles/hw3.dir/home/milan/.pico-sdk/sdk/1.5.1/lib/tinyusb/src/class/cdc/cdc_device.c.obj
                0x10006548                cdcd_init
 .text.cdcd_reset
                0x100065c4       0x2c CMakeFiles/hw3.dir/home/milan/.pico-sdk/sdk/1.5.1/lib/tinyusb/src/class/cdc/cdc_device.c.obj
                0x100065c4                cdcd_reset
 .text.cdcd_open
                0x100065f0       0xe4 CMakeFiles/hw3.dir/home/milan/.pico-sdk/sdk/1.5.1/lib/tinyusb/src/class/cdc/cdc_device.c.obj
                0x100065f0                cdcd_open
 .text.cdcd_control_xfer_cb
                0x100066d4       0xe4 CMakeFiles/hw3.dir/home/milan/.pico-sdk/sdk/1.5.1/lib/tinyusb/src/class/cdc/cdc_device.c.obj
                0x100066d4                cdcd_control_xfer_cb
 .text.cdcd_xfer_cb
                0x100067b8      0x13c CMakeFiles/hw3.dir/home/milan/.pico-sdk/sdk/1.5.1/lib/tinyusb/src/class/cdc/cdc_device.c.obj
                0x100067b8                cdcd_xfer_cb
 .text.tusb_init
                0x100068f4        0xc CMakeFiles/hw3.dir/home/milan/.pico-sdk/sdk/1.5.1/lib/tinyusb/src/tusb.c.obj
                0x100068f4                tusb_init
 .text.tusb_inited
                0x10006900        0x8 CMakeFiles/hw3.dir/home/milan/.pico-sdk/sdk/1.5.1/lib/tinyusb/src/tusb.c.obj
                0x10006900                tusb_inited
 .text.tu_edpt_claim
                0x10006908       0x50 CMakeFiles/hw3.dir/home/milan/.pico-sdk/sdk/1.5.1/lib/tinyusb/src/tusb.c.obj
                0x10006908                tu_edpt_claim
 .text.tu_edpt_release
                0x10006958       0x38 CMakeFiles/hw3.dir/home/milan/.pico-sdk/sdk/1.5.1/lib/tinyusb/src/tusb.c.obj
                0x10006958                tu_edpt_release
 .text.tu_edpt_validate
                0x10006990       0x7c CMakeFiles/hw3.dir/home/milan/.pico-sdk/sdk/1.5.1/lib/tinyusb/src/tusb.c.obj
                0x10006990                tu_edpt_validate
 .text.tu_edpt_bind_driver
                0x10006a0c       0x34 CMakeFiles/hw3.dir/home/milan/.pico-sdk/sdk/1.5.1/lib/tinyusb/src/tusb.c.obj
                0x10006a0c                tu_edpt_bind_driver
 .text.tu_fifo_config
                0x10006a40       0x6c CMakeFiles/hw3.dir/home/milan/.pico-sdk/sdk/1.5.1/lib/tinyusb/src/common/tusb_fifo.c.obj
                0x10006a40                tu_fifo_config
 .text.tu_fifo_count
                0x10006aac       0x2c CMakeFiles/hw3.dir/home/milan/.pico-sdk/sdk/1.5.1/lib/tinyusb/src/common/tusb_fifo.c.obj
                0x10006aac                tu_fifo_count
 .text.tu_fifo_empty
                0x10006ad8       0x10 CMakeFiles/hw3.dir/home/milan/.pico-sdk/sdk/1.5.1/lib/tinyusb/src/common/tusb_fifo.c.obj
                0x10006ad8                tu_fifo_empty
 .text.tu_fifo_remaining
                0x10006ae8       0x2c CMakeFiles/hw3.dir/home/milan/.pico-sdk/sdk/1.5.1/lib/tinyusb/src/common/tusb_fifo.c.obj
                0x10006ae8                tu_fifo_remaining
 .text.tu_fifo_read
                0x10006b14       0x9c CMakeFiles/hw3.dir/home/milan/.pico-sdk/sdk/1.5.1/lib/tinyusb/src/common/tusb_fifo.c.obj
                0x10006b14                tu_fifo_read
 .text.tu_fifo_read_n
                0x10006bb0       0xe8 CMakeFiles/hw3.dir/home/milan/.pico-sdk/sdk/1.5.1/lib/tinyusb/src/common/tusb_fifo.c.obj
                0x10006bb0                tu_fifo_read_n
 .text.tu_fifo_write
                0x10006c98       0xa8 CMakeFiles/hw3.dir/home/milan/.pico-sdk/sdk/1.5.1/lib/tinyusb/src/common/tusb_fifo.c.obj
                0x10006c98                tu_fifo_write
 .text.tu_fifo_write_n
                0x10006d40      0x178 CMakeFiles/hw3.dir/home/milan/.pico-sdk/sdk/1.5.1/lib/tinyusb/src/common/tusb_fifo.c.obj
                0x10006d40                tu_fifo_write_n
 .text.tu_fifo_clear
                0x10006eb8       0x40 CMakeFiles/hw3.dir/home/milan/.pico-sdk/sdk/1.5.1/lib/tinyusb/src/common/tusb_fifo.c.obj
                0x10006eb8                tu_fifo_clear
 .text.tu_fifo_set_overwritable
                0x10006ef8       0x48 CMakeFiles/hw3.dir/home/milan/.pico-sdk/sdk/1.5.1/lib/tinyusb/src/common/tusb_fifo.c.obj
                0x10006ef8                tu_fifo_set_overwritable
 .text.adc_init
                0x10006f40       0x38 CMakeFiles/hw3.dir/home/milan/.pico-sdk/sdk/1.5.1/src/rp2_common/hardware_adc/adc.c.obj
                0x10006f40                adc_init
 .text.malloc   0x10006f78       0x14 /home/milan/.pico-sdk/toolchain/13_2_Rel1/bin/../lib/gcc/arm-none-eabi/13.2.1/../../../../arm-none-eabi/lib/thumb/v6-m/nofp/libc.a(libc_a-malloc.o)
                0x10006f78                malloc
 .text.free     0x10006f8c       0x14 /home/milan/.pico-sdk/toolchain/13_2_Rel1/bin/../lib/gcc/arm-none-eabi/13.2.1/../../../../arm-none-eabi/lib/thumb/v6-m/nofp/libc.a(libc_a-malloc.o)
                0x10006f8c                free
 .text._malloc_r
                0x10006fa0      0x5c4 /home/milan/.pico-sdk/toolchain/13_2_Rel1/bin/../lib/gcc/arm-none-eabi/13.2.1/../../../../arm-none-eabi/lib/thumb/v6-m/nofp/libc.a(libc_a-mallocr.o)
                0x10006fa0                _malloc_r
 .text.sysconf  0x10007564       0x1c /home/milan/.pico-sdk/toolchain/13_2_Rel1/bin/../lib/gcc/arm-none-eabi/13.2.1/../../../../arm-none-eabi/lib/thumb/v6-m/nofp/libc.a(libc_a-sysconf.o)
                0x10007564                sysconf
 .text.__malloc_lock
                0x10007580       0x10 /home/milan/.pico-sdk/toolchain/13_2_Rel1/bin/../lib/gcc/arm-none-eabi/13.2.1/../../../../arm-none-eabi/lib/thumb/v6-m/nofp/libc.a(libc_a-mlock.o)
                0x10007580                __malloc_lock
 .text.__malloc_unlock
                0x10007590       0x10 /home/milan/.pico-sdk/toolchain/13_2_Rel1/bin/../lib/gcc/arm-none-eabi/13.2.1/../../../../arm-none-eabi/lib/thumb/v6-m/nofp/libc.a(libc_a-mlock.o)
                0x10007590                __malloc_unlock
 .text.atoi     0x100075a0        0xc /home/milan/.pico-sdk/toolchain/13_2_Rel1/bin/../lib/gcc/arm-none-eabi/13.2.1/../../../../arm-none-eabi/lib/thumb/v6-m/nofp/libc.a(libc_a-atoi.o)
                0x100075a0                atoi
 .text._calloc_r
                0x100075ac       0xa8 /home/milan/.pico-sdk/toolchain/13_2_Rel1/bin/../lib/gcc/arm-none-eabi/13.2.1/../../../../arm-none-eabi/lib/thumb/v6-m/nofp/libc.a(libc_a-callocr.o)
                0x100075ac                _calloc_r
 .text.realloc  0x10007654       0x18 /home/milan/.pico-sdk/toolchain/13_2_Rel1/bin/../lib/gcc/arm-none-eabi/13.2.1/../../../../arm-none-eabi/lib/thumb/v6-m/nofp/libc.a(libc_a-realloc.o)
                0x10007654                realloc
 .text.stdio_exit_handler
                0x1000766c       0x1c /home/milan/.pico-sdk/toolchain/13_2_Rel1/bin/../lib/gcc/arm-none-eabi/13.2.1/../../../../arm-none-eabi/lib/thumb/v6-m/nofp/libc.a(libc_a-findfp.o)
 .text.cleanup_stdio
                0x10007688       0x3c /home/milan/.pico-sdk/toolchain/13_2_Rel1/bin/../lib/gcc/arm-none-eabi/13.2.1/../../../../arm-none-eabi/lib/thumb/v6-m/nofp/libc.a(libc_a-findfp.o)
 .text.global_stdio_init.part.0
                0x100076c4      0x118 /home/milan/.pico-sdk/toolchain/13_2_Rel1/bin/../lib/gcc/arm-none-eabi/13.2.1/../../../../arm-none-eabi/lib/thumb/v6-m/nofp/libc.a(libc_a-findfp.o)
 .text.__sinit  0x100077dc       0x38 /home/milan/.pico-sdk/toolchain/13_2_Rel1/bin/../lib/gcc/arm-none-eabi/13.2.1/../../../../arm-none-eabi/lib/thumb/v6-m/nofp/libc.a(libc_a-findfp.o)
                0x100077dc                __sinit
 .text.__sfp_lock_acquire
                0x10007814       0x10 /home/milan/.pico-sdk/toolchain/13_2_Rel1/bin/../lib/gcc/arm-none-eabi/13.2.1/../../../../arm-none-eabi/lib/thumb/v6-m/nofp/libc.a(libc_a-findfp.o)
                0x10007814                __sfp_lock_acquire
 .text.__sfp_lock_release
                0x10007824       0x10 /home/milan/.pico-sdk/toolchain/13_2_Rel1/bin/../lib/gcc/arm-none-eabi/13.2.1/../../../../arm-none-eabi/lib/thumb/v6-m/nofp/libc.a(libc_a-findfp.o)
                0x10007824                __sfp_lock_release
 .text.scanf    0x10007834       0x24 /home/milan/.pico-sdk/toolchain/13_2_Rel1/bin/../lib/gcc/arm-none-eabi/13.2.1/../../../../arm-none-eabi/lib/thumb/v6-m/nofp/libc.a(libc_a-scanf.o)
                0x10007834                scanf
 .text.strlen   0x10007858       0x5c /home/milan/.pico-sdk/toolchain/13_2_Rel1/bin/../lib/gcc/arm-none-eabi/13.2.1/../../../../arm-none-eabi/lib/thumb/v6-m/nofp/libc.a(libc_a-strlen-stub.o)
                0x10007858                strlen
 .text._realloc_r
                0x100078b4      0x350 /home/milan/.pico-sdk/toolchain/13_2_Rel1/bin/../lib/gcc/arm-none-eabi/13.2.1/../../../../arm-none-eabi/lib/thumb/v6-m/nofp/libc.a(libc_a-reallocr.o)
                0x100078b4                _realloc_r
 .text._malloc_trim_r
                0x10007c04       0xb4 /home/milan/.pico-sdk/toolchain/13_2_Rel1/bin/../lib/gcc/arm-none-eabi/13.2.1/../../../../arm-none-eabi/lib/thumb/v6-m/nofp/libc.a(libc_a-freer.o)
                0x10007c04                _malloc_trim_r
 .text._free_r  0x10007cb8      0x1d4 /home/milan/.pico-sdk/toolchain/13_2_Rel1/bin/../lib/gcc/arm-none-eabi/13.2.1/../../../../arm-none-eabi/lib/thumb/v6-m/nofp/libc.a(libc_a-freer.o)
                0x10007cb8                _free_r
 .text._strtol_l.isra.0
                0x10007e8c      0x158 /home/milan/.pico-sdk/toolchain/13_2_Rel1/bin/../lib/gcc/arm-none-eabi/13.2.1/../../../../arm-none-eabi/lib/thumb/v6-m/nofp/libc.a(libc_a-strtol.o)
 .text._strtol_r
                0x10007fe4        0x8 /home/milan/.pico-sdk/toolchain/13_2_Rel1/bin/../lib/gcc/arm-none-eabi/13.2.1/../../../../arm-none-eabi/lib/thumb/v6-m/nofp/libc.a(libc_a-strtol.o)
                0x10007fe4                _strtol_r
 .text.strtol   0x10007fec       0x18 /home/milan/.pico-sdk/toolchain/13_2_Rel1/bin/../lib/gcc/arm-none-eabi/13.2.1/../../../../arm-none-eabi/lib/thumb/v6-m/nofp/libc.a(libc_a-strtol.o)
                0x10007fec                strtol
 .text.__sread  0x10008004       0x28 /home/milan/.pico-sdk/toolchain/13_2_Rel1/bin/../lib/gcc/arm-none-eabi/13.2.1/../../../../arm-none-eabi/lib/thumb/v6-m/nofp/libc.a(libc_a-stdio.o)
                0x10008004                __sread
 .text.__swrite
                0x1000802c       0x40 /home/milan/.pico-sdk/toolchain/13_2_Rel1/bin/../lib/gcc/arm-none-eabi/13.2.1/../../../../arm-none-eabi/lib/thumb/v6-m/nofp/libc.a(libc_a-stdio.o)
                0x1000802c                __swrite
 .text.__sseek  0x1000806c       0x30 /home/milan/.pico-sdk/toolchain/13_2_Rel1/bin/../lib/gcc/arm-none-eabi/13.2.1/../../../../arm-none-eabi/lib/thumb/v6-m/nofp/libc.a(libc_a-stdio.o)
                0x1000806c                __sseek
 .text.__sclose
                0x1000809c        0xc /home/milan/.pico-sdk/toolchain/13_2_Rel1/bin/../lib/gcc/arm-none-eabi/13.2.1/../../../../arm-none-eabi/lib/thumb/v6-m/nofp/libc.a(libc_a-stdio.o)
                0x1000809c                __sclose
 .text._sbrk_r  0x100080a8       0x24 /home/milan/.pico-sdk/toolchain/13_2_Rel1/bin/../lib/gcc/arm-none-eabi/13.2.1/../../../../arm-none-eabi/lib/thumb/v6-m/nofp/libc.a(libc_a-sbrkr.o)
                0x100080a8                _sbrk_r
 .text._fwalk_sglue
                0x100080cc       0x44 /home/milan/.pico-sdk/toolchain/13_2_Rel1/bin/../lib/gcc/arm-none-eabi/13.2.1/../../../../arm-none-eabi/lib/thumb/v6-m/nofp/libc.a(libc_a-fwalk.o)
                0x100080cc                _fwalk_sglue
 .text._write_r
                0x10008110       0x28 /home/milan/.pico-sdk/toolchain/13_2_Rel1/bin/../lib/gcc/arm-none-eabi/13.2.1/../../../../arm-none-eabi/lib/thumb/v6-m/nofp/libc.a(libc_a-writer.o)
                0x10008110                _write_r
 .text.__errno  0x10008138        0xc /home/milan/.pico-sdk/toolchain/13_2_Rel1/bin/../lib/gcc/arm-none-eabi/13.2.1/../../../../arm-none-eabi/lib/thumb/v6-m/nofp/libc.a(libc_a-errno.o)
                0x10008138                __errno
 .text.memmove  0x10008144       0xb0 /home/milan/.pico-sdk/toolchain/13_2_Rel1/bin/../lib/gcc/arm-none-eabi/13.2.1/../../../../arm-none-eabi/lib/thumb/v6-m/nofp/libc.a(libc_a-memmove.o)
                0x10008144                memmove
 .text.__retarget_lock_init_recursive
                0x100081f4        0x4 /home/milan/.pico-sdk/toolchain/13_2_Rel1/bin/../lib/gcc/arm-none-eabi/13.2.1/../../../../arm-none-eabi/lib/thumb/v6-m/nofp/libc.a(libc_a-lock.o)
                0x100081f4                __retarget_lock_init_recursive
 .text.__retarget_lock_close_recursive
                0x100081f8        0x4 /home/milan/.pico-sdk/toolchain/13_2_Rel1/bin/../lib/gcc/arm-none-eabi/13.2.1/../../../../arm-none-eabi/lib/thumb/v6-m/nofp/libc.a(libc_a-lock.o)
                0x100081f8                __retarget_lock_close_recursive
 .text.__retarget_lock_acquire_recursive
                0x100081fc        0x4 /home/milan/.pico-sdk/toolchain/13_2_Rel1/bin/../lib/gcc/arm-none-eabi/13.2.1/../../../../arm-none-eabi/lib/thumb/v6-m/nofp/libc.a(libc_a-lock.o)
                0x100081fc                __retarget_lock_acquire_recursive
 .text.__retarget_lock_release_recursive
                0x10008200        0x4 /home/milan/.pico-sdk/toolchain/13_2_Rel1/bin/../lib/gcc/arm-none-eabi/13.2.1/../../../../arm-none-eabi/lib/thumb/v6-m/nofp/libc.a(libc_a-lock.o)
                0x10008200                __retarget_lock_release_recursive
 .text.__svfscanf_r
                0x10008204     0x1884 /home/milan/.pico-sdk/toolchain/13_2_Rel1/bin/../lib/gcc/arm-none-eabi/13.2.1/../../../../arm-none-eabi/lib/thumb/v6-m/nofp/libc.a(libc_a-vfscanf.o)
                0x10008204                __svfscanf_r
 .text._vfscanf_r
                0x10009a88       0x28 /home/milan/.pico-sdk/toolchain/13_2_Rel1/bin/../lib/gcc/arm-none-eabi/13.2.1/../../../../arm-none-eabi/lib/thumb/v6-m/nofp/libc.a(libc_a-vfscanf.o)
                0x10009a88                _vfscanf_r
 .text._localeconv_r
                0x10009ab0        0x8 /home/milan/.pico-sdk/toolchain/13_2_Rel1/bin/../lib/gcc/arm-none-eabi/13.2.1/../../../../arm-none-eabi/lib/thumb/v6-m/nofp/libc.a(libc_a-localeconv.o)
                0x10009ab0                _localeconv_r
 .text._fclose_r
                0x10009ab8       0xd0 /home/milan/.pico-sdk/toolchain/13_2_Rel1/bin/../lib/gcc/arm-none-eabi/13.2.1/../../../../arm-none-eabi/lib/thumb/v6-m/nofp/libc.a(libc_a-fclose.o)
                0x10009ab8                _fclose_r
 .text.lflush   0x10009b88       0x20 /home/milan/.pico-sdk/toolchain/13_2_Rel1/bin/../lib/gcc/arm-none-eabi/13.2.1/../../../../arm-none-eabi/lib/thumb/v6-m/nofp/libc.a(libc_a-refill.o)
 .text.__srefill_r
                0x10009ba8      0x118 /home/milan/.pico-sdk/toolchain/13_2_Rel1/bin/../lib/gcc/arm-none-eabi/13.2.1/../../../../arm-none-eabi/lib/thumb/v6-m/nofp/libc.a(libc_a-refill.o)
                0x10009ba8                __srefill_r
 .text._close_r
                0x10009cc0       0x24 /home/milan/.pico-sdk/toolchain/13_2_Rel1/bin/../lib/gcc/arm-none-eabi/13.2.1/../../../../arm-none-eabi/lib/thumb/v6-m/nofp/libc.a(libc_a-closer.o)
                0x10009cc0                _close_r
 .text.__sflush_r
                0x10009ce4      0x148 /home/milan/.pico-sdk/toolchain/13_2_Rel1/bin/../lib/gcc/arm-none-eabi/13.2.1/../../../../arm-none-eabi/lib/thumb/v6-m/nofp/libc.a(libc_a-fflush.o)
                0x10009ce4                __sflush_r
 .text._fflush_r
                0x10009e2c       0x68 /home/milan/.pico-sdk/toolchain/13_2_Rel1/bin/../lib/gcc/arm-none-eabi/13.2.1/../../../../arm-none-eabi/lib/thumb/v6-m/nofp/libc.a(libc_a-fflush.o)
                0x10009e2c                _fflush_r
 .text.__sccl   0x10009e94       0x80 /home/milan/.pico-sdk/toolchain/13_2_Rel1/bin/../lib/gcc/arm-none-eabi/13.2.1/../../../../arm-none-eabi/lib/thumb/v6-m/nofp/libc.a(libc_a-sccl.o)
                0x10009e94                __sccl
 .text.nanf     0x10009f14        0x8 /home/milan/.pico-sdk/toolchain/13_2_Rel1/bin/../lib/gcc/arm-none-eabi/13.2.1/../../../../arm-none-eabi/lib/thumb/v6-m/nofp/libc.a(libm_a-sf_nan.o)
                0x10009f14                nanf
 .text.sulp     0x10009f1c       0x30 /home/milan/.pico-sdk/toolchain/13_2_Rel1/bin/../lib/gcc/arm-none-eabi/13.2.1/../../../../arm-none-eabi/lib/thumb/v6-m/nofp/libc.a(libc_a-strtod.o)
 .text._strtod_l
                0x10009f4c      0xeb8 /home/milan/.pico-sdk/toolchain/13_2_Rel1/bin/../lib/gcc/arm-none-eabi/13.2.1/../../../../arm-none-eabi/lib/thumb/v6-m/nofp/libc.a(libc_a-strtod.o)
                0x10009f4c                _strtod_l
 .text._strtod_r
                0x1000ae04       0x10 /home/milan/.pico-sdk/toolchain/13_2_Rel1/bin/../lib/gcc/arm-none-eabi/13.2.1/../../../../arm-none-eabi/lib/thumb/v6-m/nofp/libc.a(libc_a-strtod.o)
                0x1000ae04                _strtod_r
 .text.rshift   0x1000ae14       0xb0 /home/milan/.pico-sdk/toolchain/13_2_Rel1/bin/../lib/gcc/arm-none-eabi/13.2.1/../../../../arm-none-eabi/lib/thumb/v6-m/nofp/libc.a(libc_a-gdtoa-gethex.o)
 .text.__gethex
                0x1000aec4      0x5a8 /home/milan/.pico-sdk/toolchain/13_2_Rel1/bin/../lib/gcc/arm-none-eabi/13.2.1/../../../../arm-none-eabi/lib/thumb/v6-m/nofp/libc.a(libc_a-gdtoa-gethex.o)
                0x1000aec4                __gethex
 .text._strtoul_l.isra.0
                0x1000b46c      0x144 /home/milan/.pico-sdk/toolchain/13_2_Rel1/bin/../lib/gcc/arm-none-eabi/13.2.1/../../../../arm-none-eabi/lib/thumb/v6-m/nofp/libc.a(libc_a-strtoul.o)
 .text._strtoul_r
                0x1000b5b0        0x8 /home/milan/.pico-sdk/toolchain/13_2_Rel1/bin/../lib/gcc/arm-none-eabi/13.2.1/../../../../arm-none-eabi/lib/thumb/v6-m/nofp/libc.a(libc_a-strtoul.o)
                0x1000b5b0                _strtoul_r
 .text.__match  0x1000b5b8       0x2c /home/milan/.pico-sdk/toolchain/13_2_Rel1/bin/../lib/gcc/arm-none-eabi/13.2.1/../../../../arm-none-eabi/lib/thumb/v6-m/nofp/libc.a(libc_a-gdtoa-hexnan.o)
                0x1000b5b8                __match
 .text.__hexnan
                0x1000b5e4      0x204 /home/milan/.pico-sdk/toolchain/13_2_Rel1/bin/../lib/gcc/arm-none-eabi/13.2.1/../../../../arm-none-eabi/lib/thumb/v6-m/nofp/libc.a(libc_a-gdtoa-hexnan.o)
                0x1000b5e4                __hexnan
 .text.strncmp  0x1000b7e8       0x74 /home/milan/.pico-sdk/toolchain/13_2_Rel1/bin/../lib/gcc/arm-none-eabi/13.2.1/../../../../arm-none-eabi/lib/thumb/v6-m/nofp/libc.a(libc_a-strncmp.o)
                0x1000b7e8                strncmp
 .text._strtoll_l.isra.0
                0x1000b85c      0x1a0 /home/milan/.pico-sdk/toolchain/13_2_Rel1/bin/../lib/gcc/arm-none-eabi/13.2.1/../../../../arm-none-eabi/lib/thumb/v6-m/nofp/libc.a(libc_a-strtoll.o)
 .text._strtoll_r
                0x1000b9fc        0x8 /home/milan/.pico-sdk/toolchain/13_2_Rel1/bin/../lib/gcc/arm-none-eabi/13.2.1/../../../../arm-none-eabi/lib/thumb/v6-m/nofp/libc.a(libc_a-strtoll.o)
                0x1000b9fc                _strtoll_r
 .text._strtoull_l.isra.0
                0x1000ba04      0x1c4 /home/milan/.pico-sdk/toolchain/13_2_Rel1/bin/../lib/gcc/arm-none-eabi/13.2.1/../../../../arm-none-eabi/lib/thumb/v6-m/nofp/libc.a(libc_a-strtoull.o)
 .text._strtoull_r
                0x1000bbc8        0x8 /home/milan/.pico-sdk/toolchain/13_2_Rel1/bin/../lib/gcc/arm-none-eabi/13.2.1/../../../../arm-none-eabi/lib/thumb/v6-m/nofp/libc.a(libc_a-strtoull.o)
                0x1000bbc8                _strtoull_r
 .text._lseek_r
                0x1000bbd0       0x28 /home/milan/.pico-sdk/toolchain/13_2_Rel1/bin/../lib/gcc/arm-none-eabi/13.2.1/../../../../arm-none-eabi/lib/thumb/v6-m/nofp/libc.a(libc_a-lseekr.o)
                0x1000bbd0                _lseek_r
 .text._fread_r
                0x1000bbf8      0x1e8 /home/milan/.pico-sdk/toolchain/13_2_Rel1/bin/../lib/gcc/arm-none-eabi/13.2.1/../../../../arm-none-eabi/lib/thumb/v6-m/nofp/libc.a(libc_a-fread.o)
                0x1000bbf8                _fread_r
 .text._read_r  0x1000bde0       0x28 /home/milan/.pico-sdk/toolchain/13_2_Rel1/bin/../lib/gcc/arm-none-eabi/13.2.1/../../../../arm-none-eabi/lib/thumb/v6-m/nofp/libc.a(libc_a-readr.o)
                0x1000bde0                _read_r
 .text.iswspace
                0x1000be08        0xc /home/milan/.pico-sdk/toolchain/13_2_Rel1/bin/../lib/gcc/arm-none-eabi/13.2.1/../../../../arm-none-eabi/lib/thumb/v6-m/nofp/libc.a(libc_a-iswspace.o)
                0x1000be08                iswspace
 .text.iswspace_l
                0x1000be14       0x24 /home/milan/.pico-sdk/toolchain/13_2_Rel1/bin/../lib/gcc/arm-none-eabi/13.2.1/../../../../arm-none-eabi/lib/thumb/v6-m/nofp/libc.a(libc_a-iswspace_l.o)
                0x1000be14                iswspace_l
 .text.__submore
                0x1000be38       0x84 /home/milan/.pico-sdk/toolchain/13_2_Rel1/bin/../lib/gcc/arm-none-eabi/13.2.1/../../../../arm-none-eabi/lib/thumb/v6-m/nofp/libc.a(libc_a-ungetc.o)
                0x1000be38                __submore
 .text._ungetc_r
                0x1000bebc      0x144 /home/milan/.pico-sdk/toolchain/13_2_Rel1/bin/../lib/gcc/arm-none-eabi/13.2.1/../../../../arm-none-eabi/lib/thumb/v6-m/nofp/libc.a(libc_a-ungetc.o)
                0x1000bebc                _ungetc_r
 .text.stpncpy  0x1000c000       0x78 /home/milan/.pico-sdk/toolchain/13_2_Rel1/bin/../lib/gcc/arm-none-eabi/13.2.1/../../../../arm-none-eabi/lib/thumb/v6-m/nofp/libc.a(libc_a-stpncpy.o)
                0x1000c000                stpncpy
 .text.category
                0x1000c078       0x54 /home/milan/.pico-sdk/toolchain/13_2_Rel1/bin/../lib/gcc/arm-none-eabi/13.2.1/../../../../arm-none-eabi/lib/thumb/v6-m/nofp/libc.a(libc_a-categories.o)
                0x1000c078                category
 .text.__jp2uc  0x1000c0cc      0x154 /home/milan/.pico-sdk/toolchain/13_2_Rel1/bin/../lib/gcc/arm-none-eabi/13.2.1/../../../../arm-none-eabi/lib/thumb/v6-m/nofp/libc.a(libc_a-jp2uc.o)
 .text._jp2uc_l
                0x1000c220       0x68 /home/milan/.pico-sdk/toolchain/13_2_Rel1/bin/../lib/gcc/arm-none-eabi/13.2.1/../../../../arm-none-eabi/lib/thumb/v6-m/nofp/libc.a(libc_a-jp2uc.o)
                0x1000c220                _jp2uc_l
 .text._mbrtowc_r
                0x1000c288       0x54 /home/milan/.pico-sdk/toolchain/13_2_Rel1/bin/../lib/gcc/arm-none-eabi/13.2.1/../../../../arm-none-eabi/lib/thumb/v6-m/nofp/libc.a(libc_a-mbrtowc.o)
                0x1000c288                _mbrtowc_r
 .text.__locale_mb_cur_max
                0x1000c2dc       0x10 /home/milan/.pico-sdk/toolchain/13_2_Rel1/bin/../lib/gcc/arm-none-eabi/13.2.1/../../../../arm-none-eabi/lib/thumb/v6-m/nofp/libc.a(libc_a-locale.o)
                0x1000c2dc                __locale_mb_cur_max
 .text.__smakebuf_r
                0x1000c2ec       0xe0 /home/milan/.pico-sdk/toolchain/13_2_Rel1/bin/../lib/gcc/arm-none-eabi/13.2.1/../../../../arm-none-eabi/lib/thumb/v6-m/nofp/libc.a(libc_a-makebuf.o)
                0x1000c2ec                __smakebuf_r
 .text          0x1000c3cc       0x88 /home/milan/.pico-sdk/toolchain/13_2_Rel1/bin/../lib/gcc/arm-none-eabi/13.2.1/../../../../arm-none-eabi/lib/thumb/v6-m/nofp/libc.a(libc_a-strcmp.o)
                0x1000c3cc                strcmp
 .text._Balloc  0x1000c454       0x50 /home/milan/.pico-sdk/toolchain/13_2_Rel1/bin/../lib/gcc/arm-none-eabi/13.2.1/../../../../arm-none-eabi/lib/thumb/v6-m/nofp/libc.a(libc_a-mprec.o)
                0x1000c454                _Balloc
 .text._Bfree   0x1000c4a4       0x14 /home/milan/.pico-sdk/toolchain/13_2_Rel1/bin/../lib/gcc/arm-none-eabi/13.2.1/../../../../arm-none-eabi/lib/thumb/v6-m/nofp/libc.a(libc_a-mprec.o)
                0x1000c4a4                _Bfree
 .text.__multadd
                0x1000c4b8       0xa8 /home/milan/.pico-sdk/toolchain/13_2_Rel1/bin/../lib/gcc/arm-none-eabi/13.2.1/../../../../arm-none-eabi/lib/thumb/v6-m/nofp/libc.a(libc_a-mprec.o)
                0x1000c4b8                __multadd
 .text.__s2b    0x1000c560       0xb0 /home/milan/.pico-sdk/toolchain/13_2_Rel1/bin/../lib/gcc/arm-none-eabi/13.2.1/../../../../arm-none-eabi/lib/thumb/v6-m/nofp/libc.a(libc_a-mprec.o)
                0x1000c560                __s2b
 .text.__hi0bits
                0x1000c610       0x4c /home/milan/.pico-sdk/toolchain/13_2_Rel1/bin/../lib/gcc/arm-none-eabi/13.2.1/../../../../arm-none-eabi/lib/thumb/v6-m/nofp/libc.a(libc_a-mprec.o)
                0x1000c610                __hi0bits
 .text.__lo0bits
                0x1000c65c       0x5c /home/milan/.pico-sdk/toolchain/13_2_Rel1/bin/../lib/gcc/arm-none-eabi/13.2.1/../../../../arm-none-eabi/lib/thumb/v6-m/nofp/libc.a(libc_a-mprec.o)
                0x1000c65c                __lo0bits
 .text.__i2b    0x1000c6b8       0x60 /home/milan/.pico-sdk/toolchain/13_2_Rel1/bin/../lib/gcc/arm-none-eabi/13.2.1/../../../../arm-none-eabi/lib/thumb/v6-m/nofp/libc.a(libc_a-mprec.o)
                0x1000c6b8                __i2b
 .text.__multiply
                0x1000c718      0x1ac /home/milan/.pico-sdk/toolchain/13_2_Rel1/bin/../lib/gcc/arm-none-eabi/13.2.1/../../../../arm-none-eabi/lib/thumb/v6-m/nofp/libc.a(libc_a-mprec.o)
                0x1000c718                __multiply
 .text.__pow5mult
                0x1000c8c4       0xd0 /home/milan/.pico-sdk/toolchain/13_2_Rel1/bin/../lib/gcc/arm-none-eabi/13.2.1/../../../../arm-none-eabi/lib/thumb/v6-m/nofp/libc.a(libc_a-mprec.o)
                0x1000c8c4                __pow5mult
 .text.__lshift
                0x1000c994       0xfc /home/milan/.pico-sdk/toolchain/13_2_Rel1/bin/../lib/gcc/arm-none-eabi/13.2.1/../../../../arm-none-eabi/lib/thumb/v6-m/nofp/libc.a(libc_a-mprec.o)
                0x1000c994                __lshift
 .text.__mcmp   0x1000ca90       0x3c /home/milan/.pico-sdk/toolchain/13_2_Rel1/bin/../lib/gcc/arm-none-eabi/13.2.1/../../../../arm-none-eabi/lib/thumb/v6-m/nofp/libc.a(libc_a-mprec.o)
                0x1000ca90                __mcmp
 .text.__mdiff  0x1000cacc      0x1b4 /home/milan/.pico-sdk/toolchain/13_2_Rel1/bin/../lib/gcc/arm-none-eabi/13.2.1/../../../../arm-none-eabi/lib/thumb/v6-m/nofp/libc.a(libc_a-mprec.o)
                0x1000cacc                __mdiff
 .text.__ulp    0x1000cc80       0x40 /home/milan/.pico-sdk/toolchain/13_2_Rel1/bin/../lib/gcc/arm-none-eabi/13.2.1/../../../../arm-none-eabi/lib/thumb/v6-m/nofp/libc.a(libc_a-mprec.o)
                0x1000cc80                __ulp
 .text.__b2d    0x1000ccc0       0xb8 /home/milan/.pico-sdk/toolchain/13_2_Rel1/bin/../lib/gcc/arm-none-eabi/13.2.1/../../../../arm-none-eabi/lib/thumb/v6-m/nofp/libc.a(libc_a-mprec.o)
                0x1000ccc0                __b2d
 .text.__d2b    0x1000cd78       0xcc /home/milan/.pico-sdk/toolchain/13_2_Rel1/bin/../lib/gcc/arm-none-eabi/13.2.1/../../../../arm-none-eabi/lib/thumb/v6-m/nofp/libc.a(libc_a-mprec.o)
                0x1000cd78                __d2b
 .text.__ratio  0x1000ce44       0x68 /home/milan/.pico-sdk/toolchain/13_2_Rel1/bin/../lib/gcc/arm-none-eabi/13.2.1/../../../../arm-none-eabi/lib/thumb/v6-m/nofp/libc.a(libc_a-mprec.o)
                0x1000ce44                __ratio
 .text.__copybits
                0x1000ceac       0x40 /home/milan/.pico-sdk/toolchain/13_2_Rel1/bin/../lib/gcc/arm-none-eabi/13.2.1/../../../../arm-none-eabi/lib/thumb/v6-m/nofp/libc.a(libc_a-mprec.o)
                0x1000ceac                __copybits
 .text.__any_on
                0x1000ceec       0x4c /home/milan/.pico-sdk/toolchain/13_2_Rel1/bin/../lib/gcc/arm-none-eabi/13.2.1/../../../../arm-none-eabi/lib/thumb/v6-m/nofp/libc.a(libc_a-mprec.o)
                0x1000ceec                __any_on
 .text.nan      0x1000cf38        0xc /home/milan/.pico-sdk/toolchain/13_2_Rel1/bin/../lib/gcc/arm-none-eabi/13.2.1/../../../../arm-none-eabi/lib/thumb/v6-m/nofp/libc.a(libm_a-s_nan.o)
                0x1000cf38                nan
 .text._fstat_r
                0x1000cf44       0x28 /home/milan/.pico-sdk/toolchain/13_2_Rel1/bin/../lib/gcc/arm-none-eabi/13.2.1/../../../../arm-none-eabi/lib/thumb/v6-m/nofp/libc.a(libc_a-fstatr.o)
                0x1000cf44                _fstat_r
 .text._isatty_r
                0x1000cf6c       0x24 /home/milan/.pico-sdk/toolchain/13_2_Rel1/bin/../lib/gcc/arm-none-eabi/13.2.1/../../../../arm-none-eabi/lib/thumb/v6-m/nofp/libc.a(libc_a-isattyr.o)
                0x1000cf6c                _isatty_r
 .text.__ascii_wctomb
                0x1000cf90       0x1c /home/milan/.pico-sdk/toolchain/13_2_Rel1/bin/../lib/gcc/arm-none-eabi/13.2.1/../../../../arm-none-eabi/lib/thumb/v6-m/nofp/libc.a(libc_a-wctomb_r.o)
                0x1000cf90                __ascii_wctomb
 .text.__ascii_mbtowc
                0x1000cfac       0x2c /home/milan/.pico-sdk/toolchain/13_2_Rel1/bin/../lib/gcc/arm-none-eabi/13.2.1/../../../../arm-none-eabi/lib/thumb/v6-m/nofp/libc.a(libc_a-mbtowc_r.o)
                0x1000cfac                __ascii_mbtowc
 *(.fini)
 .fini          0x1000cfd8        0x4 /home/milan/.pico-sdk/toolchain/13_2_Rel1/bin/../lib/gcc/arm-none-eabi/13.2.1/thumb/v6-m/nofp/crti.o
                0x1000cfd8                _fini
 *fill*         0x1000cfdc        0x4 
 .fini.__stub   0x1000cfe0       0xc0 linker stubs
 *crtbegin.o(.ctors)
 *crtbegin?.o(.ctors)
 *(EXCLUDE_FILE(*crtend.o *crtend?.o) .ctors)
 *(SORT_BY_NAME(.ctors.*))
 *(.ctors)
 *crtbegin.o(.dtors)
 *crtbegin?.o(.dtors)
 *(EXCLUDE_FILE(*crtend.o *crtend?.o) .dtors)
 *(SORT_BY_NAME(.dtors.*))
 *(.dtors)
 *(.eh_frame*)
 .eh_frame      0x1000d0a0        0x0 /home/milan/.pico-sdk/toolchain/13_2_Rel1/bin/../lib/gcc/arm-none-eabi/13.2.1/thumb/v6-m/nofp/crtbegin.o
                0x1000d0a0                        . = ALIGN (0x4)

.glue_7         0x1000d0a0        0x0
 .glue_7        0x1000d0a0        0x0 linker stubs

.glue_7t        0x1000d0a0        0x0
 .glue_7t       0x1000d0a0        0x0 linker stubs

.vfp11_veneer   0x1000d0a0        0x0
 .vfp11_veneer  0x1000d0a0        0x0 linker stubs

.v4_bx          0x1000d0a0        0x0
 .v4_bx         0x1000d0a0        0x0 linker stubs

.iplt           0x1000d0a0        0x0
 .iplt          0x1000d0a0        0x0 /home/milan/.pico-sdk/toolchain/13_2_Rel1/bin/../lib/gcc/arm-none-eabi/13.2.1/thumb/v6-m/nofp/crtbegin.o

.rodata         0x1000d0a0     0x7988
 *(EXCLUDE_FILE(*libm.a: *libc.a:*lib_a-mem*.o *libgcc.a:) .rodata*)
 .rodata.main.str1.4
                0x1000d0a0      0x332 CMakeFiles/hw3.dir/hw3.c.obj
                                 0x24 (size before relaxing)
 .rodata.spin_lock_claim_unused.str1.4
                0x1000d3d2       0x1b CMakeFiles/hw3.dir/home/milan/.pico-sdk/sdk/1.5.1/src/rp2_common/hardware_sync/sync.c.obj
 .rodata.user_irq_claim_unused.str1.4
                0x1000d3d2       0x1b CMakeFiles/hw3.dir/home/milan/.pico-sdk/sdk/1.5.1/src/rp2_common/hardware_irq/irq.c.obj
 *fill*         0x1000d3d2        0x6 
 .rodata.at_the_end_of_time
                0x1000d3d8        0x8 CMakeFiles/hw3.dir/home/milan/.pico-sdk/sdk/1.5.1/src/common/pico_time/time.c.obj
                0x1000d3d8                at_the_end_of_time
 .rodata.hardware_alarm_claim.str1.4
                0x1000d3e0       0x22 CMakeFiles/hw3.dir/home/milan/.pico-sdk/sdk/1.5.1/src/rp2_common/hardware_timer/timer.c.obj
 .rodata.__assert_func.str1.4
                0x1000d3e0       0x43 CMakeFiles/hw3.dir/home/milan/.pico-sdk/sdk/1.5.1/src/rp2_common/pico_runtime/runtime.c.obj
 .rodata.panic.str1.4
                0x1000d3e0       0x12 CMakeFiles/hw3.dir/home/milan/.pico-sdk/sdk/1.5.1/src/rp2_common/pico_runtime/runtime.c.obj
 .rodata.hard_assertion_failure.str1.4
                0x1000d3e0        0xc CMakeFiles/hw3.dir/home/milan/.pico-sdk/sdk/1.5.1/src/rp2_common/pico_runtime/runtime.c.obj
 .rodata._ftoa.str1.4
                0x1000d3e0       0x15 CMakeFiles/hw3.dir/home/milan/.pico-sdk/sdk/1.5.1/src/rp2_common/pico_printf/printf.c.obj
 .rodata._vsnprintf
                0x1000d3e0      0x19c CMakeFiles/hw3.dir/home/milan/.pico-sdk/sdk/1.5.1/src/rp2_common/pico_printf/printf.c.obj
 *fill*         0x1000d57c        0x4 
 .rodata.pow10.0
                0x1000d580       0x50 CMakeFiles/hw3.dir/home/milan/.pico-sdk/sdk/1.5.1/src/rp2_common/pico_printf/printf.c.obj
 .rodata.__wrap_malloc.str1.4
                0x1000d5d0        0xe CMakeFiles/hw3.dir/home/milan/.pico-sdk/sdk/1.5.1/src/rp2_common/pico_malloc/pico_malloc.c.obj
 .rodata.str1.4
                0x1000d5d0       0x3c CMakeFiles/hw3.dir/home/milan/.pico-sdk/sdk/1.5.1/src/rp2_common/pico_standard_link/binary_info.c.obj
 .rodata.__bi_81
                0x1000d5d0        0xc CMakeFiles/hw3.dir/home/milan/.pico-sdk/sdk/1.5.1/src/rp2_common/pico_standard_link/binary_info.c.obj
 .rodata.__bi_75
                0x1000d5dc        0xc CMakeFiles/hw3.dir/home/milan/.pico-sdk/sdk/1.5.1/src/rp2_common/pico_standard_link/binary_info.c.obj
 .rodata.__bi_56
                0x1000d5e8        0xc CMakeFiles/hw3.dir/home/milan/.pico-sdk/sdk/1.5.1/src/rp2_common/pico_standard_link/binary_info.c.obj
 .rodata.__bi_44
                0x1000d5f4        0xc CMakeFiles/hw3.dir/home/milan/.pico-sdk/sdk/1.5.1/src/rp2_common/pico_standard_link/binary_info.c.obj
 .rodata.crlf_str.0
                0x1000d600        0x2 CMakeFiles/hw3.dir/home/milan/.pico-sdk/sdk/1.5.1/src/rp2_common/pico_stdio/stdio.c.obj
 *fill*         0x1000d602        0x2 
 .rodata._resetd_driver
                0x1000d604       0x18 CMakeFiles/hw3.dir/home/milan/.pico-sdk/sdk/1.5.1/src/rp2_common/pico_stdio_usb/reset_interface.c.obj
 .rodata.str1.4
                0x1000d61c       0x13 CMakeFiles/hw3.dir/home/milan/.pico-sdk/sdk/1.5.1/src/rp2_common/pico_stdio_usb/stdio_usb.c.obj
 .rodata.__bi_182.0
                0x1000d61c        0xc CMakeFiles/hw3.dir/home/milan/.pico-sdk/sdk/1.5.1/src/rp2_common/pico_stdio_usb/stdio_usb.c.obj
 .rodata.str1.4
                0x1000d628       0x2a CMakeFiles/hw3.dir/home/milan/.pico-sdk/sdk/1.5.1/src/rp2_common/pico_stdio_usb/stdio_usb_descriptors.c.obj
 .rodata.usbd_desc_str
                0x1000d628       0x18 CMakeFiles/hw3.dir/home/milan/.pico-sdk/sdk/1.5.1/src/rp2_common/pico_stdio_usb/stdio_usb_descriptors.c.obj
 .rodata.usbd_desc_cfg
                0x1000d640       0x54 CMakeFiles/hw3.dir/home/milan/.pico-sdk/sdk/1.5.1/src/rp2_common/pico_stdio_usb/stdio_usb_descriptors.c.obj
 .rodata.usbd_desc_device
                0x1000d694       0x12 CMakeFiles/hw3.dir/home/milan/.pico-sdk/sdk/1.5.1/src/rp2_common/pico_stdio_usb/stdio_usb_descriptors.c.obj
 .rodata.str1.4
                0x1000d6a6       0x14 CMakeFiles/hw3.dir/home/milan/.pico-sdk/sdk/1.5.1/lib/tinyusb/src/portable/raspberrypi/rp2040/dcd_rp2040.c.obj
 .rodata.str1.4
                0x1000d6a6       0x53 CMakeFiles/hw3.dir/home/milan/.pico-sdk/sdk/1.5.1/lib/tinyusb/src/portable/raspberrypi/rp2040/rp2040_usb.c.obj
 *fill*         0x1000d6a6        0x2 
 .rodata.tud_task_ext
                0x1000d6a8       0x8c CMakeFiles/hw3.dir/home/milan/.pico-sdk/sdk/1.5.1/lib/tinyusb/src/device/usbd.c.obj
 .rodata._usbd_driver
                0x1000d734       0x18 CMakeFiles/hw3.dir/home/milan/.pico-sdk/sdk/1.5.1/lib/tinyusb/src/device/usbd.c.obj
 .rodata.__svfscanf_r.str1.4
                0x1000d74c        0x9 /home/milan/.pico-sdk/toolchain/13_2_Rel1/bin/../lib/gcc/arm-none-eabi/13.2.1/../../../../arm-none-eabi/lib/thumb/v6-m/nofp/libc.a(libc_a-vfscanf.o)
 .rodata.__svfscanf_r
                0x1000d74c      0x3cc /home/milan/.pico-sdk/toolchain/13_2_Rel1/bin/../lib/gcc/arm-none-eabi/13.2.1/../../../../arm-none-eabi/lib/thumb/v6-m/nofp/libc.a(libc_a-vfscanf.o)
 .rodata.basefix.0
                0x1000db18       0x22 /home/milan/.pico-sdk/toolchain/13_2_Rel1/bin/../lib/gcc/arm-none-eabi/13.2.1/../../../../arm-none-eabi/lib/thumb/v6-m/nofp/libc.a(libc_a-vfscanf.o)
 *fill*         0x1000db3a        0x2 
 .rodata._ctype_
                0x1000db3c      0x101 /home/milan/.pico-sdk/toolchain/13_2_Rel1/bin/../lib/gcc/arm-none-eabi/13.2.1/../../../../arm-none-eabi/lib/thumb/v6-m/nofp/libc.a(libc_a-ctype_.o)
                0x1000db3c                _ctype_
 .rodata._strtod_l.str1.4
                0x1000dc3d       0x15 /home/milan/.pico-sdk/toolchain/13_2_Rel1/bin/../lib/gcc/arm-none-eabi/13.2.1/../../../../arm-none-eabi/lib/thumb/v6-m/nofp/libc.a(libc_a-strtod.o)
 *fill*         0x1000dc3d        0x3 
 .rodata._strtod_l
                0x1000dc40       0xd0 /home/milan/.pico-sdk/toolchain/13_2_Rel1/bin/../lib/gcc/arm-none-eabi/13.2.1/../../../../arm-none-eabi/lib/thumb/v6-m/nofp/libc.a(libc_a-strtod.o)
 .rodata.fpinan.0
                0x1000dd10       0x14 /home/milan/.pico-sdk/toolchain/13_2_Rel1/bin/../lib/gcc/arm-none-eabi/13.2.1/../../../../arm-none-eabi/lib/thumb/v6-m/nofp/libc.a(libc_a-strtod.o)
 .rodata.fpi.1  0x1000dd24       0x14 /home/milan/.pico-sdk/toolchain/13_2_Rel1/bin/../lib/gcc/arm-none-eabi/13.2.1/../../../../arm-none-eabi/lib/thumb/v6-m/nofp/libc.a(libc_a-strtod.o)
 .rodata.tinytens
                0x1000dd38       0x28 /home/milan/.pico-sdk/toolchain/13_2_Rel1/bin/../lib/gcc/arm-none-eabi/13.2.1/../../../../arm-none-eabi/lib/thumb/v6-m/nofp/libc.a(libc_a-strtod.o)
 .rodata.__gethex.str1.4
                0x1000dd60       0x79 /home/milan/.pico-sdk/toolchain/13_2_Rel1/bin/../lib/gcc/arm-none-eabi/13.2.1/../../../../arm-none-eabi/lib/thumb/v6-m/nofp/libc.a(libc_a-gdtoa-gethex.o)
 .rodata.__hexdig
                0x1000dd60      0x100 /home/milan/.pico-sdk/toolchain/13_2_Rel1/bin/../lib/gcc/arm-none-eabi/13.2.1/../../../../arm-none-eabi/lib/thumb/v6-m/nofp/libc.a(libc_a-gdtoa-gethex.o)
                0x1000dd60                __hexdig
 .rodata.categories
                0x1000de60     0x35dc /home/milan/.pico-sdk/toolchain/13_2_Rel1/bin/../lib/gcc/arm-none-eabi/13.2.1/../../../../arm-none-eabi/lib/thumb/v6-m/nofp/libc.a(libc_a-categories.o)
 .rodata.__jp2uc
                0x1001143c       0x20 /home/milan/.pico-sdk/toolchain/13_2_Rel1/bin/../lib/gcc/arm-none-eabi/13.2.1/../../../../arm-none-eabi/lib/thumb/v6-m/nofp/libc.a(libc_a-jp2uc.o)
 .rodata._jp2uc_l.str1.4
                0x1001145c       0x12 /home/milan/.pico-sdk/toolchain/13_2_Rel1/bin/../lib/gcc/arm-none-eabi/13.2.1/../../../../arm-none-eabi/lib/thumb/v6-m/nofp/libc.a(libc_a-jp2uc.o)
 .rodata.d02f4  0x1001145c     0x1a7c /home/milan/.pico-sdk/toolchain/13_2_Rel1/bin/../lib/gcc/arm-none-eabi/13.2.1/../../../../arm-none-eabi/lib/thumb/v6-m/nofp/libc.a(libc_a-jp2uc.o)
 .rodata.b02cf  0x10012ed8     0x172a /home/milan/.pico-sdk/toolchain/13_2_Rel1/bin/../lib/gcc/arm-none-eabi/13.2.1/../../../../arm-none-eabi/lib/thumb/v6-m/nofp/libc.a(libc_a-jp2uc.o)
 *fill*         0x10014602        0x2 
 .rodata.a8     0x10014604       0x40 /home/milan/.pico-sdk/toolchain/13_2_Rel1/bin/../lib/gcc/arm-none-eabi/13.2.1/../../../../arm-none-eabi/lib/thumb/v6-m/nofp/libc.a(libc_a-jp2uc.o)
 .rodata.a7     0x10014644       0xa2 /home/milan/.pico-sdk/toolchain/13_2_Rel1/bin/../lib/gcc/arm-none-eabi/13.2.1/../../../../arm-none-eabi/lib/thumb/v6-m/nofp/libc.a(libc_a-jp2uc.o)
 *fill*         0x100146e6        0x2 
 .rodata.a6     0x100146e8       0x70 /home/milan/.pico-sdk/toolchain/13_2_Rel1/bin/../lib/gcc/arm-none-eabi/13.2.1/../../../../arm-none-eabi/lib/thumb/v6-m/nofp/libc.a(libc_a-jp2uc.o)
 .rodata.a3     0x10014758       0x5b /home/milan/.pico-sdk/toolchain/13_2_Rel1/bin/../lib/gcc/arm-none-eabi/13.2.1/../../../../arm-none-eabi/lib/thumb/v6-m/nofp/libc.a(libc_a-jp2uc.o)
 *fill*         0x100147b3        0x1 
 .rodata.a2     0x100147b4       0xbc /home/milan/.pico-sdk/toolchain/13_2_Rel1/bin/../lib/gcc/arm-none-eabi/13.2.1/../../../../arm-none-eabi/lib/thumb/v6-m/nofp/libc.a(libc_a-jp2uc.o)
 .rodata.a1     0x10014870       0xbc /home/milan/.pico-sdk/toolchain/13_2_Rel1/bin/../lib/gcc/arm-none-eabi/13.2.1/../../../../arm-none-eabi/lib/thumb/v6-m/nofp/libc.a(libc_a-jp2uc.o)
 .rodata._mbrtowc_r.str1.4
                0x1001492c        0x1 /home/milan/.pico-sdk/toolchain/13_2_Rel1/bin/../lib/gcc/arm-none-eabi/13.2.1/../../../../arm-none-eabi/lib/thumb/v6-m/nofp/libc.a(libc_a-mbrtowc.o)
 .rodata.str1.4
                0x1001492c       0x4c /home/milan/.pico-sdk/toolchain/13_2_Rel1/bin/../lib/gcc/arm-none-eabi/13.2.1/../../../../arm-none-eabi/lib/thumb/v6-m/nofp/libc.a(libc_a-locale.o)
 .rodata.__multadd.str1.4
                0x1001492c       0x6e /home/milan/.pico-sdk/toolchain/13_2_Rel1/bin/../lib/gcc/arm-none-eabi/13.2.1/../../../../arm-none-eabi/lib/thumb/v6-m/nofp/libc.a(libc_a-mprec.o)
 .rodata.p05.0  0x1001492c        0xc /home/milan/.pico-sdk/toolchain/13_2_Rel1/bin/../lib/gcc/arm-none-eabi/13.2.1/../../../../arm-none-eabi/lib/thumb/v6-m/nofp/libc.a(libc_a-mprec.o)
 .rodata.__mprec_bigtens
                0x10014938       0x28 /home/milan/.pico-sdk/toolchain/13_2_Rel1/bin/../lib/gcc/arm-none-eabi/13.2.1/../../../../arm-none-eabi/lib/thumb/v6-m/nofp/libc.a(libc_a-mprec.o)
                0x10014938                __mprec_bigtens
 .rodata.__mprec_tens
                0x10014960       0xc8 /home/milan/.pico-sdk/toolchain/13_2_Rel1/bin/../lib/gcc/arm-none-eabi/13.2.1/../../../../arm-none-eabi/lib/thumb/v6-m/nofp/libc.a(libc_a-mprec.o)
                0x10014960                __mprec_tens
                0x10014a28                        . = ALIGN (0x4)
 *(SORT_BY_ALIGNMENT(SORT_BY_NAME(.flashdata*)))
                0x10014a28                        . = ALIGN (0x4)

.ARM.extab
 *(.ARM.extab* .gnu.linkonce.armextab.*)
                0x10014a28                        __exidx_start = .

.ARM.exidx
 *(.ARM.exidx* .gnu.linkonce.armexidx.*)
                0x10014a28                        __exidx_end = .
                0x10014a28                        . = ALIGN (0x4)
                0x10014a28                        __binary_info_start = .

.binary_info    0x10014a28       0x24
 *(.binary_info.keep.*)
 .binary_info.keep.__bi_ptr81
                0x10014a28        0x4 CMakeFiles/hw3.dir/home/milan/.pico-sdk/sdk/1.5.1/src/rp2_common/pico_standard_link/binary_info.c.obj
 .binary_info.keep.__bi_ptr75
                0x10014a2c        0x4 CMakeFiles/hw3.dir/home/milan/.pico-sdk/sdk/1.5.1/src/rp2_common/pico_standard_link/binary_info.c.obj
 .binary_info.keep.__bi_ptr56
                0x10014a30        0x4 CMakeFiles/hw3.dir/home/milan/.pico-sdk/sdk/1.5.1/src/rp2_common/pico_standard_link/binary_info.c.obj
 .binary_info.keep.__bi_ptr50
                0x10014a34        0x4 CMakeFiles/hw3.dir/home/milan/.pico-sdk/sdk/1.5.1/src/rp2_common/pico_standard_link/binary_info.c.obj
 .binary_info.keep.__bi_ptr44
                0x10014a38        0x4 CMakeFiles/hw3.dir/home/milan/.pico-sdk/sdk/1.5.1/src/rp2_common/pico_standard_link/binary_info.c.obj
 .binary_info.keep.__bi_ptr38
                0x10014a3c        0x4 CMakeFiles/hw3.dir/home/milan/.pico-sdk/sdk/1.5.1/src/rp2_common/pico_standard_link/binary_info.c.obj
 .binary_info.keep.__bi_ptr30
                0x10014a40        0x4 CMakeFiles/hw3.dir/home/milan/.pico-sdk/sdk/1.5.1/src/rp2_common/pico_standard_link/binary_info.c.obj
 .binary_info.keep.__bi_ptr22
                0x10014a44        0x4 CMakeFiles/hw3.dir/home/milan/.pico-sdk/sdk/1.5.1/src/rp2_common/pico_standard_link/binary_info.c.obj
 *(.binary_info.*)
 .binary_info.__bi_ptr182
                0x10014a48        0x4 CMakeFiles/hw3.dir/home/milan/.pico-sdk/sdk/1.5.1/src/rp2_common/pico_stdio_usb/stdio_usb.c.obj
                0x10014a4c                        __binary_info_end = .

.rel.dyn        0x10014a4c        0x0
 .rel.iplt      0x10014a4c        0x0 /home/milan/.pico-sdk/toolchain/13_2_Rel1/bin/../lib/gcc/arm-none-eabi/13.2.1/thumb/v6-m/nofp/crtbegin.o
                0x10014a4c                        . = ALIGN (0x4)

.ram_vector_table
                0x20000000       0xc0
 *(.ram_vector_table)
 .ram_vector_table
                0x20000000       0xc0 CMakeFiles/hw3.dir/home/milan/.pico-sdk/sdk/1.5.1/src/rp2_common/pico_runtime/runtime.c.obj
                0x20000000                ram_vector_table

.data           0x200000c0     0x14d0 load address 0x10014a4c
                0x200000c0                        __data_start__ = .
 *(vtable)
 *(.time_critical*)
 .time_critical.mutex_try_enter
                0x200000c0       0x40 CMakeFiles/hw3.dir/home/milan/.pico-sdk/sdk/1.5.1/src/common/pico_sync/mutex.c.obj
                0x200000c0                mutex_try_enter
 .time_critical.mutex_try_enter_block_until
                0x20000100       0x9c CMakeFiles/hw3.dir/home/milan/.pico-sdk/sdk/1.5.1/src/common/pico_sync/mutex.c.obj
                0x20000100                mutex_try_enter_block_until
 .time_critical.mutex_enter_timeout_ms
                0x2000019c       0x90 CMakeFiles/hw3.dir/home/milan/.pico-sdk/sdk/1.5.1/src/common/pico_sync/mutex.c.obj
                0x2000019c                mutex_enter_timeout_ms
 .time_critical.mutex_exit
                0x2000022c       0x28 CMakeFiles/hw3.dir/home/milan/.pico-sdk/sdk/1.5.1/src/common/pico_sync/mutex.c.obj
                0x2000022c                mutex_exit
 .time_critical.flash_init_boot2_copyout
                0x20000254       0x30 CMakeFiles/hw3.dir/home/milan/.pico-sdk/sdk/1.5.1/src/rp2_common/hardware_flash/flash.c.obj
 .time_critical.flash_enable_xip_via_boot2
                0x20000284        0xc CMakeFiles/hw3.dir/home/milan/.pico-sdk/sdk/1.5.1/src/rp2_common/hardware_flash/flash.c.obj
 .time_critical.flash_cs_force
                0x20000290       0x38 CMakeFiles/hw3.dir/home/milan/.pico-sdk/sdk/1.5.1/src/rp2_common/hardware_flash/flash.c.obj
 .time_critical.flash_do_cmd
                0x200002c8       0xc0 CMakeFiles/hw3.dir/home/milan/.pico-sdk/sdk/1.5.1/src/rp2_common/hardware_flash/flash.c.obj
                0x200002c8                flash_do_cmd
 .time_critical.reset_non_control_endpoints
                0x20000388       0x68 CMakeFiles/hw3.dir/home/milan/.pico-sdk/sdk/1.5.1/lib/tinyusb/src/portable/raspberrypi/rp2040/dcd_rp2040.c.obj
 .time_critical.hw_handle_buff_status
                0x200003f0       0xb0 CMakeFiles/hw3.dir/home/milan/.pico-sdk/sdk/1.5.1/lib/tinyusb/src/portable/raspberrypi/rp2040/dcd_rp2040.c.obj
 .time_critical.dcd_rp2040_irq
                0x200004a0      0x510 CMakeFiles/hw3.dir/home/milan/.pico-sdk/sdk/1.5.1/lib/tinyusb/src/portable/raspberrypi/rp2040/dcd_rp2040.c.obj
 .time_critical.e15_is_bulkin_ep
                0x200009b0       0x28 CMakeFiles/hw3.dir/home/milan/.pico-sdk/sdk/1.5.1/lib/tinyusb/src/portable/raspberrypi/rp2040/rp2040_usb.c.obj
 .time_critical.e15_is_critical_frame_period
                0x200009d8       0x34 CMakeFiles/hw3.dir/home/milan/.pico-sdk/sdk/1.5.1/lib/tinyusb/src/portable/raspberrypi/rp2040/rp2040_usb.c.obj
 .time_critical.prepare_ep_buffer
                0x20000a0c       0x6c CMakeFiles/hw3.dir/home/milan/.pico-sdk/sdk/1.5.1/lib/tinyusb/src/portable/raspberrypi/rp2040/rp2040_usb.c.obj
 .time_critical.sync_ep_buffer
                0x20000a78       0x48 CMakeFiles/hw3.dir/home/milan/.pico-sdk/sdk/1.5.1/lib/tinyusb/src/portable/raspberrypi/rp2040/rp2040_usb.c.obj
 .time_critical._hw_endpoint_xfer_sync
                0x20000ac0       0x28 CMakeFiles/hw3.dir/home/milan/.pico-sdk/sdk/1.5.1/lib/tinyusb/src/portable/raspberrypi/rp2040/rp2040_usb.c.obj
 .time_critical.hw_endpoint_reset_transfer
                0x20000ae8        0xc CMakeFiles/hw3.dir/home/milan/.pico-sdk/sdk/1.5.1/lib/tinyusb/src/portable/raspberrypi/rp2040/rp2040_usb.c.obj
                0x20000ae8                hw_endpoint_reset_transfer
 .time_critical._hw_endpoint_buffer_control_update32
                0x20000af4       0x58 CMakeFiles/hw3.dir/home/milan/.pico-sdk/sdk/1.5.1/lib/tinyusb/src/portable/raspberrypi/rp2040/rp2040_usb.c.obj
                0x20000af4                _hw_endpoint_buffer_control_update32
 .time_critical.hw_endpoint_start_next_buffer