Archive member included to satisfy reference by file (symbol)

/home/milan/.pico-sdk/toolchain/13_2_Rel1/bin/../lib/gcc/arm-none-eabi/13.2.1/thumb/v6-m/nofp/libgcc.a(_dvmd_tls.o)
                              CMakeFiles/hw16.dir/home/milan/.pico-sdk/sdk/1.5.1/src/rp2_common/pico_divider/divider.S.obj (__aeabi_idiv0)
/home/milan/.pico-sdk/toolchain/13_2_Rel1/bin/../lib/gcc/arm-none-eabi/13.2.1/../../../../arm-none-eabi/lib/thumb/v6-m/nofp/libc.a(libc_a-sscanf.o)
                              CMakeFiles/hw16.dir/hw16.c.obj (sscanf)
/home/milan/.pico-sdk/toolchain/13_2_Rel1/bin/../lib/gcc/arm-none-eabi/13.2.1/../../../../arm-none-eabi/lib/thumb/v6-m/nofp/libc.a(libc_a-stdio.o)
                              /home/milan/.pico-sdk/toolchain/13_2_Rel1/bin/../lib/gcc/arm-none-eabi/13.2.1/../../../../arm-none-eabi/lib/thumb/v6-m/nofp/libc.a(libc_a-sscanf.o) (__seofread)
/home/milan/.pico-sdk/toolchain/13_2_Rel1/bin/../lib/gcc/arm-none-eabi/13.2.1/../../../../arm-none-eabi/lib/thumb/v6-m/nofp/libc.a(libc_a-writer.o)
                              /home/milan/.pico-sdk/toolchain/13_2_Rel1/bin/../lib/gcc/arm-none-eabi/13.2.1/../../../../arm-none-eabi/lib/thumb/v6-m/nofp/libc.a(libc_a-stdio.o) (_write_r)
/home/milan/.pico-sdk/toolchain/13_2_Rel1/bin/../lib/gcc/arm-none-eabi/13.2.1/../../../../arm-none-eabi/lib/thumb/v6-m/nofp/libc.a(libc_a-svfscanf.o)
                              /home/milan/.pico-sdk/toolchain/13_2_Rel1/bin/../lib/gcc/arm-none-eabi/13.2.1/../../../../arm-none-eabi/lib/thumb/v6-m/nofp/libc.a(libc_a-sscanf.o) (__ssvfscanf_r)
/home/milan/.pico-sdk/toolchain/13_2_Rel1/bin/../lib/gcc/arm-none-eabi/13.2.1/../../../../arm-none-eabi/lib/thumb/v6-m/nofp/libc.a(libc_a-malloc.o)
                              CMakeFiles/hw16.dir/home/milan/.pico-sdk/sdk/1.5.1/src/rp2_common/pico_malloc/pico_malloc.c.obj (malloc)
/home/milan/.pico-sdk/toolchain/13_2_Rel1/bin/../lib/gcc/arm-none-eabi/13.2.1/../../../../arm-none-eabi/lib/thumb/v6-m/nofp/libc.a(libc_a-mallocr.o)
                              /home/milan/.pico-sdk/toolchain/13_2_Rel1/bin/../lib/gcc/arm-none-eabi/13.2.1/../../../../arm-none-eabi/lib/thumb/v6-m/nofp/libc.a(libc_a-malloc.o) (_malloc_r)
/home/milan/.pico-sdk/toolchain/13_2_Rel1/bin/../lib/gcc/arm-none-eabi/13.2.1/../../../../arm-none-eabi/lib/thumb/v6-m/nofp/libc.a(libc_a-mbrtowc.o)
                              /home/milan/.pico-sdk/toolchain/13_2_Rel1/bin/../lib/gcc/arm-none-eabi/13.2.1/../../../../arm-none-eabi/lib/thumb/v6-m/nofp/libc.a(libc_a-svfscanf.o) (_mbrtowc_r)
/home/milan/.pico-sdk/toolchain/13_2_Rel1/bin/../lib/gcc/arm-none-eabi/13.2.1/../../../../arm-none-eabi/lib/thumb/v6-m/nofp/libc.a(libc_a-init.o)
                              /home/milan/.pico-sdk/toolchain/13_2_Rel1/bin/../lib/gcc/arm-none-eabi/13.2.1/../../../../arm-none-eabi/lib/thumb/v6-m/nofp/crt0.o (__libc_init_array)
/home/milan/.pico-sdk/toolchain/13_2_Rel1/bin/../lib/gcc/arm-none-eabi/13.2.1/../../../../arm-none-eabi/lib/thumb/v6-m/nofp/libc.a(libc_a-locale.o)
                              /home/milan/.pico-sdk/toolchain/13_2_Rel1/bin/../lib/gcc/arm-none-eabi/13.2.1/../../../../arm-none-eabi/lib/thumb/v6-m/nofp/libc.a(libc_a-svfscanf.o) (__global_locale)
/home/milan/.pico-sdk/toolchain/13_2_Rel1/bin/../lib/gcc/arm-none-eabi/13.2.1/../../../../arm-none-eabi/lib/thumb/v6-m/nofp/libc.a(libc_a-localeconv.o)
                              /home/milan/.pico-sdk/toolchain/13_2_Rel1/bin/../lib/gcc/arm-none-eabi/13.2.1/../../../../arm-none-eabi/lib/thumb/v6-m/nofp/libc.a(libc_a-svfscanf.o) (_localeconv_r)
/home/milan/.pico-sdk/toolchain/13_2_Rel1/bin/../lib/gcc/arm-none-eabi/13.2.1/../../../../arm-none-eabi/lib/thumb/v6-m/nofp/libc.a(libc_a-sysconf.o)
                              /home/milan/.pico-sdk/toolchain/13_2_Rel1/bin/../lib/gcc/arm-none-eabi/13.2.1/../../../../arm-none-eabi/lib/thumb/v6-m/nofp/libc.a(libc_a-mallocr.o) (sysconf)
/home/milan/.pico-sdk/toolchain/13_2_Rel1/bin/../lib/gcc/arm-none-eabi/13.2.1/../../../../arm-none-eabi/lib/thumb/v6-m/nofp/libc.a(libc_a-strcmp.o)
                              /home/milan/.pico-sdk/toolchain/13_2_Rel1/bin/../lib/gcc/arm-none-eabi/13.2.1/../../../../arm-none-eabi/lib/thumb/v6-m/nofp/libc.a(libc_a-locale.o) (strcmp)
/home/milan/.pico-sdk/toolchain/13_2_Rel1/bin/../lib/gcc/arm-none-eabi/13.2.1/../../../../arm-none-eabi/lib/thumb/v6-m/nofp/libc.a(libc_a-strcpy.o)
                              /home/milan/.pico-sdk/toolchain/13_2_Rel1/bin/../lib/gcc/arm-none-eabi/13.2.1/../../../../arm-none-eabi/lib/thumb/v6-m/nofp/libc.a(libc_a-locale.o) (strcpy)
/home/milan/.pico-sdk/toolchain/13_2_Rel1/bin/../lib/gcc/arm-none-eabi/13.2.1/../../../../arm-none-eabi/lib/thumb/v6-m/nofp/libc.a(libc_a-mlock.o)
                              /home/milan/.pico-sdk/toolchain/13_2_Rel1/bin/../lib/gcc/arm-none-eabi/13.2.1/../../../../arm-none-eabi/lib/thumb/v6-m/nofp/libc.a(libc_a-mallocr.o) (__malloc_lock)
[...]
Memory Configuration

Name             Origin             Length             Attributes
FLASH            0x10000000         0x00200000         xr
RAM              0x20000000         0x00040000         xrw
SCRATCH_X        0x20040000         0x00001000         xrw
SCRATCH_Y        0x20041000         0x00001000         xrw
*default*        0x00000000         0xffffffff

Linker script and memory map

LOAD /home/milan/.pico-sdk/toolchain/13_2_Rel1/bin/../lib/gcc/arm-none-eabi/13.2.1/thumb/v6-m/nofp/crti.o
LOAD /home/milan/.pico-sdk/toolchain/13_2_Rel1/bin/../lib/gcc/arm-none-eabi/13.2.1/thumb/v6-m/nofp/crtbegin.o
LOAD /home/milan/.pico-sdk/toolchain/13_2_Rel1/bin/../lib/gcc/arm-none-eabi/13.2.1/../../../../arm-none-eabi/lib/thumb/v6-m/nofp/crt0.o

.flash_begin    0x10000000        0x0
                0x10000000                        __flash_binary_start = .

.boot2          0x10000000      0x100
                0x10000000                        __boot2_start__ = .
 *(.boot2)
 .boot2         0x10000000      0x100 /tmp/cch5QgzU.o
                0x10000100                        __boot2_end__ = .
                0x00000001                        ASSERT (((__boot2_end__ - __boot2_start__) == 0x100), ERROR: Pico second stage bootloader must be 256 bytes in size)

.text           0x10000100     0x9cf0
                0x10000100                        __logical_binary_start = .
 *(.vectors)
 .vectors       0x10000100       0xd4 CMakeFiles/hw16.dir/home/milan/.pico-sdk/sdk/1.5.1/src/rp2_common/pico_standard_link/crt0.S.obj
                0x10000100                __vectors
                0x10000100                __VECTOR_TABLE
                0x100001c0                isr_invalid
                0x100001c0                __default_isrs_start
                0x100001c2                isr_nmi
                0x100001c4                isr_hardfault
                0x100001c6                isr_svcall
                0x100001c8                isr_pendsv
                0x100001ca                isr_systick
                0x100001cc                isr_irq30
                0x100001cc                __unhandled_user_irq
                0x100001cc                isr_irq13
                0x100001cc                isr_irq27
                0x100001cc                isr_irq31
                0x100001cc                isr_irq5
                0x100001cc                isr_irq11
                0x100001cc                isr_irq23
                0x100001cc                isr_irq18
                0x100001cc                isr_irq28
                0x100001cc                isr_irq19
                0x100001cc                isr_irq0
                0x100001cc                isr_irq6
                0x100001cc                isr_irq22
                0x100001cc                isr_irq17
                0x100001cc                isr_irq14
                0x100001cc                isr_irq2
                0x100001cc                isr_irq10
                0x100001cc                isr_irq8
                0x100001cc                isr_irq24
                0x100001cc                isr_irq1
                0x100001cc                isr_irq7
                0x100001cc                isr_irq21
                0x100001cc                isr_irq20
                0x100001cc                isr_irq15
                0x100001cc                isr_irq25
                0x100001cc                isr_irq4
                0x100001cc                isr_irq16
                0x100001cc                isr_irq29
                0x100001cc                isr_irq26
                0x100001cc                __default_isrs_end
                0x100001cc                isr_irq3
                0x100001cc                isr_irq12
                0x100001cc                isr_irq9
                0x100001d2                unhandled_user_irq_num_in_r0
 *(.binary_info_header)
 .binary_info_header
                0x100001d4       0x14 CMakeFiles/hw16.dir/home/milan/.pico-sdk/sdk/1.5.1/src/rp2_common/pico_standard_link/crt0.S.obj
                0x100001e8                        __binary_info_header_end = .
 *(.reset)
 .reset         0x100001e8       0xa0 CMakeFiles/hw16.dir/home/milan/.pico-sdk/sdk/1.5.1/src/rp2_common/pico_standard_link/crt0.S.obj
                0x100001e8                _entry_point
 .reset         0x10000288       0x30 CMakeFiles/hw16.dir/home/milan/.pico-sdk/sdk/1.5.1/src/rp2_common/pico_standard_link/binary_info.c.obj
 *(.init)
 .init          0x100002b8        0x4 /home/milan/.pico-sdk/toolchain/13_2_Rel1/bin/../lib/gcc/arm-none-eabi/13.2.1/thumb/v6-m/nofp/crti.o
                0x100002b8                _init
 *(EXCLUDE_FILE(*libm.a: *libc.a:*lib_a-mem*.o *libgcc.a:) .text*)
 .text.register_tm_clones
                0x100002bc       0x28 /home/milan/.pico-sdk/toolchain/13_2_Rel1/bin/../lib/gcc/arm-none-eabi/13.2.1/thumb/v6-m/nofp/crtbegin.o
 .text.frame_dummy
                0x100002e4       0x24 /home/milan/.pico-sdk/toolchain/13_2_Rel1/bin/../lib/gcc/arm-none-eabi/13.2.1/thumb/v6-m/nofp/crtbegin.o
 .text.on_uart_rx
                0x10000308      0x138 CMakeFiles/hw16.dir/hw16.c.obj
                0x10000308                on_uart_rx
 .text.init_pwm
                0x10000440       0x44 CMakeFiles/hw16.dir/hw16.c.obj
                0x10000440                init_pwm
 .text.startup.main
                0x10000484       0xe4 CMakeFiles/hw16.dir/hw16.c.obj
                0x10000484                main
 .text.gpio_set_function
                0x10000568       0x30 CMakeFiles/hw16.dir/home/milan/.pico-sdk/sdk/1.5.1/src/rp2_common/hardware_gpio/gpio.c.obj
                0x10000568                gpio_set_function
 .text.gpio_init
                0x10000598       0x3c CMakeFiles/hw16.dir/home/milan/.pico-sdk/sdk/1.5.1/src/rp2_common/hardware_gpio/gpio.c.obj
                0x10000598                gpio_init
 .text.running_on_fpga
                0x100005d4       0x10 CMakeFiles/hw16.dir/home/milan/.pico-sdk/sdk/1.5.1/src/rp2_common/pico_platform/platform.c.obj
                0x100005d4                running_on_fpga
 .text.hw_claim_or_assert
                0x100005e4       0x44 CMakeFiles/hw16.dir/home/milan/.pico-sdk/sdk/1.5.1/src/rp2_common/hardware_claim/claim.c.obj
                0x100005e4                hw_claim_or_assert
 .text.spin_locks_reset
                0x10000628       0x1c CMakeFiles/hw16.dir/home/milan/.pico-sdk/sdk/1.5.1/src/rp2_common/hardware_sync/sync.c.obj
                0x10000628                spin_locks_reset
 .text.next_striped_spin_lock_num
                0x10000644       0x18 CMakeFiles/hw16.dir/home/milan/.pico-sdk/sdk/1.5.1/src/rp2_common/hardware_sync/sync.c.obj
                0x10000644                next_striped_spin_lock_num
 .text.irq_set_enabled
                0x1000065c       0x24 CMakeFiles/hw16.dir/home/milan/.pico-sdk/sdk/1.5.1/src/rp2_common/hardware_irq/irq.c.obj
                0x1000065c                irq_set_enabled
 .text.irq_get_vtable_handler
                0x10000680       0x10 CMakeFiles/hw16.dir/home/milan/.pico-sdk/sdk/1.5.1/src/rp2_common/hardware_irq/irq.c.obj
                0x10000680                irq_get_vtable_handler
 .text.irq_set_exclusive_handler
                0x10000690       0x54 CMakeFiles/hw16.dir/home/milan/.pico-sdk/sdk/1.5.1/src/rp2_common/hardware_irq/irq.c.obj
                0x10000690                irq_set_exclusive_handler
 .text.irq_remove_handler
                0x100006e4      0x1c4 CMakeFiles/hw16.dir/home/milan/.pico-sdk/sdk/1.5.1/src/rp2_common/hardware_irq/irq.c.obj
                0x100006e4                irq_remove_handler
 .text.irq_add_tail_to_free_list
                0x100008a8       0xb4 CMakeFiles/hw16.dir/home/milan/.pico-sdk/sdk/1.5.1/src/rp2_common/hardware_irq/irq.c.obj
                0x100008a8                irq_add_tail_to_free_list
 .text.irq_init_priorities
                0x1000095c       0x24 CMakeFiles/hw16.dir/home/milan/.pico-sdk/sdk/1.5.1/src/rp2_common/hardware_irq/irq.c.obj
                0x1000095c                irq_init_priorities
 .text.lock_init
                0x10000980       0x10 CMakeFiles/hw16.dir/home/milan/.pico-sdk/sdk/1.5.1/src/common/pico_sync/lock_core.c.obj
                0x10000980                lock_init
 .text.mutex_init
                0x10000990       0x1c CMakeFiles/hw16.dir/home/milan/.pico-sdk/sdk/1.5.1/src/common/pico_sync/mutex.c.obj
                0x10000990                mutex_init
 .text.recursive_mutex_init
                0x100009ac       0x1c CMakeFiles/hw16.dir/home/milan/.pico-sdk/sdk/1.5.1/src/common/pico_sync/mutex.c.obj
                0x100009ac                recursive_mutex_init
 .text.timer_pool_entry_comparator
                0x100009c8       0x34 CMakeFiles/hw16.dir/home/milan/.pico-sdk/sdk/1.5.1/src/common/pico_time/time.c.obj
                0x100009c8                timer_pool_entry_comparator
 .text.sleep_until_callback
                0x100009fc       0x30 CMakeFiles/hw16.dir/home/milan/.pico-sdk/sdk/1.5.1/src/common/pico_time/time.c.obj
 .text.add_alarm_under_lock.isra.0
                0x10000a2c      0x100 CMakeFiles/hw16.dir/home/milan/.pico-sdk/sdk/1.5.1/src/common/pico_time/time.c.obj
 .text.alarm_pool_alarm_callback
                0x10000b2c      0x1c0 CMakeFiles/hw16.dir/home/milan/.pico-sdk/sdk/1.5.1/src/common/pico_time/time.c.obj
 .text.alarm_pool_init_default
                0x10000cec       0x6c CMakeFiles/hw16.dir/home/milan/.pico-sdk/sdk/1.5.1/src/common/pico_time/time.c.obj
                0x10000cec                alarm_pool_init_default
 .text.alarm_pool_add_alarm_at
                0x10000d58      0x17c CMakeFiles/hw16.dir/home/milan/.pico-sdk/sdk/1.5.1/src/common/pico_time/time.c.obj
                0x10000d58                alarm_pool_add_alarm_at
 .text.best_effort_wfe_or_timeout
                0x10000ed4       0xcc CMakeFiles/hw16.dir/home/milan/.pico-sdk/sdk/1.5.1/src/common/pico_time/time.c.obj
                0x10000ed4                best_effort_wfe_or_timeout
 .text.hardware_alarm_irq_handler
                0x10000fa0       0xbc CMakeFiles/hw16.dir/home/milan/.pico-sdk/sdk/1.5.1/src/rp2_common/hardware_timer/timer.c.obj
 .text.hardware_alarm_claim
                0x1000105c       0x18 CMakeFiles/hw16.dir/home/milan/.pico-sdk/sdk/1.5.1/src/rp2_common/hardware_timer/timer.c.obj
                0x1000105c                hardware_alarm_claim
 .text.time_us_64
                0x10001074       0x14 CMakeFiles/hw16.dir/home/milan/.pico-sdk/sdk/1.5.1/src/rp2_common/hardware_timer/timer.c.obj
                0x10001074                time_us_64
 .text.busy_wait_us
                0x10001088       0x68 CMakeFiles/hw16.dir/home/milan/.pico-sdk/sdk/1.5.1/src/rp2_common/hardware_timer/timer.c.obj
                0x10001088                busy_wait_us
 .text.hardware_alarm_set_callback
                0x100010f0       0x8c CMakeFiles/hw16.dir/home/milan/.pico-sdk/sdk/1.5.1/src/rp2_common/hardware_timer/timer.c.obj
                0x100010f0                hardware_alarm_set_callback
 .text.hardware_alarm_set_target
                0x1000117c       0xd0 CMakeFiles/hw16.dir/home/milan/.pico-sdk/sdk/1.5.1/src/rp2_common/hardware_timer/timer.c.obj
                0x1000117c                hardware_alarm_set_target
 .text.hardware_alarm_cancel
                0x1000124c       0x3c CMakeFiles/hw16.dir/home/milan/.pico-sdk/sdk/1.5.1/src/rp2_common/hardware_timer/timer.c.obj
                0x1000124c                hardware_alarm_cancel
 .text.ph_merge_nodes
                0x10001288       0x58 CMakeFiles/hw16.dir/home/milan/.pico-sdk/sdk/1.5.1/src/common/pico_util/pheap.c.obj
 .text.ph_post_alloc_init
                0x100012e0       0x3c CMakeFiles/hw16.dir/home/milan/.pico-sdk/sdk/1.5.1/src/common/pico_util/pheap.c.obj
                0x100012e0                ph_post_alloc_init
 .text.ph_merge_two_pass
                0x1000131c       0x8c CMakeFiles/hw16.dir/home/milan/.pico-sdk/sdk/1.5.1/src/common/pico_util/pheap.c.obj
                0x1000131c                ph_merge_two_pass
 .text.ph_remove_any_head
                0x100013a8      0x100 CMakeFiles/hw16.dir/home/milan/.pico-sdk/sdk/1.5.1/src/common/pico_util/pheap.c.obj
 .text.ph_remove_head
                0x100014a8      0x104 CMakeFiles/hw16.dir/home/milan/.pico-sdk/sdk/1.5.1/src/common/pico_util/pheap.c.obj
                0x100014a8                ph_remove_head
 .text.ph_remove_and_free_node
                0x100015ac       0x78 CMakeFiles/hw16.dir/home/milan/.pico-sdk/sdk/1.5.1/src/common/pico_util/pheap.c.obj
                0x100015ac                ph_remove_and_free_node
 .text.uart_init
                0x10001624      0x18c CMakeFiles/hw16.dir/home/milan/.pico-sdk/sdk/1.5.1/src/rp2_common/hardware_uart/uart.c.obj
                0x10001624                uart_init
 .text.uart_set_format
                0x100017b0       0x7c CMakeFiles/hw16.dir/home/milan/.pico-sdk/sdk/1.5.1/src/rp2_common/hardware_uart/uart.c.obj
                0x100017b0                uart_set_format
 .text.uart_set_fifo_enabled
                0x1000182c       0x60 CMakeFiles/hw16.dir/home/milan/.pico-sdk/sdk/1.5.1/src/rp2_common/hardware_uart/uart.c.obj
                0x1000182c                uart_set_fifo_enabled
 .text.clocks_init
                0x1000188c      0x2c8 CMakeFiles/hw16.dir/home/milan/.pico-sdk/sdk/1.5.1/src/rp2_common/hardware_clocks/clocks.c.obj
                0x1000188c                clocks_init
 .text.clock_get_hz
                0x10001b54        0xc CMakeFiles/hw16.dir/home/milan/.pico-sdk/sdk/1.5.1/src/rp2_common/hardware_clocks/clocks.c.obj
                0x10001b54                clock_get_hz
 .text.pll_init
                0x10001b60       0xa4 CMakeFiles/hw16.dir/home/milan/.pico-sdk/sdk/1.5.1/src/rp2_common/hardware_pll/pll.c.obj
                0x10001b60                pll_init
 .text.watchdog_start_tick
                0x10001c04       0x10 CMakeFiles/hw16.dir/home/milan/.pico-sdk/sdk/1.5.1/src/rp2_common/hardware_watchdog/watchdog.c.obj
                0x10001c04                watchdog_start_tick
 .text.xosc_init
                0x10001c14       0x28 CMakeFiles/hw16.dir/home/milan/.pico-sdk/sdk/1.5.1/src/rp2_common/hardware_xosc/xosc.c.obj
                0x10001c14                xosc_init
 .text.runtime_init
                0x10001c3c       0xf0 CMakeFiles/hw16.dir/home/milan/.pico-sdk/sdk/1.5.1/src/rp2_common/pico_runtime/runtime.c.obj
                0x10001c3c                runtime_init
 .text._exit    0x10001d2c        0x4 CMakeFiles/hw16.dir/home/milan/.pico-sdk/sdk/1.5.1/src/rp2_common/pico_runtime/runtime.c.obj
                0x10001d2c                _exit
 .text._sbrk    0x10001d30       0x34 CMakeFiles/hw16.dir/home/milan/.pico-sdk/sdk/1.5.1/src/rp2_common/pico_runtime/runtime.c.obj
                0x10001d30                _sbrk
 .text.exit     0x10001d64        0x8 CMakeFiles/hw16.dir/home/milan/.pico-sdk/sdk/1.5.1/src/rp2_common/pico_runtime/runtime.c.obj
                0x10001d64                exit
 .text.__assert_func
                0x10001d6c       0x38 CMakeFiles/hw16.dir/home/milan/.pico-sdk/sdk/1.5.1/src/rp2_common/pico_runtime/runtime.c.obj
                0x10001d6c                __assert_func
 .text.panic    0x10001da4       0x30 CMakeFiles/hw16.dir/home/milan/.pico-sdk/sdk/1.5.1/src/rp2_common/pico_runtime/runtime.c.obj
                0x10001da4                panic
 .text.hard_assertion_failure
                0x10001dd4        0xc CMakeFiles/hw16.dir/home/milan/.pico-sdk/sdk/1.5.1/src/rp2_common/pico_runtime/runtime.c.obj
                0x10001dd4                hard_assertion_failure
 .text._out_buffer
                0x10001de0        0x8 CMakeFiles/hw16.dir/home/milan/.pico-sdk/sdk/1.5.1/src/rp2_common/pico_printf/printf.c.obj
 .text._out_null
                0x10001de8        0x4 CMakeFiles/hw16.dir/home/milan/.pico-sdk/sdk/1.5.1/src/rp2_common/pico_printf/printf.c.obj
 .text._out_rev
                0x10001dec       0xac CMakeFiles/hw16.dir/home/milan/.pico-sdk/sdk/1.5.1/src/rp2_common/pico_printf/printf.c.obj
 .text._ntoa_format
                0x10001e98      0x250 CMakeFiles/hw16.dir/home/milan/.pico-sdk/sdk/1.5.1/src/rp2_common/pico_printf/printf.c.obj
 .text._out_char
                0x100020e8       0x10 CMakeFiles/hw16.dir/home/milan/.pico-sdk/sdk/1.5.1/src/rp2_common/pico_printf/printf.c.obj
 .text._etoa    0x100020f8      0x464 CMakeFiles/hw16.dir/home/milan/.pico-sdk/sdk/1.5.1/src/rp2_common/pico_printf/printf.c.obj
 .text._ftoa    0x1000255c      0x3c0 CMakeFiles/hw16.dir/home/milan/.pico-sdk/sdk/1.5.1/src/rp2_common/pico_printf/printf.c.obj
 .text._vsnprintf
                0x1000291c      0xbc8 CMakeFiles/hw16.dir/home/milan/.pico-sdk/sdk/1.5.1/src/rp2_common/pico_printf/printf.c.obj
 .text.__wrap_sprintf
                0x100034e4       0x2c CMakeFiles/hw16.dir/home/milan/.pico-sdk/sdk/1.5.1/src/rp2_common/pico_printf/printf.c.obj
                0x100034e4                __wrap_sprintf
 .text.weak_raw_printf
                0x10003510       0x40 CMakeFiles/hw16.dir/home/milan/.pico-sdk/sdk/1.5.1/src/rp2_common/pico_printf/printf.c.obj
                0x10003510                weak_raw_printf
 .text.weak_raw_vprintf
                0x10003550       0x30 CMakeFiles/hw16.dir/home/milan/.pico-sdk/sdk/1.5.1/src/rp2_common/pico_printf/printf.c.obj
                0x10003550                weak_raw_vprintf
 .text          0x10003580       0x10 CMakeFiles/hw16.dir/home/milan/.pico-sdk/sdk/1.5.1/src/rp2_common/pico_bit_ops/bit_ops_aeabi.S.obj
 .text.rom_func_lookup
                0x10003590       0x10 CMakeFiles/hw16.dir/home/milan/.pico-sdk/sdk/1.5.1/src/rp2_common/pico_bootrom/bootrom.c.obj
                0x10003590                rom_func_lookup
 .text.rom_data_lookup
                0x100035a0       0x10 CMakeFiles/hw16.dir/home/milan/.pico-sdk/sdk/1.5.1/src/rp2_common/pico_bootrom/bootrom.c.obj
                0x100035a0                rom_data_lookup
 .text.rom_funcs_lookup
                0x100035b0       0x44 CMakeFiles/hw16.dir/home/milan/.pico-sdk/sdk/1.5.1/src/rp2_common/pico_bootrom/bootrom.c.obj
                0x100035b0                rom_funcs_lookup
 .text.__wrap___aeabi_idiv
                0x100035f4       0x50 CMakeFiles/hw16.dir/home/milan/.pico-sdk/sdk/1.5.1/src/rp2_common/pico_divider/divider.S.obj
                0x100035f4                __wrap___aeabi_idivmod
                0x100035f4                divmod_s32s32
                0x100035f4                div_s32s32
                0x100035f4                __wrap___aeabi_idiv
                0x100035fc                divmod_s32s32_unsafe
                0x10003628                divmod_s32s32_savestate
 .text.__wrap___aeabi_uidiv
                0x10003644       0x4c CMakeFiles/hw16.dir/home/milan/.pico-sdk/sdk/1.5.1/src/rp2_common/pico_divider/divider.S.obj
                0x10003644                __wrap___aeabi_uidiv
                0x10003644                __wrap___aeabi_uidivmod
                0x10003644                div_u32u32
                0x10003644                divmod_u32u32
                0x1000364c                divmod_u32u32_unsafe
                0x10003674                divmod_u32u32_savestate
 .text.__wrap___aeabi_ldiv
                0x10003690      0x424 CMakeFiles/hw16.dir/home/milan/.pico-sdk/sdk/1.5.1/src/rp2_common/pico_divider/divider.S.obj
                0x10003690                div_s64s64
                0x10003690                divmod_s64s64
                0x10003690                __wrap___aeabi_ldivmod
                0x100036c0                div_u64u64
                0x100036c0                divmod_u64u64
                0x100036c0                __wrap___aeabi_uldivmod
                0x100036d0                divmod_u64u64_savestate
                0x100036f0                divmod_s64s64_unsafe
                0x10003778                divmod_u64u64_unsafe
 .text.__wrap___aeabi_darithmetic
                0x10003ab4       0x80 CMakeFiles/hw16.dir/home/milan/.pico-sdk/sdk/1.5.1/src/rp2_common/pico_double/double_aeabi.S.obj
                0x10003ab4                __wrap___aeabi_drsub
                0x10003aba                __wrap___aeabi_dsub
                0x10003acc                __wrap___aeabi_dadd
                0x10003ade                __wrap___aeabi_ddiv
                0x10003b1a                __wrap___aeabi_dmul
 .text.__wrap___aeabi_cdcmple
                0x10003b34       0x6c CMakeFiles/hw16.dir/home/milan/.pico-sdk/sdk/1.5.1/src/rp2_common/pico_double/double_aeabi.S.obj
                0x10003b34                __wrap___aeabi_cdrcmple
                0x10003b44                __wrap___aeabi_cdcmple
                0x10003b44                __wrap___aeabi_cdcmpeq
 .text.__wrap___aeabi_dcmpeq
                0x10003ba0       0x10 CMakeFiles/hw16.dir/home/milan/.pico-sdk/sdk/1.5.1/src/rp2_common/pico_double/double_aeabi.S.obj
                0x10003ba0                __wrap___aeabi_dcmpeq
 .text.__wrap___aeabi_dcmplt
                0x10003bb0        0xc CMakeFiles/hw16.dir/home/milan/.pico-sdk/sdk/1.5.1/src/rp2_common/pico_double/double_aeabi.S.obj
                0x10003bb0                __wrap___aeabi_dcmplt
 .text.__wrap___aeabi_dcmple
                0x10003bbc       0x10 CMakeFiles/hw16.dir/home/milan/.pico-sdk/sdk/1.5.1/src/rp2_common/pico_double/double_aeabi.S.obj
                0x10003bbc                __wrap___aeabi_dcmple
 .text.__wrap___aeabi_dcmpge
                0x10003bcc       0x10 CMakeFiles/hw16.dir/home/milan/.pico-sdk/sdk/1.5.1/src/rp2_common/pico_double/double_aeabi.S.obj
                0x10003bcc                __wrap___aeabi_dcmpge
 .text.__wrap___aeabi_dcmpgt
                0x10003bdc        0xa CMakeFiles/hw16.dir/home/milan/.pico-sdk/sdk/1.5.1/src/rp2_common/pico_double/double_aeabi.S.obj
                0x10003bdc                __wrap___aeabi_dcmpgt
 .text.__wrap___aeabi_dcmpun
                0x10003be6       0x1c CMakeFiles/hw16.dir/home/milan/.pico-sdk/sdk/1.5.1/src/rp2_common/pico_double/double_aeabi.S.obj
                0x10003be6                __wrap___aeabi_dcmpun
 *fill*         0x10003c02        0x2 
 .text.__wrap___aeabi_i2d
                0x10003c04       0x38 CMakeFiles/hw16.dir/home/milan/.pico-sdk/sdk/1.5.1/src/rp2_common/pico_double/double_aeabi.S.obj
                0x10003c04                __wrap___aeabi_ui2d
                0x10003c0c                __wrap___aeabi_i2d
 .text.__wrap___aeabi_d2iz
                0x10003c3c       0x48 CMakeFiles/hw16.dir/home/milan/.pico-sdk/sdk/1.5.1/src/rp2_common/pico_double/double_aeabi.S.obj
                0x10003c3c                __wrap___aeabi_d2iz
                0x10003c3c                double2int_z
 .text.__wrap___aeabi_d2uiz
                0x10003c84       0x18 CMakeFiles/hw16.dir/home/milan/.pico-sdk/sdk/1.5.1/src/rp2_common/pico_double/double_aeabi.S.obj
                0x10003c84                double2uint
                0x10003c84                __wrap___aeabi_d2uiz
 .text.__wrap___aeabi_l2d
                0x10003c9c       0x18 CMakeFiles/hw16.dir/home/milan/.pico-sdk/sdk/1.5.1/src/rp2_common/pico_double/double_aeabi.S.obj
                0x10003c9c                __wrap___aeabi_l2d
 .text.__wrap___aeabi_d2lz
                0x10003cb4       0x26 CMakeFiles/hw16.dir/home/milan/.pico-sdk/sdk/1.5.1/src/rp2_common/pico_double/double_aeabi.S.obj
                0x10003cb4                __wrap___aeabi_d2lz
                0x10003cb4                double2int64_z
 *fill*         0x10003cda        0x2 
 .text.double2int64
                0x10003cdc       0x18 CMakeFiles/hw16.dir/home/milan/.pico-sdk/sdk/1.5.1/src/rp2_common/pico_double/double_aeabi.S.obj
                0x10003cdc                double2int64
 .text.double2ufix64
                0x10003cf4       0x18 CMakeFiles/hw16.dir/home/milan/.pico-sdk/sdk/1.5.1/src/rp2_common/pico_double/double_aeabi.S.obj
                0x10003cf4                double2ufix64
 .text.__wrap___aeabi_d2f
                0x10003d0c       0x18 CMakeFiles/hw16.dir/home/milan/.pico-sdk/sdk/1.5.1/src/rp2_common/pico_double/double_aeabi.S.obj
                0x10003d0c                __wrap___aeabi_d2f
 .text.__aeabi_double_init
                0x10003d24       0x98 CMakeFiles/hw16.dir/home/milan/.pico-sdk/sdk/1.5.1/src/rp2_common/pico_double/double_init_rom.c.obj
                0x10003d24                __aeabi_double_init
 .text.double_table_shim_on_use_helper
                0x10003dbc       0x2c CMakeFiles/hw16.dir/home/milan/.pico-sdk/sdk/1.5.1/src/rp2_common/pico_double/double_v1_rom_shim.S.obj
                0x10003dbc                double_table_shim_on_use_helper
 .text.__wrap___aeabi_dsub
                0x10003de8       0x10 CMakeFiles/hw16.dir/home/milan/.pico-sdk/sdk/1.5.1/src/rp2_common/pico_double/double_v1_rom_shim.S.obj
                0x10003de8                drsub_shim
                0x10003dee                dsub_shim
 .text.dadd_shim
                0x10003df8      0x15c CMakeFiles/hw16.dir/home/milan/.pico-sdk/sdk/1.5.1/src/rp2_common/pico_double/double_v1_rom_shim.S.obj
                0x10003df8                dadd_shim
 .text.dmul_shim
                0x10003f54      0x15c CMakeFiles/hw16.dir/home/milan/.pico-sdk/sdk/1.5.1/src/rp2_common/pico_double/double_v1_rom_shim.S.obj
                0x10003f54                dmul_shim
 .text.ddiv_shim
                0x100040b0      0x1b0 CMakeFiles/hw16.dir/home/milan/.pico-sdk/sdk/1.5.1/src/rp2_common/pico_double/double_v1_rom_shim.S.obj
                0x100040b0                ddiv_shim
 .text.double2uint_shim
                0x10004260        0xe CMakeFiles/hw16.dir/home/milan/.pico-sdk/sdk/1.5.1/src/rp2_common/pico_double/double_v1_rom_shim.S.obj
                0x10004260                double2uint_shim
                0x10004262                double2ufix_shim
 .text.double2int64_shim
                0x1000426e       0x1a CMakeFiles/hw16.dir/home/milan/.pico-sdk/sdk/1.5.1/src/rp2_common/pico_double/double_v1_rom_shim.S.obj
                0x1000426e                double2int64_shim
                0x10004270                double2fix64_shim
 .text.double2uint64_shim
                0x10004288       0x70 CMakeFiles/hw16.dir/home/milan/.pico-sdk/sdk/1.5.1/src/rp2_common/pico_double/double_v1_rom_shim.S.obj
                0x10004288                double2uint64_shim
                0x1000428a                double2ufix64_shim
                0x100042aa                d2fix_a
 .text.double2float_shim
                0x100042f8       0x5c CMakeFiles/hw16.dir/home/milan/.pico-sdk/sdk/1.5.1/src/rp2_common/pico_double/double_v1_rom_shim.S.obj
                0x100042f8                double2float_shim
 .text.x2double_shims
                0x10004354       0x90 CMakeFiles/hw16.dir/home/milan/.pico-sdk/sdk/1.5.1/src/rp2_common/pico_double/double_v1_rom_shim.S.obj
                0x10004354                uint2double_shim
                0x10004356                ufix2double_shim
                0x1000435c                int2double_shim
                0x1000435e                fix2double_shim
                0x10004364                uint642double_shim
                0x10004366                ufix642double_shim
                0x1000436c                int642double_shim
                0x1000436e                fix642double_shim
 .text.dunpacks
                0x100043e4       0x3c CMakeFiles/hw16.dir/home/milan/.pico-sdk/sdk/1.5.1/src/rp2_common/pico_double/double_v1_rom_shim.S.obj
                0x100043e4                dunpacks
 .text.__aeabi_lmul
                0x10004420       0x32 CMakeFiles/hw16.dir/home/milan/.pico-sdk/sdk/1.5.1/src/rp2_common/pico_int64_ops/pico_int64_ops_aeabi.S.obj
                0x10004420                __wrap___aeabi_lmul
 *fill*         0x10004452        0x2 
 .text.__aeabi_float_init
                0x10004454       0x64 CMakeFiles/hw16.dir/home/milan/.pico-sdk/sdk/1.5.1/src/rp2_common/pico_float/float_init_rom.c.obj
                0x10004454                __aeabi_float_init
 .text.float_table_shim_on_use_helper
                0x100044b8       0x2c CMakeFiles/hw16.dir/home/milan/.pico-sdk/sdk/1.5.1/src/rp2_common/pico_float/float_v1_rom_shim.S.obj
                0x100044b8                float_table_shim_on_use_helper
 .text.__wrap_malloc
                0x100044e4       0x24 CMakeFiles/hw16.dir/home/milan/.pico-sdk/sdk/1.5.1/src/rp2_common/pico_malloc/pico_malloc.c.obj
                0x100044e4                __wrap_malloc
 .text.__wrap_realloc
                0x10004508       0x24 CMakeFiles/hw16.dir/home/milan/.pico-sdk/sdk/1.5.1/src/rp2_common/pico_malloc/pico_malloc.c.obj
                0x10004508                __wrap_realloc
 .text.__wrap_free
                0x1000452c        0x8 CMakeFiles/hw16.dir/home/milan/.pico-sdk/sdk/1.5.1/src/rp2_common/pico_malloc/pico_malloc.c.obj
                0x1000452c                __wrap_free
 .text          0x10004534       0x10 CMakeFiles/hw16.dir/home/milan/.pico-sdk/sdk/1.5.1/src/rp2_common/pico_mem_ops/mem_ops_aeabi.S.obj
                0x10004534                __aeabi_mem_init
 .text.memset   0x10004544        0xc CMakeFiles/hw16.dir/home/milan/.pico-sdk/sdk/1.5.1/src/rp2_common/pico_mem_ops/mem_ops_aeabi.S.obj
                0x10004544                __wrap_memset
 .text.memcpy   0x10004550        0xc CMakeFiles/hw16.dir/home/milan/.pico-sdk/sdk/1.5.1/src/rp2_common/pico_mem_ops/mem_ops_aeabi.S.obj
                0x10004550                __wrap___aeabi_memcpy
                0x10004550                __wrap_memcpy
 .text.stdio_out_chars_crlf
                0x1000455c       0x94 CMakeFiles/hw16.dir/home/milan/.pico-sdk/sdk/1.5.1/src/rp2_common/pico_stdio/stdio.c.obj
 .text.__wrap_putchar
                0x100045f0       0x98 CMakeFiles/hw16.dir/home/milan/.pico-sdk/sdk/1.5.1/src/rp2_common/pico_stdio/stdio.c.obj
                0x100045f0                __wrap_putchar
 .text.__wrap_puts
                0x10004688       0xe0 CMakeFiles/hw16.dir/home/milan/.pico-sdk/sdk/1.5.1/src/rp2_common/pico_stdio/stdio.c.obj
                0x10004688                __wrap_puts
 .text.stdio_init_all
                0x10004768        0x4 CMakeFiles/hw16.dir/home/milan/.pico-sdk/sdk/1.5.1/src/rp2_common/pico_stdio/stdio.c.obj
                0x10004768                stdio_init_all
 .text.sscanf   0x1000476c       0x50 /home/milan/.pico-sdk/toolchain/13_2_Rel1/bin/../lib/gcc/arm-none-eabi/13.2.1/../../../../arm-none-eabi/lib/thumb/v6-m/nofp/libc.a(libc_a-sscanf.o)
                0x1000476c                sscanf
 .text.__seofread
                0x100047bc        0x4 /home/milan/.pico-sdk/toolchain/13_2_Rel1/bin/../lib/gcc/arm-none-eabi/13.2.1/../../../../arm-none-eabi/lib/thumb/v6-m/nofp/libc.a(libc_a-stdio.o)
                0x100047bc                __seofread
 .text.__ssvfscanf_r
                0x100047c0     0x1868 /home/milan/.pico-sdk/toolchain/13_2_Rel1/bin/../lib/gcc/arm-none-eabi/13.2.1/../../../../arm-none-eabi/lib/thumb/v6-m/nofp/libc.a(libc_a-svfscanf.o)
                0x100047c0                __ssvfscanf_r
 .text.malloc   0x10006028       0x14 /home/milan/.pico-sdk/toolchain/13_2_Rel1/bin/../lib/gcc/arm-none-eabi/13.2.1/../../../../arm-none-eabi/lib/thumb/v6-m/nofp/libc.a(libc_a-malloc.o)
                0x10006028                malloc
 .text.free     0x1000603c       0x14 /home/milan/.pico-sdk/toolchain/13_2_Rel1/bin/../lib/gcc/arm-none-eabi/13.2.1/../../../../arm-none-eabi/lib/thumb/v6-m/nofp/libc.a(libc_a-malloc.o)
                0x1000603c                free
 .text._malloc_r
                0x10006050      0x5c4 /home/milan/.pico-sdk/toolchain/13_2_Rel1/bin/../lib/gcc/arm-none-eabi/13.2.1/../../../../arm-none-eabi/lib/thumb/v6-m/nofp/libc.a(libc_a-mallocr.o)
                0x10006050                _malloc_r
 .text._mbrtowc_r
                0x10006614       0x54 /home/milan/.pico-sdk/toolchain/13_2_Rel1/bin/../lib/gcc/arm-none-eabi/13.2.1/../../../../arm-none-eabi/lib/thumb/v6-m/nofp/libc.a(libc_a-mbrtowc.o)
                0x10006614                _mbrtowc_r
 .text.__locale_mb_cur_max
                0x10006668       0x10 /home/milan/.pico-sdk/toolchain/13_2_Rel1/bin/../lib/gcc/arm-none-eabi/13.2.1/../../../../arm-none-eabi/lib/thumb/v6-m/nofp/libc.a(libc_a-locale.o)
                0x10006668                __locale_mb_cur_max
 .text._localeconv_r
                0x10006678        0x8 /home/milan/.pico-sdk/toolchain/13_2_Rel1/bin/../lib/gcc/arm-none-eabi/13.2.1/../../../../arm-none-eabi/lib/thumb/v6-m/nofp/libc.a(libc_a-localeconv.o)
                0x10006678                _localeconv_r
 .text.sysconf  0x10006680       0x1c /home/milan/.pico-sdk/toolchain/13_2_Rel1/bin/../lib/gcc/arm-none-eabi/13.2.1/../../../../arm-none-eabi/lib/thumb/v6-m/nofp/libc.a(libc_a-sysconf.o)
                0x10006680                sysconf
 .text          0x1000669c       0x88 /home/milan/.pico-sdk/toolchain/13_2_Rel1/bin/../lib/gcc/arm-none-eabi/13.2.1/../../../../arm-none-eabi/lib/thumb/v6-m/nofp/libc.a(libc_a-strcmp.o)
                0x1000669c                strcmp
 .text.__malloc_lock
                0x10006724       0x10 /home/milan/.pico-sdk/toolchain/13_2_Rel1/bin/../lib/gcc/arm-none-eabi/13.2.1/../../../../arm-none-eabi/lib/thumb/v6-m/nofp/libc.a(libc_a-mlock.o)
                0x10006724                __malloc_lock
 .text.__malloc_unlock
                0x10006734       0x10 /home/milan/.pico-sdk/toolchain/13_2_Rel1/bin/../lib/gcc/arm-none-eabi/13.2.1/../../../../arm-none-eabi/lib/thumb/v6-m/nofp/libc.a(libc_a-mlock.o)
                0x10006734                __malloc_unlock
 .text._calloc_r
                0x10006744       0xa8 /home/milan/.pico-sdk/toolchain/13_2_Rel1/bin/../lib/gcc/arm-none-eabi/13.2.1/../../../../arm-none-eabi/lib/thumb/v6-m/nofp/libc.a(libc_a-callocr.o)
                0x10006744                _calloc_r
 .text.realloc  0x100067ec       0x18 /home/milan/.pico-sdk/toolchain/13_2_Rel1/bin/../lib/gcc/arm-none-eabi/13.2.1/../../../../arm-none-eabi/lib/thumb/v6-m/nofp/libc.a(libc_a-realloc.o)
                0x100067ec                realloc
 .text.strlen   0x10006804       0x5c /home/milan/.pico-sdk/toolchain/13_2_Rel1/bin/../lib/gcc/arm-none-eabi/13.2.1/../../../../arm-none-eabi/lib/thumb/v6-m/nofp/libc.a(libc_a-strlen-stub.o)
                0x10006804                strlen
 .text.__sccl   0x10006860       0x80 /home/milan/.pico-sdk/toolchain/13_2_Rel1/bin/../lib/gcc/arm-none-eabi/13.2.1/../../../../arm-none-eabi/lib/thumb/v6-m/nofp/libc.a(libc_a-sccl.o)
                0x10006860                __sccl
 .text.nanf     0x100068e0        0x8 /home/milan/.pico-sdk/toolchain/13_2_Rel1/bin/../lib/gcc/arm-none-eabi/13.2.1/../../../../arm-none-eabi/lib/thumb/v6-m/nofp/libc.a(libm_a-sf_nan.o)
                0x100068e0                nanf
 .text._realloc_r
                0x100068e8      0x350 /home/milan/.pico-sdk/toolchain/13_2_Rel1/bin/../lib/gcc/arm-none-eabi/13.2.1/../../../../arm-none-eabi/lib/thumb/v6-m/nofp/libc.a(libc_a-reallocr.o)
                0x100068e8                _realloc_r
 .text.sulp     0x10006c38       0x30 /home/milan/.pico-sdk/toolchain/13_2_Rel1/bin/../lib/gcc/arm-none-eabi/13.2.1/../../../../arm-none-eabi/lib/thumb/v6-m/nofp/libc.a(libc_a-strtod.o)
 .text._strtod_l
                0x10006c68      0xeb8 /home/milan/.pico-sdk/toolchain/13_2_Rel1/bin/../lib/gcc/arm-none-eabi/13.2.1/../../../../arm-none-eabi/lib/thumb/v6-m/nofp/libc.a(libc_a-strtod.o)
                0x10006c68                _strtod_l
 .text._strtod_r
                0x10007b20       0x10 /home/milan/.pico-sdk/toolchain/13_2_Rel1/bin/../lib/gcc/arm-none-eabi/13.2.1/../../../../arm-none-eabi/lib/thumb/v6-m/nofp/libc.a(libc_a-strtod.o)
                0x10007b20                _strtod_r
 .text._malloc_trim_r
                0x10007b30       0xb4 /home/milan/.pico-sdk/toolchain/13_2_Rel1/bin/../lib/gcc/arm-none-eabi/13.2.1/../../../../arm-none-eabi/lib/thumb/v6-m/nofp/libc.a(libc_a-freer.o)
                0x10007b30                _malloc_trim_r
 .text._free_r  0x10007be4      0x1d4 /home/milan/.pico-sdk/toolchain/13_2_Rel1/bin/../lib/gcc/arm-none-eabi/13.2.1/../../../../arm-none-eabi/lib/thumb/v6-m/nofp/libc.a(libc_a-freer.o)
                0x10007be4                _free_r
 .text._strtol_l.isra.0
                0x10007db8      0x158 /home/milan/.pico-sdk/toolchain/13_2_Rel1/bin/../lib/gcc/arm-none-eabi/13.2.1/../../../../arm-none-eabi/lib/thumb/v6-m/nofp/libc.a(libc_a-strtol.o)
 .text._strtol_r
                0x10007f10        0x8 /home/milan/.pico-sdk/toolchain/13_2_Rel1/bin/../lib/gcc/arm-none-eabi/13.2.1/../../../../arm-none-eabi/lib/thumb/v6-m/nofp/libc.a(libc_a-strtol.o)
                0x10007f10                _strtol_r
 .text.rshift   0x10007f18       0xb0 /home/milan/.pico-sdk/toolchain/13_2_Rel1/bin/../lib/gcc/arm-none-eabi/13.2.1/../../../../arm-none-eabi/lib/thumb/v6-m/nofp/libc.a(libc_a-gdtoa-gethex.o)
 .text.__gethex
                0x10007fc8      0x5a8 /home/milan/.pico-sdk/toolchain/13_2_Rel1/bin/../lib/gcc/arm-none-eabi/13.2.1/../../../../arm-none-eabi/lib/thumb/v6-m/nofp/libc.a(libc_a-gdtoa-gethex.o)
                0x10007fc8                __gethex
 .text._strtoul_l.isra.0
                0x10008570      0x144 /home/milan/.pico-sdk/toolchain/13_2_Rel1/bin/../lib/gcc/arm-none-eabi/13.2.1/../../../../arm-none-eabi/lib/thumb/v6-m/nofp/libc.a(libc_a-strtoul.o)
 .text._strtoul_r
                0x100086b4        0x8 /home/milan/.pico-sdk/toolchain/13_2_Rel1/bin/../lib/gcc/arm-none-eabi/13.2.1/../../../../arm-none-eabi/lib/thumb/v6-m/nofp/libc.a(libc_a-strtoul.o)
                0x100086b4                _strtoul_r
 .text.__match  0x100086bc       0x2c /home/milan/.pico-sdk/toolchain/13_2_Rel1/bin/../lib/gcc/arm-none-eabi/13.2.1/../../../../arm-none-eabi/lib/thumb/v6-m/nofp/libc.a(libc_a-gdtoa-hexnan.o)
                0x100086bc                __match
 .text.__hexnan
                0x100086e8      0x204 /home/milan/.pico-sdk/toolchain/13_2_Rel1/bin/../lib/gcc/arm-none-eabi/13.2.1/../../../../arm-none-eabi/lib/thumb/v6-m/nofp/libc.a(libc_a-gdtoa-hexnan.o)
                0x100086e8                __hexnan
 .text.strncmp  0x100088ec       0x74 /home/milan/.pico-sdk/toolchain/13_2_Rel1/bin/../lib/gcc/arm-none-eabi/13.2.1/../../../../arm-none-eabi/lib/thumb/v6-m/nofp/libc.a(libc_a-strncmp.o)
                0x100088ec                strncmp
 .text._strtoll_l.isra.0
                0x10008960      0x1a0 /home/milan/.pico-sdk/toolchain/13_2_Rel1/bin/../lib/gcc/arm-none-eabi/13.2.1/../../../../arm-none-eabi/lib/thumb/v6-m/nofp/libc.a(libc_a-strtoll.o)
 .text._strtoll_r
                0x10008b00        0x8 /home/milan/.pico-sdk/toolchain/13_2_Rel1/bin/../lib/gcc/arm-none-eabi/13.2.1/../../../../arm-none-eabi/lib/thumb/v6-m/nofp/libc.a(libc_a-strtoll.o)
                0x10008b00                _strtoll_r
 .text._strtoull_l.isra.0
                0x10008b08      0x1c4 /home/milan/.pico-sdk/toolchain/13_2_Rel1/bin/../lib/gcc/arm-none-eabi/13.2.1/../../../../arm-none-eabi/lib/thumb/v6-m/nofp/libc.a(libc_a-strtoull.o)
 .text._strtoull_r
                0x10008ccc        0x8 /home/milan/.pico-sdk/toolchain/13_2_Rel1/bin/../lib/gcc/arm-none-eabi/13.2.1/../../../../arm-none-eabi/lib/thumb/v6-m/nofp/libc.a(libc_a-strtoull.o)
                0x10008ccc                _strtoull_r
 .text.iswspace
                0x10008cd4        0xc /home/milan/.pico-sdk/toolchain/13_2_Rel1/bin/../lib/gcc/arm-none-eabi/13.2.1/../../../../arm-none-eabi/lib/thumb/v6-m/nofp/libc.a(libc_a-iswspace.o)
                0x10008cd4                iswspace
 .text.iswspace_l
                0x10008ce0       0x24 /home/milan/.pico-sdk/toolchain/13_2_Rel1/bin/../lib/gcc/arm-none-eabi/13.2.1/../../../../arm-none-eabi/lib/thumb/v6-m/nofp/libc.a(libc_a-iswspace_l.o)
                0x10008ce0                iswspace_l
 .text.stpncpy  0x10008d04       0x78 /home/milan/.pico-sdk/toolchain/13_2_Rel1/bin/../lib/gcc/arm-none-eabi/13.2.1/../../../../arm-none-eabi/lib/thumb/v6-m/nofp/libc.a(libc_a-stpncpy.o)
                0x10008d04                stpncpy
 .text.__ascii_wctomb
                0x10008d7c       0x1c /home/milan/.pico-sdk/toolchain/13_2_Rel1/bin/../lib/gcc/arm-none-eabi/13.2.1/../../../../arm-none-eabi/lib/thumb/v6-m/nofp/libc.a(libc_a-wctomb_r.o)
                0x10008d7c                __ascii_wctomb
 .text.category
                0x10008d98       0x54 /home/milan/.pico-sdk/toolchain/13_2_Rel1/bin/../lib/gcc/arm-none-eabi/13.2.1/../../../../arm-none-eabi/lib/thumb/v6-m/nofp/libc.a(libc_a-categories.o)
                0x10008d98                category
 .text._sbrk_r  0x10008dec       0x24 /home/milan/.pico-sdk/toolchain/13_2_Rel1/bin/../lib/gcc/arm-none-eabi/13.2.1/../../../../arm-none-eabi/lib/thumb/v6-m/nofp/libc.a(libc_a-sbrkr.o)
                0x10008dec                _sbrk_r
 .text.__errno  0x10008e10        0xc /home/milan/.pico-sdk/toolchain/13_2_Rel1/bin/../lib/gcc/arm-none-eabi/13.2.1/../../../../arm-none-eabi/lib/thumb/v6-m/nofp/libc.a(libc_a-errno.o)
                0x10008e10                __errno
 .text.__jp2uc  0x10008e1c      0x154 /home/milan/.pico-sdk/toolchain/13_2_Rel1/bin/../lib/gcc/arm-none-eabi/13.2.1/../../../../arm-none-eabi/lib/thumb/v6-m/nofp/libc.a(libc_a-jp2uc.o)
 .text._jp2uc_l
                0x10008f70       0x68 /home/milan/.pico-sdk/toolchain/13_2_Rel1/bin/../lib/gcc/arm-none-eabi/13.2.1/../../../../arm-none-eabi/lib/thumb/v6-m/nofp/libc.a(libc_a-jp2uc.o)
                0x10008f70                _jp2uc_l
 .text._sungetc_r
                0x10008fd8       0x80 /home/milan/.pico-sdk/toolchain/13_2_Rel1/bin/../lib/gcc/arm-none-eabi/13.2.1/../../../../arm-none-eabi/lib/thumb/v6-m/nofp/libc.a(libc_a-svfiscanf.o)
                0x10008fd8                _sungetc_r
 .text.__ssrefill_r
                0x10009058       0x40 /home/milan/.pico-sdk/toolchain/13_2_Rel1/bin/../lib/gcc/arm-none-eabi/13.2.1/../../../../arm-none-eabi/lib/thumb/v6-m/nofp/libc.a(libc_a-svfiscanf.o)
                0x10009058                __ssrefill_r
 .text._sfread_r
                0x10009098       0xbc /home/milan/.pico-sdk/toolchain/13_2_Rel1/bin/../lib/gcc/arm-none-eabi/13.2.1/../../../../arm-none-eabi/lib/thumb/v6-m/nofp/libc.a(libc_a-svfiscanf.o)
                0x10009098                _sfread_r
 .text.__ascii_mbtowc
                0x10009154       0x2c /home/milan/.pico-sdk/toolchain/13_2_Rel1/bin/../lib/gcc/arm-none-eabi/13.2.1/../../../../arm-none-eabi/lib/thumb/v6-m/nofp/libc.a(libc_a-mbtowc_r.o)
                0x10009154                __ascii_mbtowc
 .text.memmove  0x10009180       0xb0 /home/milan/.pico-sdk/toolchain/13_2_Rel1/bin/../lib/gcc/arm-none-eabi/13.2.1/../../../../arm-none-eabi/lib/thumb/v6-m/nofp/libc.a(libc_a-memmove.o)
                0x10009180                memmove
 .text.__retarget_lock_acquire_recursive
                0x10009230        0x4 /home/milan/.pico-sdk/toolchain/13_2_Rel1/bin/../lib/gcc/arm-none-eabi/13.2.1/../../../../arm-none-eabi/lib/thumb/v6-m/nofp/libc.a(libc_a-lock.o)
                0x10009230                __retarget_lock_acquire_recursive
 .text.__retarget_lock_release_recursive
                0x10009234        0x4 /home/milan/.pico-sdk/toolchain/13_2_Rel1/bin/../lib/gcc/arm-none-eabi/13.2.1/../../../../arm-none-eabi/lib/thumb/v6-m/nofp/libc.a(libc_a-lock.o)
                0x10009234                __retarget_lock_release_recursive
 .text._Balloc  0x10009238       0x50 /home/milan/.pico-sdk/toolchain/13_2_Rel1/bin/../lib/gcc/arm-none-eabi/13.2.1/../../../../arm-none-eabi/lib/thumb/v6-m/nofp/libc.a(libc_a-mprec.o)
                0x10009238                _Balloc
 .text._Bfree   0x10009288       0x14 /home/milan/.pico-sdk/toolchain/13_2_Rel1/bin/../lib/gcc/arm-none-eabi/13.2.1/../../../../arm-none-eabi/lib/thumb/v6-m/nofp/libc.a(libc_a-mprec.o)
                0x10009288                _Bfree
 .text.__multadd
                0x1000929c       0xa8 /home/milan/.pico-sdk/toolchain/13_2_Rel1/bin/../lib/gcc/arm-none-eabi/13.2.1/../../../../arm-none-eabi/lib/thumb/v6-m/nofp/libc.a(libc_a-mprec.o)
                0x1000929c                __multadd
 .text.__s2b    0x10009344       0xb0 /home/milan/.pico-sdk/toolchain/13_2_Rel1/bin/../lib/gcc/arm-none-eabi/13.2.1/../../../../arm-none-eabi/lib/thumb/v6-m/nofp/libc.a(libc_a-mprec.o)
                0x10009344                __s2b
 .text.__hi0bits
                0x100093f4       0x4c /home/milan/.pico-sdk/toolchain/13_2_Rel1/bin/../lib/gcc/arm-none-eabi/13.2.1/../../../../arm-none-eabi/lib/thumb/v6-m/nofp/libc.a(libc_a-mprec.o)
                0x100093f4                __hi0bits
 .text.__lo0bits
                0x10009440       0x5c /home/milan/.pico-sdk/toolchain/13_2_Rel1/bin/../lib/gcc/arm-none-eabi/13.2.1/../../../../arm-none-eabi/lib/thumb/v6-m/nofp/libc.a(libc_a-mprec.o)
                0x10009440                __lo0bits
 .text.__i2b    0x1000949c       0x60 /home/milan/.pico-sdk/toolchain/13_2_Rel1/bin/../lib/gcc/arm-none-eabi/13.2.1/../../../../arm-none-eabi/lib/thumb/v6-m/nofp/libc.a(libc_a-mprec.o)
                0x1000949c                __i2b
 .text.__multiply
                0x100094fc      0x1ac /home/milan/.pico-sdk/toolchain/13_2_Rel1/bin/../lib/gcc/arm-none-eabi/13.2.1/../../../../arm-none-eabi/lib/thumb/v6-m/nofp/libc.a(libc_a-mprec.o)
                0x100094fc                __multiply
 .text.__pow5mult
                0x100096a8       0xd0 /home/milan/.pico-sdk/toolchain/13_2_Rel1/bin/../lib/gcc/arm-none-eabi/13.2.1/../../../../arm-none-eabi/lib/thumb/v6-m/nofp/libc.a(libc_a-mprec.o)
                0x100096a8                __pow5mult
 .text.__lshift
                0x10009778       0xfc /home/milan/.pico-sdk/toolchain/13_2_Rel1/bin/../lib/gcc/arm-none-eabi/13.2.1/../../../../arm-none-eabi/lib/thumb/v6-m/nofp/libc.a(libc_a-mprec.o)
                0x10009778                __lshift
 .text.__mcmp   0x10009874       0x3c /home/milan/.pico-sdk/toolchain/13_2_Rel1/bin/../lib/gcc/arm-none-eabi/13.2.1/../../../../arm-none-eabi/lib/thumb/v6-m/nofp/libc.a(libc_a-mprec.o)
                0x10009874                __mcmp
 .text.__mdiff  0x100098b0      0x1b4 /home/milan/.pico-sdk/toolchain/13_2_Rel1/bin/../lib/gcc/arm-none-eabi/13.2.1/../../../../arm-none-eabi/lib/thumb/v6-m/nofp/libc.a(libc_a-mprec.o)
                0x100098b0                __mdiff
 .text.__ulp    0x10009a64       0x40 /home/milan/.pico-sdk/toolchain/13_2_Rel1/bin/../lib/gcc/arm-none-eabi/13.2.1/../../../../arm-none-eabi/lib/thumb/v6-m/nofp/libc.a(libc_a-mprec.o)
                0x10009a64                __ulp
 .text.__b2d    0x10009aa4       0xb8 /home/milan/.pico-sdk/toolchain/13_2_Rel1/bin/../lib/gcc/arm-none-eabi/13.2.1/../../../../arm-none-eabi/lib/thumb/v6-m/nofp/libc.a(libc_a-mprec.o)
                0x10009aa4                __b2d
 .text.__d2b    0x10009b5c       0xcc /home/milan/.pico-sdk/toolchain/13_2_Rel1/bin/../lib/gcc/arm-none-eabi/13.2.1/../../../../arm-none-eabi/lib/thumb/v6-m/nofp/libc.a(libc_a-mprec.o)
                0x10009b5c                __d2b
 .text.__ratio  0x10009c28       0x68 /home/milan/.pico-sdk/toolchain/13_2_Rel1/bin/../lib/gcc/arm-none-eabi/13.2.1/../../../../arm-none-eabi/lib/thumb/v6-m/nofp/libc.a(libc_a-mprec.o)
                0x10009c28                __ratio
 .text.__copybits
                0x10009c90       0x40 /home/milan/.pico-sdk/toolchain/13_2_Rel1/bin/../lib/gcc/arm-none-eabi/13.2.1/../../../../arm-none-eabi/lib/thumb/v6-m/nofp/libc.a(libc_a-mprec.o)
                0x10009c90                __copybits
 .text.__any_on
                0x10009cd0       0x4c /home/milan/.pico-sdk/toolchain/13_2_Rel1/bin/../lib/gcc/arm-none-eabi/13.2.1/../../../../arm-none-eabi/lib/thumb/v6-m/nofp/libc.a(libc_a-mprec.o)
                0x10009cd0                __any_on
 .text.nan      0x10009d1c        0xc /home/milan/.pico-sdk/toolchain/13_2_Rel1/bin/../lib/gcc/arm-none-eabi/13.2.1/../../../../arm-none-eabi/lib/thumb/v6-m/nofp/libc.a(libm_a-s_nan.o)
                0x10009d1c                nan
 .text.__submore
                0x10009d28       0x84 /home/milan/.pico-sdk/toolchain/13_2_Rel1/bin/../lib/gcc/arm-none-eabi/13.2.1/../../../../arm-none-eabi/lib/thumb/v6-m/nofp/libc.a(libc_a-ungetc.o)
                0x10009d28                __submore
 *(.fini)
 .fini          0x10009dac        0x4 /home/milan/.pico-sdk/toolchain/13_2_Rel1/bin/../lib/gcc/arm-none-eabi/13.2.1/thumb/v6-m/nofp/crti.o
                0x10009dac                _fini
 .fini.__stub   0x10009db0       0x40 linker stubs
 *crtbegin.o(.ctors)
 *crtbegin?.o(.ctors)
 *(EXCLUDE_FILE(*crtend.o *crtend?.o) .ctors)
 *(SORT_BY_NAME(.ctors.*))
 *(.ctors)
 *crtbegin.o(.dtors)
 *crtbegin?.o(.dtors)
 *(EXCLUDE_FILE(*crtend.o *crtend?.o) .dtors)
 *(SORT_BY_NAME(.dtors.*))
 *(.dtors)
 *(.eh_frame*)
 .eh_frame      0x10009df0        0x0 /home/milan/.pico-sdk/toolchain/13_2_Rel1/bin/../lib/gcc/arm-none-eabi/13.2.1/thumb/v6-m/nofp/crtbegin.o
                0x10009df0                        . = ALIGN (0x4)

.glue_7         0x10009df0        0x0
 .glue_7        0x10009df0        0x0 linker stubs

.glue_7t        0x10009df0        0x0
 .glue_7t       0x10009df0        0x0 linker stubs

.vfp11_veneer   0x10009df0        0x0
 .vfp11_veneer  0x10009df0        0x0 linker stubs

.v4_bx          0x10009df0        0x0
 .v4_bx         0x10009df0        0x0 linker stubs

.iplt           0x10009df0        0x0
 .iplt          0x10009df0        0x0 /home/milan/.pico-sdk/toolchain/13_2_Rel1/bin/../lib/gcc/arm-none-eabi/13.2.1/thumb/v6-m/nofp/crtbegin.o

.rodata         0x10009df0     0x7750
 *(EXCLUDE_FILE(*libm.a: *libc.a:*lib_a-mem*.o *libgcc.a:) .rodata*)
 .rodata.on_uart_rx.str1.4
                0x10009df0      0x252 CMakeFiles/hw16.dir/hw16.c.obj
                                  0x3 (size before relaxing)
 .rodata.main.str1.4
                0x1000a042       0x19 CMakeFiles/hw16.dir/hw16.c.obj
 .rodata.hardware_alarm_claim.str1.4
                0x1000a042       0x22 CMakeFiles/hw16.dir/home/milan/.pico-sdk/sdk/1.5.1/src/rp2_common/hardware_timer/timer.c.obj
 .rodata.__assert_func.str1.4
                0x1000a042       0x43 CMakeFiles/hw16.dir/home/milan/.pico-sdk/sdk/1.5.1/src/rp2_common/pico_runtime/runtime.c.obj
 .rodata.panic.str1.4
                0x1000a042       0x12 CMakeFiles/hw16.dir/home/milan/.pico-sdk/sdk/1.5.1/src/rp2_common/pico_runtime/runtime.c.obj
 .rodata.hard_assertion_failure.str1.4
                0x1000a042        0xc CMakeFiles/hw16.dir/home/milan/.pico-sdk/sdk/1.5.1/src/rp2_common/pico_runtime/runtime.c.obj
 .rodata._ftoa.str1.4
                0x1000a042       0x15 CMakeFiles/hw16.dir/home/milan/.pico-sdk/sdk/1.5.1/src/rp2_common/pico_printf/printf.c.obj
 *fill*         0x1000a042        0x2 
 .rodata._vsnprintf
                0x1000a044      0x19c CMakeFiles/hw16.dir/home/milan/.pico-sdk/sdk/1.5.1/src/rp2_common/pico_printf/printf.c.obj
 .rodata.pow10.0
                0x1000a1e0       0x50 CMakeFiles/hw16.dir/home/milan/.pico-sdk/sdk/1.5.1/src/rp2_common/pico_printf/printf.c.obj
 .rodata.__wrap_malloc.str1.4
                0x1000a230        0xe CMakeFiles/hw16.dir/home/milan/.pico-sdk/sdk/1.5.1/src/rp2_common/pico_malloc/pico_malloc.c.obj
 .rodata.str1.4
                0x1000a230       0x40 CMakeFiles/hw16.dir/home/milan/.pico-sdk/sdk/1.5.1/src/rp2_common/pico_standard_link/binary_info.c.obj
 .rodata.__bi_81
                0x1000a230        0xc CMakeFiles/hw16.dir/home/milan/.pico-sdk/sdk/1.5.1/src/rp2_common/pico_standard_link/binary_info.c.obj
 .rodata.__bi_75
                0x1000a23c        0xc CMakeFiles/hw16.dir/home/milan/.pico-sdk/sdk/1.5.1/src/rp2_common/pico_standard_link/binary_info.c.obj
 .rodata.__bi_56
                0x1000a248        0xc CMakeFiles/hw16.dir/home/milan/.pico-sdk/sdk/1.5.1/src/rp2_common/pico_standard_link/binary_info.c.obj
 .rodata.__bi_44
                0x1000a254        0xc CMakeFiles/hw16.dir/home/milan/.pico-sdk/sdk/1.5.1/src/rp2_common/pico_standard_link/binary_info.c.obj
 .rodata.crlf_str.0
                0x1000a260        0x2 CMakeFiles/hw16.dir/home/milan/.pico-sdk/sdk/1.5.1/src/rp2_common/pico_stdio/stdio.c.obj
 .rodata.__ssvfscanf_r.str1.4
                0x1000a262        0x9 /home/milan/.pico-sdk/toolchain/13_2_Rel1/bin/../lib/gcc/arm-none-eabi/13.2.1/../../../../arm-none-eabi/lib/thumb/v6-m/nofp/libc.a(libc_a-svfscanf.o)
 *fill*         0x1000a262        0x2 
 .rodata.__ssvfscanf_r
                0x1000a264      0x3cc /home/milan/.pico-sdk/toolchain/13_2_Rel1/bin/../lib/gcc/arm-none-eabi/13.2.1/../../../../arm-none-eabi/lib/thumb/v6-m/nofp/libc.a(libc_a-svfscanf.o)
 .rodata.basefix.0
                0x1000a630       0x22 /home/milan/.pico-sdk/toolchain/13_2_Rel1/bin/../lib/gcc/arm-none-eabi/13.2.1/../../../../arm-none-eabi/lib/thumb/v6-m/nofp/libc.a(libc_a-svfscanf.o)
 .rodata._mbrtowc_r.str1.4
                0x1000a652        0x1 /home/milan/.pico-sdk/toolchain/13_2_Rel1/bin/../lib/gcc/arm-none-eabi/13.2.1/../../../../arm-none-eabi/lib/thumb/v6-m/nofp/libc.a(libc_a-mbrtowc.o)
 .rodata.str1.4
                0x1000a652       0x4c /home/milan/.pico-sdk/toolchain/13_2_Rel1/bin/../lib/gcc/arm-none-eabi/13.2.1/../../../../arm-none-eabi/lib/thumb/v6-m/nofp/libc.a(libc_a-locale.o)
 *fill*         0x1000a652        0x2 
 .rodata._ctype_
                0x1000a654      0x101 /home/milan/.pico-sdk/toolchain/13_2_Rel1/bin/../lib/gcc/arm-none-eabi/13.2.1/../../../../arm-none-eabi/lib/thumb/v6-m/nofp/libc.a(libc_a-ctype_.o)
                0x1000a654                _ctype_
 .rodata._strtod_l.str1.4
                0x1000a755       0x15 /home/milan/.pico-sdk/toolchain/13_2_Rel1/bin/../lib/gcc/arm-none-eabi/13.2.1/../../../../arm-none-eabi/lib/thumb/v6-m/nofp/libc.a(libc_a-strtod.o)
 *fill*         0x1000a755        0x3 
 .rodata._strtod_l
                0x1000a758       0xd0 /home/milan/.pico-sdk/toolchain/13_2_Rel1/bin/../lib/gcc/arm-none-eabi/13.2.1/../../../../arm-none-eabi/lib/thumb/v6-m/nofp/libc.a(libc_a-strtod.o)
 .rodata.fpinan.0
                0x1000a828       0x14 /home/milan/.pico-sdk/toolchain/13_2_Rel1/bin/../lib/gcc/arm-none-eabi/13.2.1/../../../../arm-none-eabi/lib/thumb/v6-m/nofp/libc.a(libc_a-strtod.o)
 .rodata.fpi.1  0x1000a83c       0x14 /home/milan/.pico-sdk/toolchain/13_2_Rel1/bin/../lib/gcc/arm-none-eabi/13.2.1/../../../../arm-none-eabi/lib/thumb/v6-m/nofp/libc.a(libc_a-strtod.o)
 .rodata.tinytens
                0x1000a850       0x28 /home/milan/.pico-sdk/toolchain/13_2_Rel1/bin/../lib/gcc/arm-none-eabi/13.2.1/../../../../arm-none-eabi/lib/thumb/v6-m/nofp/libc.a(libc_a-strtod.o)
 .rodata.__gethex.str1.4
                0x1000a878       0x79 /home/milan/.pico-sdk/toolchain/13_2_Rel1/bin/../lib/gcc/arm-none-eabi/13.2.1/../../../../arm-none-eabi/lib/thumb/v6-m/nofp/libc.a(libc_a-gdtoa-gethex.o)
 .rodata.__hexdig
                0x1000a878      0x100 /home/milan/.pico-sdk/toolchain/13_2_Rel1/bin/../lib/gcc/arm-none-eabi/13.2.1/../../../../arm-none-eabi/lib/thumb/v6-m/nofp/libc.a(libc_a-gdtoa-gethex.o)
                0x1000a878                __hexdig
 .rodata.categories
                0x1000a978     0x35dc /home/milan/.pico-sdk/toolchain/13_2_Rel1/bin/../lib/gcc/arm-none-eabi/13.2.1/../../../../arm-none-eabi/lib/thumb/v6-m/nofp/libc.a(libc_a-categories.o)
 .rodata.__jp2uc
                0x1000df54       0x20 /home/milan/.pico-sdk/toolchain/13_2_Rel1/bin/../lib/gcc/arm-none-eabi/13.2.1/../../../../arm-none-eabi/lib/thumb/v6-m/nofp/libc.a(libc_a-jp2uc.o)
 .rodata._jp2uc_l.str1.4
                0x1000df74       0x12 /home/milan/.pico-sdk/toolchain/13_2_Rel1/bin/../lib/gcc/arm-none-eabi/13.2.1/../../../../arm-none-eabi/lib/thumb/v6-m/nofp/libc.a(libc_a-jp2uc.o)
 .rodata.d02f4  0x1000df74     0x1a7c /home/milan/.pico-sdk/toolchain/13_2_Rel1/bin/../lib/gcc/arm-none-eabi/13.2.1/../../../../arm-none-eabi/lib/thumb/v6-m/nofp/libc.a(libc_a-jp2uc.o)
 .rodata.b02cf  0x1000f9f0     0x172a /home/milan/.pico-sdk/toolchain/13_2_Rel1/bin/../lib/gcc/arm-none-eabi/13.2.1/../../../../arm-none-eabi/lib/thumb/v6-m/nofp/libc.a(libc_a-jp2uc.o)
 *fill*         0x1001111a        0x2 
 .rodata.a8     0x1001111c       0x40 /home/milan/.pico-sdk/toolchain/13_2_Rel1/bin/../lib/gcc/arm-none-eabi/13.2.1/../../../../arm-none-eabi/lib/thumb/v6-m/nofp/libc.a(libc_a-jp2uc.o)
 .rodata.a7     0x1001115c       0xa2 /home/milan/.pico-sdk/toolchain/13_2_Rel1/bin/../lib/gcc/arm-none-eabi/13.2.1/../../../../arm-none-eabi/lib/thumb/v6-m/nofp/libc.a(libc_a-jp2uc.o)
 *fill*         0x100111fe        0x2 
 .rodata.a6     0x10011200       0x70 /home/milan/.pico-sdk/toolchain/13_2_Rel1/bin/../lib/gcc/arm-none-eabi/13.2.1/../../../../arm-none-eabi/lib/thumb/v6-m/nofp/libc.a(libc_a-jp2uc.o)
 .rodata.a3     0x10011270       0x5b /home/milan/.pico-sdk/toolchain/13_2_Rel1/bin/../lib/gcc/arm-none-eabi/13.2.1/../../../../arm-none-eabi/lib/thumb/v6-m/nofp/libc.a(libc_a-jp2uc.o)
 *fill*         0x100112cb        0x1 
 .rodata.a2     0x100112cc       0xbc /home/milan/.pico-sdk/toolchain/13_2_Rel1/bin/../lib/gcc/arm-none-eabi/13.2.1/../../../../arm-none-eabi/lib/thumb/v6-m/nofp/libc.a(libc_a-jp2uc.o)
 .rodata.a1     0x10011388       0xbc /home/milan/.pico-sdk/toolchain/13_2_Rel1/bin/../lib/gcc/arm-none-eabi/13.2.1/../../../../arm-none-eabi/lib/thumb/v6-m/nofp/libc.a(libc_a-jp2uc.o)
 .rodata.__multadd.str1.4
                0x10011444       0x6e /home/milan/.pico-sdk/toolchain/13_2_Rel1/bin/../lib/gcc/arm-none-eabi/13.2.1/../../../../arm-none-eabi/lib/thumb/v6-m/nofp/libc.a(libc_a-mprec.o)
 .rodata.p05.0  0x10011444        0xc /home/milan/.pico-sdk/toolchain/13_2_Rel1/bin/../lib/gcc/arm-none-eabi/13.2.1/../../../../arm-none-eabi/lib/thumb/v6-m/nofp/libc.a(libc_a-mprec.o)
 .rodata.__mprec_bigtens
                0x10011450       0x28 /home/milan/.pico-sdk/toolchain/13_2_Rel1/bin/../lib/gcc/arm-none-eabi/13.2.1/../../../../arm-none-eabi/lib/thumb/v6-m/nofp/libc.a(libc_a-mprec.o)
                0x10011450                __mprec_bigtens
 .rodata.__mprec_tens
                0x10011478       0xc8 /home/milan/.pico-sdk/toolchain/13_2_Rel1/bin/../lib/gcc/arm-none-eabi/13.2.1/../../../../arm-none-eabi/lib/thumb/v6-m/nofp/libc.a(libc_a-mprec.o)
                0x10011478                __mprec_tens
                0x10011540                        . = ALIGN (0x4)
 *(SORT_BY_ALIGNMENT(SORT_BY_NAME(.flashdata*)))
                0x10011540                        . = ALIGN (0x4)

.ARM.extab
 *(.ARM.extab* .gnu.linkonce.armextab.*)
                0x10011540                        __exidx_start = .

.ARM.exidx
 *(.ARM.exidx* .gnu.linkonce.armexidx.*)
                0x10011540                        __exidx_end = .
                0x10011540                        . = ALIGN (0x4)
                0x10011540                        __binary_info_start = .

.binary_info    0x10011540       0x20
 *(.binary_info.keep.*)
 .binary_info.keep.__bi_ptr81
                0x10011540        0x4 CMakeFiles/hw16.dir/home/milan/.pico-sdk/sdk/1.5.1/src/rp2_common/pico_standard_link/binary_info.c.obj
 .binary_info.keep.__bi_ptr75
                0x10011544        0x4 CMakeFiles/hw16.dir/home/milan/.pico-sdk/sdk/1.5.1/src/rp2_common/pico_standard_link/binary_info.c.obj
 .binary_info.keep.__bi_ptr56
                0x10011548        0x4 CMakeFiles/hw16.dir/home/milan/.pico-sdk/sdk/1.5.1/src/rp2_common/pico_standard_link/binary_info.c.obj
 .binary_info.keep.__bi_ptr50
                0x1001154c        0x4 CMakeFiles/hw16.dir/home/milan/.pico-sdk/sdk/1.5.1/src/rp2_common/pico_standard_link/binary_info.c.obj
 .binary_info.keep.__bi_ptr44
                0x10011550        0x4 CMakeFiles/hw16.dir/home/milan/.pico-sdk/sdk/1.5.1/src/rp2_common/pico_standard_link/binary_info.c.obj
 .binary_info.keep.__bi_ptr38
                0x10011554        0x4 CMakeFiles/hw16.dir/home/milan/.pico-sdk/sdk/1.5.1/src/rp2_common/pico_standard_link/binary_info.c.obj
 .binary_info.keep.__bi_ptr30
                0x10011558        0x4 CMakeFiles/hw16.dir/home/milan/.pico-sdk/sdk/1.5.1/src/rp2_common/pico_standard_link/binary_info.c.obj
 .binary_info.keep.__bi_ptr22
                0x1001155c        0x4 CMakeFiles/hw16.dir/home/milan/.pico-sdk/sdk/1.5.1/src/rp2_common/pico_standard_link/binary_info.c.obj
 *(.binary_info.*)
                0x10011560                        __binary_info_end = .

.rel.dyn        0x10011560        0x0
 .rel.iplt      0x10011560        0x0 /home/milan/.pico-sdk/toolchain/13_2_Rel1/bin/../lib/gcc/arm-none-eabi/13.2.1/thumb/v6-m/nofp/crtbegin.o
                0x10011560                        . = ALIGN (0x4)

.ram_vector_table
                0x20000000       0xc0
 *(.ram_vector_table)
 .ram_vector_table
                0x20000000       0xc0 CMakeFiles/hw16.dir/home/milan/.pico-sdk/sdk/1.5.1/src/rp2_common/pico_runtime/runtime.c.obj
                0x20000000                ram_vector_table

.data           0x200000c0      0x82c load address 0x10011560
                0x200000c0                        __data_start__ = .
 *(vtable)
 *(.time_critical*)
 .time_critical.mutex_try_enter_block_until
                0x200000c0       0x9c CMakeFiles/hw16.dir/home/milan/.pico-sdk/sdk/1.5.1/src/common/pico_sync/mutex.c.obj
                0x200000c0                mutex_try_enter_block_until
 .time_critical.mutex_exit
                0x2000015c       0x28 CMakeFiles/hw16.dir/home/milan/.pico-sdk/sdk/1.5.1/src/common/pico_sync/mutex.c.obj
                0x2000015c                mutex_exit
 *(.text*)
 .text          0x20000184        0x4 /home/milan/.pico-sdk/toolchain/13_2_Rel1/bin/../lib/gcc/arm-none-eabi/13.2.1/thumb/v6-m/nofp/libgcc.a(_dvmd_tls.o)
                0x20000184                __aeabi_ldiv0
                0x20000184                __aeabi_idiv0
 .text.__stub   0x20000188       0x10 linker stubs
                0x20000198                        . = ALIGN (0x4)
 *(.rodata*)
                0x20000198                        . = ALIGN (0x4)
 *(.data*)
 .data.striped_spin_lock_num
                0x20000198        0x1 CMakeFiles/hw16.dir/home/milan/.pico-sdk/sdk/1.5.1/src/rp2_common/hardware_sync/sync.c.obj
 *fill*         0x20000199        0x3 
 .data          0x2000019c       0x48 CMakeFiles/hw16.dir/home/milan/.pico-sdk/sdk/1.5.1/src/rp2_common/hardware_irq/irq_handler_chain.S.obj
                0x2000019c                irq_handler_chain_slots
                0x200001cc                irq_handler_chain_first_slot
                0x200001d6                irq_handler_chain_remove_tail
 .data.default_alarm_pool
                0x200001e4       0x18 CMakeFiles/hw16.dir/home/milan/.pico-sdk/sdk/1.5.1/src/common/pico_time/time.c.obj
 .data.default_alarm_pool_heap
                0x200001fc       0x10 CMakeFiles/hw16.dir/home/milan/.pico-sdk/sdk/1.5.1/src/common/pico_time/time.c.obj
 *fill*         0x2000020c        0x4 
 .data.aeabi_bits_funcs
                0x20000210       0x10 CMakeFiles/hw16.dir/home/milan/.pico-sdk/sdk/1.5.1/src/rp2_common/pico_bit_ops/bit_ops_aeabi.S.obj
                0x20000210                aeabi_bits_funcs
                0x20000220                aeabi_bits_funcs_end
 .data.aeabi_mem_funcs
                0x20000220       0x10 CMakeFiles/hw16.dir/home/milan/.pico-sdk/sdk/1.5.1/src/rp2_common/pico_mem_ops/mem_ops_aeabi.S.obj
                0x20000220                aeabi_mem_funcs
                0x20000230                aeabi_mem_funcs_end
 .data.__malloc_sbrk_base
                0x20000230        0x4 /home/milan/.pico-sdk/toolchain/13_2_Rel1/bin/../lib/gcc/arm-none-eabi/13.2.1/../../../../arm-none-eabi/lib/thumb/v6-m/nofp/libc.a(libc_a-mallocr.o)
                0x20000230                __malloc_sbrk_base
 .data.__malloc_trim_threshold
                0x20000234        0x4 /home/milan/.pico-sdk/toolchain/13_2_Rel1/bin/../lib/gcc/arm-none-eabi/13.2.1/../../../../arm-none-eabi/lib/thumb/v6-m/nofp/libc.a(libc_a-mallocr.o)
                0x20000234                __malloc_trim_threshold
 .data.__malloc_av_
                0x20000238      0x408 /home/milan/.pico-sdk/toolchain/13_2_Rel1/bin/../lib/gcc/arm-none-eabi/13.2.1/../../../../arm-none-eabi/lib/thumb/v6-m/nofp/libc.a(libc_a-mallocr.o)
                0x20000238                __malloc_av_
 .data.__global_locale
                0x20000640      0x16c /home/milan/.pico-sdk/toolchain/13_2_Rel1/bin/../lib/gcc/arm-none-eabi/13.2.1/../../../../arm-none-eabi/lib/thumb/v6-m/nofp/libc.a(libc_a-locale.o)
                0x20000640                __global_locale
 .data._impure_ptr
                0x200007ac        0x4 /home/milan/.pico-sdk/toolchain/13_2_Rel1/bin/../lib/gcc/arm-none-eabi/13.2.1/../../../../arm-none-eabi/lib/thumb/v6-m/nofp/libc.a(libc_a-impure.o)
                0x200007ac                _impure_ptr
 .data._impure_data
                0x200007b0      0x120 /home/milan/.pico-sdk/toolchain/13_2_Rel1/bin/../lib/gcc/arm-none-eabi/13.2.1/../../../../arm-none-eabi/lib/thumb/v6-m/nofp/libc.a(libc_a-impure.o)
                0x200007b0                _impure_data
                0x200008d0                        . = ALIGN (0x4)
 *(.after_data.*)
                0x200008d0                        . = ALIGN (0x4)
                0x200008d0                        PROVIDE (__mutex_array_start = .)
 *(SORT_BY_NAME(.mutex_array.*))
 *(.mutex_array)
 .mutex_array   0x200008d0        0x8 CMakeFiles/hw16.dir/home/milan/.pico-sdk/sdk/1.5.1/src/rp2_common/pico_stdio/stdio.c.obj
                0x200008d8                        PROVIDE (__mutex_array_end = .)
                0x200008d8                        . = ALIGN (0x4)
                0x200008d8                        PROVIDE (__preinit_array_start = .)
 *(SORT_BY_NAME(.preinit_array.*))
 .preinit_array.00001
                0x200008d8        0x4 CMakeFiles/hw16.dir/home/milan/.pico-sdk/sdk/1.5.1/src/rp2_common/pico_mem_ops/mem_ops_aeabi.S.obj
 .preinit_array.00010
                0x200008dc        0x4 CMakeFiles/hw16.dir/home/milan/.pico-sdk/sdk/1.5.1/src/rp2_common/pico_bit_ops/bit_ops_aeabi.S.obj
 .preinit_array.00020
                0x200008e0        0x4 CMakeFiles/hw16.dir/home/milan/.pico-sdk/sdk/1.5.1/src/rp2_common/pico_double/double_aeabi.S.obj
 .preinit_array.00020
                0x200008e4        0x4 CMakeFiles/hw16.dir/home/milan/.pico-sdk/sdk/1.5.1/src/rp2_common/pico_float/float_aeabi.S.obj
 *(.preinit_array)
                0x200008e8                        PROVIDE (__preinit_array_end = .)
                0x200008e8                        . = ALIGN (0x4)
                0x200008e8                        PROVIDE (__init_array_start = .)
 *(SORT_BY_NAME(.init_array.*))
 *(.init_array)
 .init_array    0x200008e8        0x4 /home/milan/.pico-sdk/toolchain/13_2_Rel1/bin/../lib/gcc/arm-none-eabi/13.2.1/thumb/v6-m/nofp/crtbegin.o
                0x200008ec                        PROVIDE (__init_array_end = .)
                0x200008ec                        . = ALIGN (0x4)
                [!provide]                        PROVIDE (__fini_array_start = .)
 *(SORT_BY_NAME(.fini_array.*))
 *(.fini_array)
                [!provide]                        PROVIDE (__fini_array_end = .)
 *(.jcr)
                0x200008ec                        . = ALIGN (0x4)
                0x200008ec                        __data_end__ = .
                0x10011560                        __etext = LOADADDR (.data)

.tm_clone_table
                0x200008ec        0x0 load address 0x10011d8c
 .tm_clone_table
                0x200008ec        0x0 /home/milan/.pico-sdk/toolchain/13_2_Rel1/bin/../lib/gcc/arm-none-eabi/13.2.1/thumb/v6-m/nofp/crtbegin.o
 .tm_clone_table
                0x200008ec        0x0 /home/milan/.pico-sdk/toolchain/13_2_Rel1/bin/../lib/gcc/arm-none-eabi/13.2.1/thumb/v6-m/nofp/crtend.o

.igot.plt       0x200008ec        0x0 load address 0x10011d8c
 .igot.plt      0x200008ec        0x0 /home/milan/.pico-sdk/toolchain/13_2_Rel1/bin/../lib/gcc/arm-none-eabi/13.2.1/thumb/v6-m/nofp/crtbegin.o

.uninitialized_data
                0x200008ec        0x0 load address 0x10011d8c
                0x200008ec                        . = ALIGN (0x4)
 *(.uninitialized_data*)

.scratch_x      0x20040000        0x0 load address 0x10011d8c
                0x20040000                        __scratch_x_start__ = .
 *(.scratch_x.*)
                0x20040000                        . = ALIGN (0x4)
                0x20040000                        __scratch_x_end__ = .
                0x10011d8c                        __scratch_x_source__ = LOADADDR (.scratch_x)

.scratch_y      0x20041000        0x0 load address 0x10011d8c
                0x20041000                        __scratch_y_start__ = .
 *(.scratch_y.*)
                0x20041000                        . = ALIGN (0x4)
                0x20041000                        __scratch_y_end__ = .
                0x10011d8c                        __scratch_y_source__ = LOADADDR (.scratch_y)

.bss            0x200008f0      0x5cc
                0x200008f0                        . = ALIGN (0x4)
                0x200008f0                        __bss_start__ = .
 *(SORT_BY_ALIGNMENT(SORT_BY_NAME(.bss*)))
 .bss.configured_freq
                0x200008f0       0x28 CMakeFiles/hw16.dir/home/milan/.pico-sdk/sdk/1.5.1/src/rp2_common/hardware_clocks/clocks.c.obj
 .bss.default_alarm_pool_entries
                0x20000918      0x100 CMakeFiles/hw16.dir/home/milan/.pico-sdk/sdk/1.5.1/src/common/pico_time/time.c.obj
 .bss.sd_table  0x20000a18      0x100 CMakeFiles/hw16.dir/home/milan/.pico-sdk/sdk/1.5.1/src/rp2_common/pico_double/double_init_rom.c.obj
                0x20000a18                sd_table
 .bss.sf_table  0x20000b18      0x100 CMakeFiles/hw16.dir/home/milan/.pico-sdk/sdk/1.5.1/src/rp2_common/pico_float/float_init_rom.c.obj
                0x20000b18                sf_table
 .bss.__lock___malloc_recursive_mutex
                0x20000c18        0x1 /home/milan/.pico-sdk/toolchain/13_2_Rel1/bin/../lib/gcc/arm-none-eabi/13.2.1/../../../../arm-none-eabi/lib/thumb/v6-m/nofp/libc.a(libc_a-lock.o)
                0x20000c18                __lock___malloc_recursive_mutex
 *fill*         0x20000c19        0x3 
 .bss.__malloc_current_mallinfo
                0x20000c1c       0x28 /home/milan/.pico-sdk/toolchain/13_2_Rel1/bin/../lib/gcc/arm-none-eabi/13.2.1/../../../../arm-none-eabi/lib/thumb/v6-m/nofp/libc.a(libc_a-mallocr.o)
                0x20000c1c                __malloc_current_mallinfo
 .bss.__malloc_max_sbrked_mem
                0x20000c44        0x4 /home/milan/.pico-sdk/toolchain/13_2_Rel1/bin/../lib/gcc/arm-none-eabi/13.2.1/../../../../arm-none-eabi/lib/thumb/v6-m/nofp/libc.a(libc_a-mallocr.o)
                0x20000c44                __malloc_max_sbrked_mem
 .bss.__malloc_max_total_mem
                0x20000c48        0x4 /home/milan/.pico-sdk/toolchain/13_2_Rel1/bin/../lib/gcc/arm-none-eabi/13.2.1/../../../../arm-none-eabi/lib/thumb/v6-m/nofp/libc.a(libc_a-mallocr.o)
                0x20000c48                __malloc_max_total_mem
 .bss.__malloc_top_pad
                0x20000c4c        0x4 /home/milan/.pico-sdk/toolchain/13_2_Rel1/bin/../lib/gcc/arm-none-eabi/13.2.1/../../../../arm-none-eabi/lib/thumb/v6-m/nofp/libc.a(libc_a-mallocr.o)
                0x20000c4c                __malloc_top_pad
 .bss.__sf      0x20000c50      0x138 /home/milan/.pico-sdk/toolchain/13_2_Rel1/bin/../lib/gcc/arm-none-eabi/13.2.1/../../../../arm-none-eabi/lib/thumb/v6-m/nofp/libc.a(libc_a-findfp.o)
                0x20000c50                __sf
 .bss.alarm_callbacks
                0x20000d88       0x10 CMakeFiles/hw16.dir/home/milan/.pico-sdk/sdk/1.5.1/src/rp2_common/hardware_timer/timer.c.obj
 .bss.chars_rxed
                0x20000d98        0x4 CMakeFiles/hw16.dir/hw16.c.obj
 .bss.default_alarm_pool_entry_ids_high
                0x20000d9c       0x10 CMakeFiles/hw16.dir/home/milan/.pico-sdk/sdk/1.5.1/src/common/pico_time/time.c.obj
 .bss.default_alarm_pool_heap_nodes
                0x20000dac       0x30 CMakeFiles/hw16.dir/home/milan/.pico-sdk/sdk/1.5.1/src/common/pico_time/time.c.obj
 .bss.drivers   0x20000ddc        0x4 CMakeFiles/hw16.dir/home/milan/.pico-sdk/sdk/1.5.1/src/rp2_common/pico_stdio/stdio.c.obj
 .bss.errno     0x20000de0        0x4 /home/milan/.pico-sdk/toolchain/13_2_Rel1/bin/../lib/gcc/arm-none-eabi/13.2.1/../../../../arm-none-eabi/lib/thumb/v6-m/nofp/libc.a(libc_a-reent.o)
                0x20000de0                errno
 .bss.filter    0x20000de4        0x4 CMakeFiles/hw16.dir/home/milan/.pico-sdk/sdk/1.5.1/src/rp2_common/pico_stdio/stdio.c.obj
 .bss.heap_end.0
                0x20000de8        0x4 CMakeFiles/hw16.dir/home/milan/.pico-sdk/sdk/1.5.1/src/rp2_common/pico_runtime/runtime.c.obj
 .bss.i         0x20000dec        0x4 CMakeFiles/hw16.dir/hw16.c.obj
                0x20000dec                i
 .bss.lazy_vsnprintf
                0x20000df0        0x4 CMakeFiles/hw16.dir/home/milan/.pico-sdk/sdk/1.5.1/src/rp2_common/pico_printf/printf.c.obj
 .bss.m         0x20000df4       0x80 CMakeFiles/hw16.dir/hw16.c.obj
                0x20000df4                m
 .bss.object.0  0x20000e74       0x18 /home/milan/.pico-sdk/toolchain/13_2_Rel1/bin/../lib/gcc/arm-none-eabi/13.2.1/thumb/v6-m/nofp/crtbegin.o
 .bss.pools     0x20000e8c       0x10 CMakeFiles/hw16.dir/home/milan/.pico-sdk/sdk/1.5.1/src/common/pico_time/time.c.obj
 .bss.sf_clz_func
                0x20000e9c        0x4 CMakeFiles/hw16.dir/home/milan/.pico-sdk/sdk/1.5.1/src/rp2_common/pico_double/double_init_rom.c.obj
                0x20000e9c                sf_clz_func
 .bss.sleep_notifier
                0x20000ea0        0x4 CMakeFiles/hw16.dir/home/milan/.pico-sdk/sdk/1.5.1/src/common/pico_time/time.c.obj
 .bss.target_hi
                0x20000ea4       0x10 CMakeFiles/hw16.dir/home/milan/.pico-sdk/sdk/1.5.1/src/rp2_common/hardware_timer/timer.c.obj
 .bss.uart_char_to_line_feed
                0x20000eb4        0x4 CMakeFiles/hw16.dir/home/milan/.pico-sdk/sdk/1.5.1/src/rp2_common/hardware_uart/uart.c.obj
                0x20000eb4                uart_char_to_line_feed
 .bss.claimed   0x20000eb8        0x1 CMakeFiles/hw16.dir/home/milan/.pico-sdk/sdk/1.5.1/src/rp2_common/hardware_timer/timer.c.obj
 .bss.irq_hander_chain_free_slot_head
                0x20000eb9        0x1 CMakeFiles/hw16.dir/home/milan/.pico-sdk/sdk/1.5.1/src/rp2_common/hardware_irq/irq.c.obj
 .bss.timer_callbacks_pending
                0x20000eba        0x1 CMakeFiles/hw16.dir/home/milan/.pico-sdk/sdk/1.5.1/src/rp2_common/hardware_timer/timer.c.obj
 *(COMMON)
                0x20000ebc                        . = ALIGN (0x4)
 *fill*         0x20000ebb        0x1 
                0x20000ebc                        __bss_end__ = .

.heap           0x20000ebc      0x800
                0x20000ebc                        __end__ = .
                0x20000ebc                        end = __end__
 *(.heap*)
 .heap          0x20000ebc      0x800 CMakeFiles/hw16.dir/home/milan/.pico-sdk/sdk/1.5.1/src/rp2_common/pico_standard_link/crt0.S.obj
                0x200016bc                        __HeapLimit = .

.stack1_dummy
 *(.stack1*)

.stack_dummy    0x20041000      0x800
 *(.stack*)
 .stack         0x20041000      0x800 CMakeFiles/hw16.dir/home/milan/.pico-sdk/sdk/1.5.1/src/rp2_common/pico_standard_link/crt0.S.obj

.flash_end      0x10011d8c        0x0
                0x10011d8c                        PROVIDE (__flash_binary_end = .)
                0x20040000                        __StackLimit = (ORIGIN (RAM) + LENGTH (RAM))
                0x20041000                        __StackOneTop = (ORIGIN (SCRATCH_X) + LENGTH (SCRATCH_X))
                0x20042000                        __StackTop = (ORIGIN (SCRATCH_Y) + LENGTH (SCRATCH_Y))
                0x20041000                        __StackOneBottom = (__StackOneTop - SIZEOF (.stack1_dummy))
                0x20041800                        __StackBottom = (__StackTop - SIZEOF (.stack_dummy))
                0x20042000                        PROVIDE (__stack = __StackTop)
                0x00000001                        ASSERT ((__StackLimit >= __HeapLimit), region RAM overflowed)
                0x00000001                        ASSERT (((__binary_info_header_end - __logical_binary_start) <= 0x100), Binary info must be in first 256 bytes of the binary)
LOAD CMakeFiles/hw16.dir/hw16.c.obj
LOAD CMakeFiles/hw16.dir/home/milan/.pico-sdk/sdk/1.5.1/src/rp2_common/pico_stdlib/stdlib.c.obj
LOAD CMakeFiles/hw16.dir/home/milan/.pico-sdk/sdk/1.5.1/src/rp2_common/hardware_gpio/gpio.c.obj
LOAD CMakeFiles/hw16.dir/home/milan/.pico-sdk/sdk/1.5.1/src/rp2_common/pico_platform/platform.c.obj
LOAD CMakeFiles/hw16.dir/home/milan/.pico-sdk/sdk/1.5.1/src/rp2_common/hardware_claim/claim.c.obj
LOAD CMakeFiles/hw16.dir/home/milan/.pico-sdk/sdk/1.5.1/src/rp2_common/hardware_sync/sync.c.obj
LOAD CMakeFiles/hw16.dir/home/milan/.pico-sdk/sdk/1.5.1/src/rp2_common/hardware_irq/irq.c.obj
LOAD CMakeFiles/hw16.dir/home/milan/.pico-sdk/sdk/1.5.1/src/rp2_common/hardware_irq/irq_handler_chain.S.obj
LOAD CMakeFiles/hw16.dir/home/milan/.pico-sdk/sdk/1.5.1/src/common/pico_sync/sem.c.obj
LOAD CMakeFiles/hw16.dir/home/milan/.pico-sdk/sdk/1.5.1/src/common/pico_sync/lock_core.c.obj
LOAD CMakeFiles/hw16.dir/home/milan/.pico-sdk/sdk/1.5.1/src/common/pico_sync/mutex.c.obj
LOAD CMakeFiles/hw16.dir/home/milan/.pico-sdk/sdk/1.5.1/src/common/pico_sync/critical_section.c.obj
LOAD CMakeFiles/hw16.dir/home/milan/.pico-sdk/sdk/1.5.1/src/common/pico_time/time.c.obj
LOAD CMakeFiles/hw16.dir/home/milan/.pico-sdk/sdk/1.5.1/src/common/pico_time/timeout_helper.c.obj
LOAD CMakeFiles/hw16.dir/home/milan/.pico-sdk/sdk/1.5.1/src/rp2_common/hardware_timer/timer.c.obj
LOAD CMakeFiles/hw16.dir/home/milan/.pico-sdk/sdk/1.5.1/src/common/pico_util/datetime.c.obj
LOAD CMakeFiles/hw16.dir/home/milan/.pico-sdk/sdk/1.5.1/src/common/pico_util/pheap.c.obj
LOAD CMakeFiles/hw16.dir/home/milan/.pico-sdk/sdk/1.5.1/src/common/pico_util/queue.c.obj
LOAD CMakeFiles/hw16.dir/home/milan/.pico-sdk/sdk/1.5.1/src/rp2_common/hardware_uart/uart.c.obj
LOAD CMakeFiles/hw16.dir/home/milan/.pico-sdk/sdk/1.5.1/src/rp2_common/hardware_clocks/clocks.c.obj
LOAD CMakeFiles/hw16.dir/home/milan/.pico-sdk/sdk/1.5.1/src/rp2_common/hardware_pll/pll.c.obj
LOAD CMakeFiles/hw16.dir/home/milan/.pico-sdk/sdk/1.5.1/src/rp2_common/hardware_vreg/vreg.c.obj
LOAD CMakeFiles/hw16.dir/home/milan/.pico-sdk/sdk/1.5.1/src/rp2_common/hardware_watchdog/watchdog.c.obj
LOAD CMakeFiles/hw16.dir/home/milan/.pico-sdk/sdk/1.5.1/src/rp2_common/hardware_xosc/xosc.c.obj
LOAD CMakeFiles/hw16.dir/home/milan/.pico-sdk/sdk/1.5.1/src/rp2_common/hardware_divider/divider.S.obj
LOAD CMakeFiles/hw16.dir/home/milan/.pico-sdk/sdk/1.5.1/src/rp2_common/pico_runtime/runtime.c.obj
LOAD CMakeFiles/hw16.dir/home/milan/.pico-sdk/sdk/1.5.1/src/rp2_common/pico_printf/printf.c.obj
LOAD CMakeFiles/hw16.dir/home/milan/.pico-sdk/sdk/1.5.1/src/rp2_common/pico_bit_ops/bit_ops_aeabi.S.obj
LOAD CMakeFiles/hw16.dir/home/milan/.pico-sdk/sdk/1.5.1/src/rp2_common/pico_bootrom/bootrom.c.obj
LOAD CMakeFiles/hw16.dir/home/milan/.pico-sdk/sdk/1.5.1/src/rp2_common/pico_divider/divider.S.obj
LOAD CMakeFiles/hw16.dir/home/milan/.pico-sdk/sdk/1.5.1/src/rp2_common/pico_double/double_aeabi.S.obj
LOAD CMakeFiles/hw16.dir/home/milan/.pico-sdk/sdk/1.5.1/src/rp2_common/pico_double/double_init_rom.c.obj
LOAD CMakeFiles/hw16.dir/home/milan/.pico-sdk/sdk/1.5.1/src/rp2_common/pico_double/double_math.c.obj
LOAD CMakeFiles/hw16.dir/home/milan/.pico-sdk/sdk/1.5.1/src/rp2_common/pico_double/double_v1_rom_shim.S.obj
LOAD CMakeFiles/hw16.dir/home/milan/.pico-sdk/sdk/1.5.1/src/rp2_common/pico_int64_ops/pico_int64_ops_aeabi.S.obj
LOAD CMakeFiles/hw16.dir/home/milan/.pico-sdk/sdk/1.5.1/src/rp2_common/pico_float/float_aeabi.S.obj
LOAD CMakeFiles/hw16.dir/home/milan/.pico-sdk/sdk/1.5.1/src/rp2_common/pico_float/float_init_rom.c.obj
LOAD CMakeFiles/hw16.dir/home/milan/.pico-sdk/sdk/1.5.1/src/rp2_common/pico_float/float_math.c.obj
LOAD CMakeFiles/hw16.dir/home/milan/.pico-sdk/sdk/1.5.1/src/rp2_common/pico_float/float_v1_rom_shim.S.obj
LOAD CMakeFiles/hw16.dir/home/milan/.pico-sdk/sdk/1.5.1/src/rp2_common/pico_malloc/pico_malloc.c.obj
LOAD CMakeFiles/hw16.dir/home/milan/.pico-sdk/sdk/1.5.1/src/rp2_common/pico_mem_ops/mem_ops_aeabi.S.obj
LOAD CMakeFiles/hw16.dir/home/milan/.pico-sdk/sdk/1.5.1/src/rp2_common/pico_standard_link/crt0.S.obj
LOAD CMakeFiles/hw16.dir/home/milan/.pico-sdk/sdk/1.5.1/src/rp2_common/pico_standard_link/new_delete.cpp.obj
LOAD CMakeFiles/hw16.dir/home/milan/.pico-sdk/sdk/1.5.1/src/rp2_common/pico_standard_link/binary_info.c.obj
LOAD CMakeFiles/hw16.dir/home/milan/.pico-sdk/sdk/1.5.1/src/rp2_common/pico_stdio/stdio.c.obj
LOAD /tmp/cch5QgzU.o
LOAD /home/milan/.pico-sdk/toolchain/13_2_Rel1/bin/../lib/gcc/arm-none-eabi/13.2.1/../../../../arm-none-eabi/lib/thumb/v6-m/nofp/libstdc++.a
LOAD /home/milan/.pico-sdk/toolchain/13_2_Rel1/bin/../lib/gcc/arm-none-eabi/13.2.1/../../../../arm-none-eabi/lib/thumb/v6-m/nofp/libm.a
START GROUP
LOAD /home/milan/.pico-sdk/toolchain/13_2_Rel1/bin/../lib/gcc/arm-none-eabi/13.2.1/thumb/v6-m/nofp/libgcc.a
LOAD /home/milan/.pico-sdk/toolchain/13_2_Rel1/bin/../lib/gcc/arm-none-eabi/13.2.1/../../../../arm-none-eabi/lib/thumb/v6-m/nofp/libc.a
END GROUP
START GROUP
LOAD /home/milan/.pico-sdk/toolchain/13_2_Rel1/bin/../lib/gcc/arm-none-eabi/13.2.1/thumb/v6-m/nofp/libgcc.a
LOAD /home/milan/.pico-sdk/toolchain/13_2_Rel1/bin/../lib/gcc/arm-none-eabi/13.2.1/../../../../arm-none-eabi/lib/thumb/v6-m/nofp/libc.a
LOAD /home/milan/.pico-sdk/toolchain/13_2_Rel1/bin/../lib/gcc/arm-none-eabi/13.2.1/../../../../arm-none-eabi/lib/thumb/v6-m/nofp/libnosys.a
END GROUP
LOAD /home/milan/.pico-sdk/toolchain/13_2_Rel1/bin/../lib/gcc/arm-none-eabi/13.2.1/thumb/v6-m/nofp/crtend.o
LOAD /home/milan/.pico-sdk/toolchain/13_2_Rel1/bin/../lib/gcc/arm-none-eabi/13.2.1/thumb/v6-m/nofp/crtn.o
OUTPUT(hw16.elf elf32-littlearm)
LOAD linker stubs

.ARM.attributes
                0x00000000       0x28
 .ARM.attributes
                0x00000000       0x1e /home/milan/.pico-sdk/toolchain/13_2_Rel1/bin/../lib/gcc/arm-none-eabi/13.2.1/thumb/v6-m/nofp/crti.o
 .ARM.attributes
                0x0000001e       0x2c /home/milan/.pico-sdk/toolchain/13_2_Rel1/bin/../lib/gcc/arm-none-eabi/13.2.1/thumb/v6-m/nofp/crtbegin.o
 .ARM.attributes
                0x0000004a       0x2c CMakeFiles/hw16.dir/hw16.c.obj
 .ARM.attributes
                0x00000076       0x2c CMakeFiles/hw16.dir/home/milan/.pico-sdk/sdk/1.5.1/src/rp2_common/hardware_gpio/gpio.c.obj
 .ARM.attributes
                0x000000a2       0x2c CMakeFiles/hw16.dir/home/milan/.pico-sdk/sdk/1.5.1/src/rp2_common/pico_platform/platform.c.obj
 .ARM.attributes
                0x000000ce       0x2c CMakeFiles/hw16.dir/home/milan/.pico-sdk/sdk/1.5.1/src/rp2_common/hardware_claim/claim.c.obj
 .ARM.attributes
                0x000000fa       0x2c CMakeFiles/hw16.dir/home/milan/.pico-sdk/sdk/1.5.1/src/rp2_common/hardware_sync/sync.c.obj
 .ARM.attributes
                0x00000126       0x2c CMakeFiles/hw16.dir/home/milan/.pico-sdk/sdk/1.5.1/src/rp2_common/hardware_irq/irq.c.obj
 .ARM.attributes
                0x00000152       0x22 CMakeFiles/hw16.dir/home/milan/.pico-sdk/sdk/1.5.1/src/rp2_common/hardware_irq/irq_handler_chain.S.obj
 .ARM.attributes
                0x00000174       0x2c CMakeFiles/hw16.dir/home/milan/.pico-sdk/sdk/1.5.1/src/common/pico_sync/lock_core.c.obj
 .ARM.attributes
                0x000001a0       0x2c CMakeFiles/hw16.dir/home/milan/.pico-sdk/sdk/1.5.1/src/common/pico_sync/mutex.c.obj
 .ARM.attributes
                0x000001cc       0x2c CMakeFiles/hw16.dir/home/milan/.pico-sdk/sdk/1.5.1/src/common/pico_time/time.c.obj
 .ARM.attributes
                0x000001f8       0x2c CMakeFiles/hw16.dir/home/milan/.pico-sdk/sdk/1.5.1/src/rp2_common/hardware_timer/timer.c.obj
 .ARM.attributes
                0x00000224       0x2c CMakeFiles/hw16.dir/home/milan/.pico-sdk/sdk/1.5.1/src/common/pico_util/pheap.c.obj
 .ARM.attributes
                0x00000250       0x2c CMakeFiles/hw16.dir/home/milan/.pico-sdk/sdk/1.5.1/src/rp2_common/hardware_uart/uart.c.obj
 .ARM.attributes
                0x0000027c       0x2c CMakeFiles/hw16.dir/home/milan/.pico-sdk/sdk/1.5.1/src/rp2_common/hardware_clocks/clocks.c.obj
 .ARM.attributes
                0x000002a8       0x2c CMakeFiles/hw16.dir/home/milan/.pico-sdk/sdk/1.5.1/src/rp2_common/hardware_pll/pll.c.obj
 .ARM.attributes
                0x000002d4       0x2c CMakeFiles/hw16.dir/home/milan/.pico-sdk/sdk/1.5.1/src/rp2_common/hardware_watchdog/watchdog.c.obj
 .ARM.attributes
                0x00000300       0x2c CMakeFiles/hw16.dir/home/milan/.pico-sdk/sdk/1.5.1/src/rp2_common/hardware_xosc/xosc.c.obj
 .ARM.attributes
                0x0000032c       0x2c CMakeFiles/hw16.dir/home/milan/.pico-sdk/sdk/1.5.1/src/rp2_common/pico_runtime/runtime.c.obj
 .ARM.attributes
                0x00000358       0x2c CMakeFiles/hw16.dir/home/milan/.pico-sdk/sdk/1.5.1/src/rp2_common/pico_printf/printf.c.obj
 .ARM.attributes
                0x00000384       0x22 CMakeFiles/hw16.dir/home/milan/.pico-sdk/sdk/1.5.1/src/rp2_common/pico_bit_ops/bit_ops_aeabi.S.obj
 .ARM.attributes
                0x000003a6       0x2c CMakeFiles/hw16.dir/home/milan/.pico-sdk/sdk/1.5.1/src/rp2_common/pico_bootrom/bootrom.c.obj
 .ARM.attributes
                0x000003d2       0x22 CMakeFiles/hw16.dir/home/milan/.pico-sdk/sdk/1.5.1/src/rp2_common/pico_divider/divider.S.obj
 .ARM.attributes
                0x000003f4       0x22 CMakeFiles/hw16.dir/home/milan/.pico-sdk/sdk/1.5.1/src/rp2_common/pico_double/double_aeabi.S.obj
 .ARM.attributes
                0x00000416       0x2c CMakeFiles/hw16.dir/home/milan/.pico-sdk/sdk/1.5.1/src/rp2_common/pico_double/double_init_rom.c.obj
 .ARM.attributes
                0x00000442       0x22 CMakeFiles/hw16.dir/home/milan/.pico-sdk/sdk/1.5.1/src/rp2_common/pico_double/double_v1_rom_shim.S.obj
 .ARM.attributes
                0x00000464       0x22 CMakeFiles/hw16.dir/home/milan/.pico-sdk/sdk/1.5.1/src/rp2_common/pico_int64_ops/pico_int64_ops_aeabi.S.obj
 .ARM.attributes
                0x00000486       0x22 CMakeFiles/hw16.dir/home/milan/.pico-sdk/sdk/1.5.1/src/rp2_common/pico_float/float_aeabi.S.obj
 .ARM.attributes
                0x000004a8       0x2c CMakeFiles/hw16.dir/home/milan/.pico-sdk/sdk/1.5.1/src/rp2_common/pico_float/float_init_rom.c.obj
 .ARM.attributes
                0x000004d4       0x22 CMakeFiles/hw16.dir/home/milan/.pico-sdk/sdk/1.5.1/src/rp2_common/pico_float/float_v1_rom_shim.S.obj
 .ARM.attributes
                0x000004f6       0x2c CMakeFiles/hw16.dir/home/milan/.pico-sdk/sdk/1.5.1/src/rp2_common/pico_malloc/pico_malloc.c.obj
 .ARM.attributes
                0x00000522       0x22 CMakeFiles/hw16.dir/home/milan/.pico-sdk/sdk/1.5.1/src/rp2_common/pico_mem_ops/mem_ops_aeabi.S.obj
 .ARM.attributes
                0x00000544       0x22 CMakeFiles/hw16.dir/home/milan/.pico-sdk/sdk/1.5.1/src/rp2_common/pico_standard_link/crt0.S.obj
 .ARM.attributes
                0x00000566       0x2c CMakeFiles/hw16.dir/home/milan/.pico-sdk/sdk/1.5.1/src/rp2_common/pico_standard_link/binary_info.c.obj
 .ARM.attributes
                0x00000592       0x2c CMakeFiles/hw16.dir/home/milan/.pico-sdk/sdk/1.5.1/src/rp2_common/pico_stdio/stdio.c.obj
 .ARM.attributes
                0x000005be       0x22 /tmp/cch5QgzU.o
 .ARM.attributes
                0x000005e0       0x1e /home/milan/.pico-sdk/toolchain/13_2_Rel1/bin/../lib/gcc/arm-none-eabi/13.2.1/thumb/v6-m/nofp/libgcc.a(_dvmd_tls.o)
 .ARM.attributes
                0x000005fe       0x2c /home/milan/.pico-sdk/toolchain/13_2_Rel1/bin/../lib/gcc/arm-none-eabi/13.2.1/../../../../arm-none-eabi/lib/thumb/v6-m/nofp/libc.a(libc_a-sscanf.o)
 .ARM.attributes
                0x0000062a       0x2c /home/milan/.pico-sdk/toolchain/13_2_Rel1/bin/../lib/gcc/arm-none-eabi/13.2.1/../../../../arm-none-eabi/lib/thumb/v6-m/nofp/libc.a(libc_a-stdio.o)
 .ARM.attributes
                0x00000656       0x2c /home/milan/.pico-sdk/toolchain/13_2_Rel1/bin/../lib/gcc/arm-none-eabi/13.2.1/../../../../arm-none-eabi/lib/thumb/v6-m/nofp/libc.a(libc_a-svfscanf.o)
 .ARM.attributes
                0x00000682       0x2c /home/milan/.pico-sdk/toolchain/13_2_Rel1/bin/../lib/gcc/arm-none-eabi/13.2.1/../../../../arm-none-eabi/lib/thumb/v6-m/nofp/libc.a(libc_a-malloc.o)
 .ARM.attributes
                0x000006ae       0x2c /home/milan/.pico-sdk/toolchain/13_2_Rel1/bin/../lib/gcc/arm-none-eabi/13.2.1/../../../../arm-none-eabi/lib/thumb/v6-m/nofp/libc.a(libc_a-mallocr.o)
 .ARM.attributes
                0x000006da       0x2c /home/milan/.pico-sdk/toolchain/13_2_Rel1/bin/../lib/gcc/arm-none-eabi/13.2.1/../../../../arm-none-eabi/lib/thumb/v6-m/nofp/libc.a(libc_a-mbrtowc.o)
 .ARM.attributes
                0x00000706       0x2c /home/milan/.pico-sdk/toolchain/13_2_Rel1/bin/../lib/gcc/arm-none-eabi/13.2.1/../../../../arm-none-eabi/lib/thumb/v6-m/nofp/libc.a(libc_a-locale.o)
 .ARM.attributes
                0x00000732       0x2c /home/milan/.pico-sdk/toolchain/13_2_Rel1/bin/../lib/gcc/arm-none-eabi/13.2.1/../../../../arm-none-eabi/lib/thumb/v6-m/nofp/libc.a(libc_a-localeconv.o)
 .ARM.attributes
                0x0000075e       0x2c /home/milan/.pico-sdk/toolchain/13_2_Rel1/bin/../lib/gcc/arm-none-eabi/13.2.1/../../../../arm-none-eabi/lib/thumb/v6-m/nofp/libc.a(libc_a-sysconf.o)
 .ARM.attributes
                0x0000078a       0x1b /home/milan/.pico-sdk/toolchain/13_2_Rel1/bin/../lib/gcc/arm-none-eabi/13.2.1/../../../../arm-none-eabi/lib/thumb/v6-m/nofp/libc.a(libc_a-strcmp.o)
 .ARM.attributes
                0x000007a5       0x2c /home/milan/.pico-sdk/toolchain/13_2_Rel1/bin/../lib/gcc/arm-none-eabi/13.2.1/../../../../arm-none-eabi/lib/thumb/v6-m/nofp/libc.a(libc_a-mlock.o)
 .ARM.attributes
                0x000007d1       0x2c /home/milan/.pico-sdk/toolchain/13_2_Rel1/bin/../lib/gcc/arm-none-eabi/13.2.1/../../../../arm-none-eabi/lib/thumb/v6-m/nofp/libc.a(libc_a-callocr.o)
 .ARM.attributes
                0x000007fd       0x2c /home/milan/.pico-sdk/toolchain/13_2_Rel1/bin/../lib/gcc/arm-none-eabi/13.2.1/../../../../arm-none-eabi/lib/thumb/v6-m/nofp/libc.a(libc_a-realloc.o)
 .ARM.attributes
                0x00000829       0x2c /home/milan/.pico-sdk/toolchain/13_2_Rel1/bin/../lib/gcc/arm-none-eabi/13.2.1/../../../../arm-none-eabi/lib/thumb/v6-m/nofp/libc.a(libc_a-ctype_.o)
 .ARM.attributes
                0x00000855       0x2c /home/milan/.pico-sdk/toolchain/13_2_Rel1/bin/../lib/gcc/arm-none-eabi/13.2.1/../../../../arm-none-eabi/lib/thumb/v6-m/nofp/libc.a(libc_a-reent.o)
 .ARM.attributes
                0x00000881       0x2c /home/milan/.pico-sdk/toolchain/13_2_Rel1/bin/../lib/gcc/arm-none-eabi/13.2.1/../../../../arm-none-eabi/lib/thumb/v6-m/nofp/libc.a(libc_a-impure.o)
 .ARM.attributes
                0x000008ad       0x2c /home/milan/.pico-sdk/toolchain/13_2_Rel1/bin/../lib/gcc/arm-none-eabi/13.2.1/../../../../arm-none-eabi/lib/thumb/v6-m/nofp/libc.a(libc_a-findfp.o)
 .ARM.attributes
                0x000008d9       0x2c /home/milan/.pico-sdk/toolchain/13_2_Rel1/bin/../lib/gcc/arm-none-eabi/13.2.1/../../../../arm-none-eabi/lib/thumb/v6-m/nofp/libc.a(libc_a-strlen-stub.o)
 .ARM.attributes
                0x00000905       0x2c /home/milan/.pico-sdk/toolchain/13_2_Rel1/bin/../lib/gcc/arm-none-eabi/13.2.1/../../../../arm-none-eabi/lib/thumb/v6-m/nofp/libc.a(libc_a-sccl.o)
 .ARM.attributes
                0x00000931       0x2c /home/milan/.pico-sdk/toolchain/13_2_Rel1/bin/../lib/gcc/arm-none-eabi/13.2.1/../../../../arm-none-eabi/lib/thumb/v6-m/nofp/libc.a(libm_a-sf_nan.o)
 .ARM.attributes
                0x0000095d       0x2c /home/milan/.pico-sdk/toolchain/13_2_Rel1/bin/../lib/gcc/arm-none-eabi/13.2.1/../../../../arm-none-eabi/lib/thumb/v6-m/nofp/libc.a(libc_a-reallocr.o)
 .ARM.attributes
                0x00000989       0x2c /home/milan/.pico-sdk/toolchain/13_2_Rel1/bin/../lib/gcc/arm-none-eabi/13.2.1/../../../../arm-none-eabi/lib/thumb/v6-m/nofp/libc.a(libc_a-strtod.o)
 .ARM.attributes
                0x000009b5       0x2c /home/milan/.pico-sdk/toolchain/13_2_Rel1/bin/../lib/gcc/arm-none-eabi/13.2.1/../../../../arm-none-eabi/lib/thumb/v6-m/nofp/libc.a(libc_a-freer.o)
 .ARM.attributes
                0x000009e1       0x2c /home/milan/.pico-sdk/toolchain/13_2_Rel1/bin/../lib/gcc/arm-none-eabi/13.2.1/../../../../arm-none-eabi/lib/thumb/v6-m/nofp/libc.a(libc_a-strtol.o)
 .ARM.attributes
                0x00000a0d       0x2c /home/milan/.pico-sdk/toolchain/13_2_Rel1/bin/../lib/gcc/arm-none-eabi/13.2.1/../../../../arm-none-eabi/lib/thumb/v6-m/nofp/libc.a(libc_a-gdtoa-gethex.o)
 .ARM.attributes
                0x00000a39       0x2c /home/milan/.pico-sdk/toolchain/13_2_Rel1/bin/../lib/gcc/arm-none-eabi/13.2.1/../../../../arm-none-eabi/lib/thumb/v6-m/nofp/libc.a(libc_a-strtoul.o)
 .ARM.attributes
                0x00000a65       0x2c /home/milan/.pico-sdk/toolchain/13_2_Rel1/bin/../lib/gcc/arm-none-eabi/13.2.1/../../../../arm-none-eabi/lib/thumb/v6-m/nofp/libc.a(libc_a-gdtoa-hexnan.o)
 .ARM.attributes
                0x00000a91       0x2c /home/milan/.pico-sdk/toolchain/13_2_Rel1/bin/../lib/gcc/arm-none-eabi/13.2.1/../../../../arm-none-eabi/lib/thumb/v6-m/nofp/libc.a(libc_a-strncmp.o)
 .ARM.attributes
                0x00000abd       0x2c /home/milan/.pico-sdk/toolchain/13_2_Rel1/bin/../lib/gcc/arm-none-eabi/13.2.1/../../../../arm-none-eabi/lib/thumb/v6-m/nofp/libc.a(libc_a-strtoll.o)
 .ARM.attributes
                0x00000ae9       0x2c /home/milan/.pico-sdk/toolchain/13_2_Rel1/bin/../lib/gcc/arm-none-eabi/13.2.1/../../../../arm-none-eabi/lib/thumb/v6-m/nofp/libc.a(libc_a-strtoull.o)
 .ARM.attributes
                0x00000b15       0x2c /home/milan/.pico-sdk/toolchain/13_2_Rel1/bin/../lib/gcc/arm-none-eabi/13.2.1/../../../../arm-none-eabi/lib/thumb/v6-m/nofp/libc.a(libc_a-iswspace.o)
 .ARM.attributes
                0x00000b41       0x2c /home/milan/.pico-sdk/toolchain/13_2_Rel1/bin/../lib/gcc/arm-none-eabi/13.2.1/../../../../arm-none-eabi/lib/thumb/v6-m/nofp/libc.a(libc_a-iswspace_l.o)
 .ARM.attributes
                0x00000b6d       0x2c /home/milan/.pico-sdk/toolchain/13_2_Rel1/bin/../lib/gcc/arm-none-eabi/13.2.1/../../../../arm-none-eabi/lib/thumb/v6-m/nofp/libc.a(libc_a-stpncpy.o)
 .ARM.attributes
                0x00000b99       0x2c /home/milan/.pico-sdk/toolchain/13_2_Rel1/bin/../lib/gcc/arm-none-eabi/13.2.1/../../../../arm-none-eabi/lib/thumb/v6-m/nofp/libc.a(libc_a-wctomb_r.o)
 .ARM.attributes
                0x00000bc5       0x2c /home/milan/.pico-sdk/toolchain/13_2_Rel1/bin/../lib/gcc/arm-none-eabi/13.2.1/../../../../arm-none-eabi/lib/thumb/v6-m/nofp/libc.a(libc_a-categories.o)
 .ARM.attributes
                0x00000bf1       0x2c /home/milan/.pico-sdk/toolchain/13_2_Rel1/bin/../lib/gcc/arm-none-eabi/13.2.1/../../../../arm-none-eabi/lib/thumb/v6-m/nofp/libc.a(libc_a-sbrkr.o)
 .ARM.attributes