Archive member included to satisfy reference by file (symbol)

/home/milan/.pico-sdk/toolchain/13_2_Rel1/bin/../lib/gcc/arm-none-eabi/13.2.1/thumb/v6-m/nofp/libgcc.a(_dvmd_tls.o)
                              CMakeFiles/hw4.dir/home/milan/.pico-sdk/sdk/1.5.1/src/rp2_common/pico_divider/divider.S.obj (__aeabi_idiv0)
/home/milan/.pico-sdk/toolchain/13_2_Rel1/bin/../lib/gcc/arm-none-eabi/13.2.1/../../../../arm-none-eabi/lib/thumb/v6-m/nofp/libc.a(libc_a-malloc.o)
                              CMakeFiles/hw4.dir/home/milan/.pico-sdk/sdk/1.5.1/src/rp2_common/pico_malloc/pico_malloc.c.obj (malloc)
/home/milan/.pico-sdk/toolchain/13_2_Rel1/bin/../lib/gcc/arm-none-eabi/13.2.1/../../../../arm-none-eabi/lib/thumb/v6-m/nofp/libc.a(libc_a-mallocr.o)
                              /home/milan/.pico-sdk/toolchain/13_2_Rel1/bin/../lib/gcc/arm-none-eabi/13.2.1/../../../../arm-none-eabi/lib/thumb/v6-m/nofp/libc.a(libc_a-malloc.o) (_malloc_r)
/home/milan/.pico-sdk/toolchain/13_2_Rel1/bin/../lib/gcc/arm-none-eabi/13.2.1/../../../../arm-none-eabi/lib/thumb/v6-m/nofp/libc.a(libc_a-init.o)
                              /home/milan/.pico-sdk/toolchain/13_2_Rel1/bin/../lib/gcc/arm-none-eabi/13.2.1/../../../../arm-none-eabi/lib/thumb/v6-m/nofp/crt0.o (__libc_init_array)
/home/milan/.pico-sdk/toolchain/13_2_Rel1/bin/../lib/gcc/arm-none-eabi/13.2.1/../../../../arm-none-eabi/lib/thumb/v6-m/nofp/libc.a(libc_a-sysconf.o)
                              /home/milan/.pico-sdk/toolchain/13_2_Rel1/bin/../lib/gcc/arm-none-eabi/13.2.1/../../../../arm-none-eabi/lib/thumb/v6-m/nofp/libc.a(libc_a-mallocr.o) (sysconf)
/home/milan/.pico-sdk/toolchain/13_2_Rel1/bin/../lib/gcc/arm-none-eabi/13.2.1/../../../../arm-none-eabi/lib/thumb/v6-m/nofp/libc.a(libc_a-mlock.o)
                              /home/milan/.pico-sdk/toolchain/13_2_Rel1/bin/../lib/gcc/arm-none-eabi/13.2.1/../../../../arm-none-eabi/lib/thumb/v6-m/nofp/libc.a(libc_a-mallocr.o) (__malloc_lock)
/home/milan/.pico-sdk/toolchain/13_2_Rel1/bin/../lib/gcc/arm-none-eabi/13.2.1/../../../../arm-none-eabi/lib/thumb/v6-m/nofp/libc.a(libc_a-calloc.o)
                              CMakeFiles/hw4.dir/home/milan/.pico-sdk/sdk/1.5.1/src/rp2_common/pico_malloc/pico_malloc.c.obj (calloc)
/home/milan/.pico-sdk/toolchain/13_2_Rel1/bin/../lib/gcc/arm-none-eabi/13.2.1/../../../../arm-none-eabi/lib/thumb/v6-m/nofp/libc.a(libc_a-callocr.o)
                              /home/milan/.pico-sdk/toolchain/13_2_Rel1/bin/../lib/gcc/arm-none-eabi/13.2.1/../../../../arm-none-eabi/lib/thumb/v6-m/nofp/libc.a(libc_a-calloc.o) (_calloc_r)
/home/milan/.pico-sdk/toolchain/13_2_Rel1/bin/../lib/gcc/arm-none-eabi/13.2.1/../../../../arm-none-eabi/lib/thumb/v6-m/nofp/libc.a(libc_a-realloc.o)
                              CMakeFiles/hw4.dir/home/milan/.pico-sdk/sdk/1.5.1/src/rp2_common/pico_malloc/pico_malloc.c.obj (realloc)
/home/milan/.pico-sdk/toolchain/13_2_Rel1/bin/../lib/gcc/arm-none-eabi/13.2.1/../../../../arm-none-eabi/lib/thumb/v6-m/nofp/libc.a(libc_a-impure.o)
                              /home/milan/.pico-sdk/toolchain/13_2_Rel1/bin/../lib/gcc/arm-none-eabi/13.2.1/../../../../arm-none-eabi/lib/thumb/v6-m/nofp/libc.a(libc_a-malloc.o) (_impure_ptr)
/home/milan/.pico-sdk/toolchain/13_2_Rel1/bin/../lib/gcc/arm-none-eabi/13.2.1/../../../../arm-none-eabi/lib/thumb/v6-m/nofp/libc.a(libc_a-findfp.o)
                              /home/milan/.pico-sdk/toolchain/13_2_Rel1/bin/../lib/gcc/arm-none-eabi/13.2.1/../../../../arm-none-eabi/lib/thumb/v6-m/nofp/libc.a(libc_a-impure.o) (__sf)
/home/milan/.pico-sdk/toolchain/13_2_Rel1/bin/../lib/gcc/arm-none-eabi/13.2.1/../../../../arm-none-eabi/lib/thumb/v6-m/nofp/libc.a(libc_a-strlen-stub.o)
                              CMakeFiles/hw4.dir/home/milan/.pico-sdk/sdk/1.5.1/src/rp2_common/pico_stdio/stdio.c.obj (strlen)
/home/milan/.pico-sdk/toolchain/13_2_Rel1/bin/../lib/gcc/arm-none-eabi/13.2.1/../../../../arm-none-eabi/lib/thumb/v6-m/nofp/libc.a(libc_a-reallocr.o)
                              /home/milan/.pico-sdk/toolchain/13_2_Rel1/bin/../lib/gcc/arm-none-eabi/13.2.1/../../../../arm-none-eabi/lib/thumb/v6-m/nofp/libc.a(libc_a-realloc.o) (_realloc_r)
/home/milan/.pico-sdk/toolchain/13_2_Rel1/bin/../lib/gcc/arm-none-eabi/13.2.1/../../../../arm-none-eabi/lib/thumb/v6-m/nofp/libc.a(libc_a-freer.o)
                              /home/milan/.pico-sdk/toolchain/13_2_Rel1/bin/../lib/gcc/arm-none-eabi/13.2.1/../../../../arm-none-eabi/lib/thumb/v6-m/nofp/libc.a(libc_a-malloc.o) (_free_r)
/home/milan/.pico-sdk/toolchain/13_2_Rel1/bin/../lib/gcc/arm-none-eabi/13.2.1/../../../../arm-none-eabi/lib/thumb/v6-m/nofp/libc.a(libc_a-stdio.o)
                              /home/milan/.pico-sdk/toolchain/13_2_Rel1/bin/../lib/gcc/arm-none-eabi/13.2.1/../../../../arm-none-eabi/lib/thumb/v6-m/nofp/libc.a(libc_a-findfp.o) (__sread)
/home/milan/.pico-sdk/toolchain/13_2_Rel1/bin/../lib/gcc/arm-none-eabi/13.2.1/../../../../arm-none-eabi/lib/thumb/v6-m/nofp/libc.a(libc_a-sbrkr.o)
[...]
Memory Configuration

Name             Origin             Length             Attributes
FLASH            0x10000000         0x00200000         xr
RAM              0x20000000         0x00040000         xrw
SCRATCH_X        0x20040000         0x00001000         xrw
SCRATCH_Y        0x20041000         0x00001000         xrw
*default*        0x00000000         0xffffffff

Linker script and memory map

LOAD /home/milan/.pico-sdk/toolchain/13_2_Rel1/bin/../lib/gcc/arm-none-eabi/13.2.1/thumb/v6-m/nofp/crti.o
LOAD /home/milan/.pico-sdk/toolchain/13_2_Rel1/bin/../lib/gcc/arm-none-eabi/13.2.1/thumb/v6-m/nofp/crtbegin.o
LOAD /home/milan/.pico-sdk/toolchain/13_2_Rel1/bin/../lib/gcc/arm-none-eabi/13.2.1/../../../../arm-none-eabi/lib/thumb/v6-m/nofp/crt0.o

.flash_begin    0x10000000        0x0
                0x10000000                        __flash_binary_start = .

.boot2          0x10000000      0x100
                0x10000000                        __boot2_start__ = .
 *(.boot2)
 .boot2         0x10000000      0x100 /tmp/ccBcHa1f.o
                0x10000100                        __boot2_end__ = .
                0x00000001                        ASSERT (((__boot2_end__ - __boot2_start__) == 0x100), ERROR: Pico second stage bootloader must be 256 bytes in size)

.text           0x10000100     0x57c8
                0x10000100                        __logical_binary_start = .
 *(.vectors)
 .vectors       0x10000100       0xd4 CMakeFiles/hw4.dir/home/milan/.pico-sdk/sdk/1.5.1/src/rp2_common/pico_standard_link/crt0.S.obj
                0x10000100                __vectors
                0x10000100                __VECTOR_TABLE
                0x100001c0                isr_invalid
                0x100001c0                __default_isrs_start
                0x100001c2                isr_nmi
                0x100001c4                isr_hardfault
                0x100001c6                isr_svcall
                0x100001c8                isr_pendsv
                0x100001ca                isr_systick
                0x100001cc                isr_irq30
                0x100001cc                __unhandled_user_irq
                0x100001cc                isr_irq13
                0x100001cc                isr_irq27
                0x100001cc                isr_irq31
                0x100001cc                isr_irq5
                0x100001cc                isr_irq11
                0x100001cc                isr_irq23
                0x100001cc                isr_irq18
                0x100001cc                isr_irq28
                0x100001cc                isr_irq19
                0x100001cc                isr_irq0
                0x100001cc                isr_irq6
                0x100001cc                isr_irq22
                0x100001cc                isr_irq17
                0x100001cc                isr_irq14
                0x100001cc                isr_irq2
                0x100001cc                isr_irq10
                0x100001cc                isr_irq8
                0x100001cc                isr_irq24
                0x100001cc                isr_irq1
                0x100001cc                isr_irq7
                0x100001cc                isr_irq21
                0x100001cc                isr_irq20
                0x100001cc                isr_irq15
                0x100001cc                isr_irq25
                0x100001cc                isr_irq4
                0x100001cc                isr_irq16
                0x100001cc                isr_irq29
                0x100001cc                isr_irq26
                0x100001cc                __default_isrs_end
                0x100001cc                isr_irq3
                0x100001cc                isr_irq12
                0x100001cc                isr_irq9
                0x100001d2                unhandled_user_irq_num_in_r0
 *(.binary_info_header)
 .binary_info_header
                0x100001d4       0x14 CMakeFiles/hw4.dir/home/milan/.pico-sdk/sdk/1.5.1/src/rp2_common/pico_standard_link/crt0.S.obj
                0x100001e8                        __binary_info_header_end = .
 *(.reset)
 .reset         0x100001e8       0xa0 CMakeFiles/hw4.dir/home/milan/.pico-sdk/sdk/1.5.1/src/rp2_common/pico_standard_link/crt0.S.obj
                0x100001e8                _entry_point
 .reset         0x10000288       0x30 CMakeFiles/hw4.dir/home/milan/.pico-sdk/sdk/1.5.1/src/rp2_common/pico_standard_link/binary_info.c.obj
 *(.init)
 .init          0x100002b8        0x4 /home/milan/.pico-sdk/toolchain/13_2_Rel1/bin/../lib/gcc/arm-none-eabi/13.2.1/thumb/v6-m/nofp/crti.o
                0x100002b8                _init
 *(EXCLUDE_FILE(*libm.a: *libc.a:*lib_a-mem*.o *libgcc.a:) .text*)
 .text.register_tm_clones
                0x100002bc       0x28 /home/milan/.pico-sdk/toolchain/13_2_Rel1/bin/../lib/gcc/arm-none-eabi/13.2.1/thumb/v6-m/nofp/crtbegin.o
 .text.frame_dummy
                0x100002e4       0x24 /home/milan/.pico-sdk/toolchain/13_2_Rel1/bin/../lib/gcc/arm-none-eabi/13.2.1/thumb/v6-m/nofp/crtbegin.o
 .text.generate_sine_wave
                0x10000308       0x84 CMakeFiles/hw4.dir/hw4.c.obj
                0x10000308                generate_sine_wave
 .text.generate_triangle_wave
                0x1000038c       0x98 CMakeFiles/hw4.dir/hw4.c.obj
                0x1000038c                generate_triangle_wave
 .text.startup.main
                0x10000424       0xf8 CMakeFiles/hw4.dir/hw4.c.obj
                0x10000424                main
 .text.gpio_set_function
                0x1000051c       0x30 CMakeFiles/hw4.dir/home/milan/.pico-sdk/sdk/1.5.1/src/rp2_common/hardware_gpio/gpio.c.obj
                0x1000051c                gpio_set_function
 .text.gpio_init
                0x1000054c       0x3c CMakeFiles/hw4.dir/home/milan/.pico-sdk/sdk/1.5.1/src/rp2_common/hardware_gpio/gpio.c.obj
                0x1000054c                gpio_init
 .text.running_on_fpga
                0x10000588       0x10 CMakeFiles/hw4.dir/home/milan/.pico-sdk/sdk/1.5.1/src/rp2_common/pico_platform/platform.c.obj
                0x10000588                running_on_fpga
 .text.hw_claim_or_assert
                0x10000598       0x44 CMakeFiles/hw4.dir/home/milan/.pico-sdk/sdk/1.5.1/src/rp2_common/hardware_claim/claim.c.obj
                0x10000598                hw_claim_or_assert
 .text.hw_claim_unused_from_range
                0x100005dc       0x9c CMakeFiles/hw4.dir/home/milan/.pico-sdk/sdk/1.5.1/src/rp2_common/hardware_claim/claim.c.obj
                0x100005dc                hw_claim_unused_from_range
 .text.spin_locks_reset
                0x10000678       0x1c CMakeFiles/hw4.dir/home/milan/.pico-sdk/sdk/1.5.1/src/rp2_common/hardware_sync/sync.c.obj
                0x10000678                spin_locks_reset
 .text.next_striped_spin_lock_num
                0x10000694       0x18 CMakeFiles/hw4.dir/home/milan/.pico-sdk/sdk/1.5.1/src/rp2_common/hardware_sync/sync.c.obj
                0x10000694                next_striped_spin_lock_num
 .text.spin_lock_claim_unused
                0x100006ac       0x24 CMakeFiles/hw4.dir/home/milan/.pico-sdk/sdk/1.5.1/src/rp2_common/hardware_sync/sync.c.obj
                0x100006ac                spin_lock_claim_unused
 .text.irq_set_enabled
                0x100006d0       0x24 CMakeFiles/hw4.dir/home/milan/.pico-sdk/sdk/1.5.1/src/rp2_common/hardware_irq/irq.c.obj
                0x100006d0                irq_set_enabled
 .text.irq_set_pending
                0x100006f4       0x10 CMakeFiles/hw4.dir/home/milan/.pico-sdk/sdk/1.5.1/src/rp2_common/hardware_irq/irq.c.obj
                0x100006f4                irq_set_pending
 .text.irq_has_shared_handler
                0x10000704       0x2c CMakeFiles/hw4.dir/home/milan/.pico-sdk/sdk/1.5.1/src/rp2_common/hardware_irq/irq.c.obj
                0x10000704                irq_has_shared_handler
 .text.irq_get_vtable_handler
                0x10000730       0x10 CMakeFiles/hw4.dir/home/milan/.pico-sdk/sdk/1.5.1/src/rp2_common/hardware_irq/irq.c.obj
                0x10000730                irq_get_vtable_handler
 .text.irq_set_exclusive_handler
                0x10000740       0x54 CMakeFiles/hw4.dir/home/milan/.pico-sdk/sdk/1.5.1/src/rp2_common/hardware_irq/irq.c.obj
                0x10000740                irq_set_exclusive_handler
 .text.irq_add_shared_handler
                0x10000794      0x1f4 CMakeFiles/hw4.dir/home/milan/.pico-sdk/sdk/1.5.1/src/rp2_common/hardware_irq/irq.c.obj
                0x10000794                irq_add_shared_handler
 .text.irq_remove_handler
                0x10000988      0x1c4 CMakeFiles/hw4.dir/home/milan/.pico-sdk/sdk/1.5.1/src/rp2_common/hardware_irq/irq.c.obj
                0x10000988                irq_remove_handler
 .text.irq_add_tail_to_free_list
                0x10000b4c       0xb4 CMakeFiles/hw4.dir/home/milan/.pico-sdk/sdk/1.5.1/src/rp2_common/hardware_irq/irq.c.obj
                0x10000b4c                irq_add_tail_to_free_list
 .text.irq_init_priorities
                0x10000c00       0x24 CMakeFiles/hw4.dir/home/milan/.pico-sdk/sdk/1.5.1/src/rp2_common/hardware_irq/irq.c.obj
                0x10000c00                irq_init_priorities
 .text.user_irq_claim_unused
                0x10000c24       0x2c CMakeFiles/hw4.dir/home/milan/.pico-sdk/sdk/1.5.1/src/rp2_common/hardware_irq/irq.c.obj
                0x10000c24                user_irq_claim_unused
 .text.lock_init
                0x10000c50       0x10 CMakeFiles/hw4.dir/home/milan/.pico-sdk/sdk/1.5.1/src/common/pico_sync/lock_core.c.obj
                0x10000c50                lock_init
 .text.mutex_init
                0x10000c60       0x1c CMakeFiles/hw4.dir/home/milan/.pico-sdk/sdk/1.5.1/src/common/pico_sync/mutex.c.obj
                0x10000c60                mutex_init
 .text.recursive_mutex_init
                0x10000c7c       0x1c CMakeFiles/hw4.dir/home/milan/.pico-sdk/sdk/1.5.1/src/common/pico_sync/mutex.c.obj
                0x10000c7c                recursive_mutex_init
 .text.critical_section_init
                0x10000c98       0x1c CMakeFiles/hw4.dir/home/milan/.pico-sdk/sdk/1.5.1/src/common/pico_sync/critical_section.c.obj
                0x10000c98                critical_section_init
 .text.critical_section_init_with_lock_num
                0x10000cb4       0x14 CMakeFiles/hw4.dir/home/milan/.pico-sdk/sdk/1.5.1/src/common/pico_sync/critical_section.c.obj
                0x10000cb4                critical_section_init_with_lock_num
 .text.timer_pool_entry_comparator
                0x10000cc8       0x34 CMakeFiles/hw4.dir/home/milan/.pico-sdk/sdk/1.5.1/src/common/pico_time/time.c.obj
                0x10000cc8                timer_pool_entry_comparator
 .text.sleep_until_callback
                0x10000cfc       0x30 CMakeFiles/hw4.dir/home/milan/.pico-sdk/sdk/1.5.1/src/common/pico_time/time.c.obj
 .text.add_alarm_under_lock.isra.0
                0x10000d2c      0x100 CMakeFiles/hw4.dir/home/milan/.pico-sdk/sdk/1.5.1/src/common/pico_time/time.c.obj
 .text.alarm_pool_alarm_callback
                0x10000e2c      0x1c0 CMakeFiles/hw4.dir/home/milan/.pico-sdk/sdk/1.5.1/src/common/pico_time/time.c.obj
 .text.alarm_pool_init_default
                0x10000fec       0x6c CMakeFiles/hw4.dir/home/milan/.pico-sdk/sdk/1.5.1/src/common/pico_time/time.c.obj
                0x10000fec                alarm_pool_init_default
 .text.alarm_pool_get_default
                0x10001058        0x8 CMakeFiles/hw4.dir/home/milan/.pico-sdk/sdk/1.5.1/src/common/pico_time/time.c.obj
                0x10001058                alarm_pool_get_default
 .text.alarm_pool_add_alarm_at
                0x10001060      0x17c CMakeFiles/hw4.dir/home/milan/.pico-sdk/sdk/1.5.1/src/common/pico_time/time.c.obj
                0x10001060                alarm_pool_add_alarm_at
 .text.alarm_pool_core_num
                0x100011dc        0x4 CMakeFiles/hw4.dir/home/milan/.pico-sdk/sdk/1.5.1/src/common/pico_time/time.c.obj
                0x100011dc                alarm_pool_core_num
 .text.sleep_until
                0x100011e0       0xc4 CMakeFiles/hw4.dir/home/milan/.pico-sdk/sdk/1.5.1/src/common/pico_time/time.c.obj
                0x100011e0                sleep_until
 .text.sleep_ms
                0x100012a4       0x38 CMakeFiles/hw4.dir/home/milan/.pico-sdk/sdk/1.5.1/src/common/pico_time/time.c.obj
                0x100012a4                sleep_ms
 .text.best_effort_wfe_or_timeout
                0x100012dc       0xcc CMakeFiles/hw4.dir/home/milan/.pico-sdk/sdk/1.5.1/src/common/pico_time/time.c.obj
                0x100012dc                best_effort_wfe_or_timeout
 .text.hardware_alarm_irq_handler
                0x100013a8       0xbc CMakeFiles/hw4.dir/home/milan/.pico-sdk/sdk/1.5.1/src/rp2_common/hardware_timer/timer.c.obj
 .text.hardware_alarm_claim
                0x10001464       0x18 CMakeFiles/hw4.dir/home/milan/.pico-sdk/sdk/1.5.1/src/rp2_common/hardware_timer/timer.c.obj
                0x10001464                hardware_alarm_claim
 .text.time_us_64
                0x1000147c       0x14 CMakeFiles/hw4.dir/home/milan/.pico-sdk/sdk/1.5.1/src/rp2_common/hardware_timer/timer.c.obj
                0x1000147c                time_us_64
 .text.busy_wait_until
                0x10001490       0x20 CMakeFiles/hw4.dir/home/milan/.pico-sdk/sdk/1.5.1/src/rp2_common/hardware_timer/timer.c.obj
                0x10001490                busy_wait_until
 .text.hardware_alarm_set_callback
                0x100014b0       0x8c CMakeFiles/hw4.dir/home/milan/.pico-sdk/sdk/1.5.1/src/rp2_common/hardware_timer/timer.c.obj
                0x100014b0                hardware_alarm_set_callback
 .text.hardware_alarm_set_target
                0x1000153c       0xd0 CMakeFiles/hw4.dir/home/milan/.pico-sdk/sdk/1.5.1/src/rp2_common/hardware_timer/timer.c.obj
                0x1000153c                hardware_alarm_set_target
 .text.hardware_alarm_cancel
                0x1000160c       0x3c CMakeFiles/hw4.dir/home/milan/.pico-sdk/sdk/1.5.1/src/rp2_common/hardware_timer/timer.c.obj
                0x1000160c                hardware_alarm_cancel
 .text.ph_merge_nodes
                0x10001648       0x58 CMakeFiles/hw4.dir/home/milan/.pico-sdk/sdk/1.5.1/src/common/pico_util/pheap.c.obj
 .text.ph_post_alloc_init
                0x100016a0       0x3c CMakeFiles/hw4.dir/home/milan/.pico-sdk/sdk/1.5.1/src/common/pico_util/pheap.c.obj
                0x100016a0                ph_post_alloc_init
 .text.ph_merge_two_pass
                0x100016dc       0x8c CMakeFiles/hw4.dir/home/milan/.pico-sdk/sdk/1.5.1/src/common/pico_util/pheap.c.obj
                0x100016dc                ph_merge_two_pass
 .text.ph_remove_any_head
                0x10001768      0x100 CMakeFiles/hw4.dir/home/milan/.pico-sdk/sdk/1.5.1/src/common/pico_util/pheap.c.obj
 .text.ph_remove_head
                0x10001868      0x104 CMakeFiles/hw4.dir/home/milan/.pico-sdk/sdk/1.5.1/src/common/pico_util/pheap.c.obj
                0x10001868                ph_remove_head
 .text.ph_remove_and_free_node
                0x1000196c       0x78 CMakeFiles/hw4.dir/home/milan/.pico-sdk/sdk/1.5.1/src/common/pico_util/pheap.c.obj
                0x1000196c                ph_remove_and_free_node
 .text.clocks_init
                0x100019e4      0x2c8 CMakeFiles/hw4.dir/home/milan/.pico-sdk/sdk/1.5.1/src/rp2_common/hardware_clocks/clocks.c.obj
                0x100019e4                clocks_init
 .text.clock_get_hz
                0x10001cac        0xc CMakeFiles/hw4.dir/home/milan/.pico-sdk/sdk/1.5.1/src/rp2_common/hardware_clocks/clocks.c.obj
                0x10001cac                clock_get_hz
 .text.pll_init
                0x10001cb8       0xa4 CMakeFiles/hw4.dir/home/milan/.pico-sdk/sdk/1.5.1/src/rp2_common/hardware_pll/pll.c.obj
                0x10001cb8                pll_init
 .text.watchdog_start_tick
                0x10001d5c       0x10 CMakeFiles/hw4.dir/home/milan/.pico-sdk/sdk/1.5.1/src/rp2_common/hardware_watchdog/watchdog.c.obj
                0x10001d5c                watchdog_start_tick
 .text.watchdog_reboot
                0x10001d6c       0x9c CMakeFiles/hw4.dir/home/milan/.pico-sdk/sdk/1.5.1/src/rp2_common/hardware_watchdog/watchdog.c.obj
                0x10001d6c                watchdog_reboot
 .text.xosc_init
                0x10001e08       0x28 CMakeFiles/hw4.dir/home/milan/.pico-sdk/sdk/1.5.1/src/rp2_common/hardware_xosc/xosc.c.obj
                0x10001e08                xosc_init
 .text.runtime_init
                0x10001e30       0xf0 CMakeFiles/hw4.dir/home/milan/.pico-sdk/sdk/1.5.1/src/rp2_common/pico_runtime/runtime.c.obj
                0x10001e30                runtime_init
 .text._exit    0x10001f20        0x4 CMakeFiles/hw4.dir/home/milan/.pico-sdk/sdk/1.5.1/src/rp2_common/pico_runtime/runtime.c.obj
                0x10001f20                _exit
 .text.exit     0x10001f24        0x8 CMakeFiles/hw4.dir/home/milan/.pico-sdk/sdk/1.5.1/src/rp2_common/pico_runtime/runtime.c.obj
                0x10001f24                exit
 .text.panic    0x10001f2c       0x30 CMakeFiles/hw4.dir/home/milan/.pico-sdk/sdk/1.5.1/src/rp2_common/pico_runtime/runtime.c.obj
                0x10001f2c                panic
 .text.hard_assertion_failure
                0x10001f5c        0xc CMakeFiles/hw4.dir/home/milan/.pico-sdk/sdk/1.5.1/src/rp2_common/pico_runtime/runtime.c.obj
                0x10001f5c                hard_assertion_failure
 .text._out_char
                0x10001f68       0x10 CMakeFiles/hw4.dir/home/milan/.pico-sdk/sdk/1.5.1/src/rp2_common/pico_printf/printf.c.obj
 .text.weak_raw_vprintf
                0x10001f78       0x30 CMakeFiles/hw4.dir/home/milan/.pico-sdk/sdk/1.5.1/src/rp2_common/pico_printf/printf.c.obj
                0x10001f78                weak_raw_vprintf
 .text          0x10001fa8       0x10 CMakeFiles/hw4.dir/home/milan/.pico-sdk/sdk/1.5.1/src/rp2_common/pico_bit_ops/bit_ops_aeabi.S.obj
 .text.rom_func_lookup
                0x10001fb8       0x10 CMakeFiles/hw4.dir/home/milan/.pico-sdk/sdk/1.5.1/src/rp2_common/pico_bootrom/bootrom.c.obj
                0x10001fb8                rom_func_lookup
 .text.rom_data_lookup
                0x10001fc8       0x10 CMakeFiles/hw4.dir/home/milan/.pico-sdk/sdk/1.5.1/src/rp2_common/pico_bootrom/bootrom.c.obj
                0x10001fc8                rom_data_lookup
 .text.rom_funcs_lookup
                0x10001fd8       0x44 CMakeFiles/hw4.dir/home/milan/.pico-sdk/sdk/1.5.1/src/rp2_common/pico_bootrom/bootrom.c.obj
                0x10001fd8                rom_funcs_lookup
 .text.__wrap___aeabi_uidiv
                0x1000201c       0x4c CMakeFiles/hw4.dir/home/milan/.pico-sdk/sdk/1.5.1/src/rp2_common/pico_divider/divider.S.obj
                0x1000201c                __wrap___aeabi_uidiv
                0x1000201c                __wrap___aeabi_uidivmod
                0x1000201c                div_u32u32
                0x1000201c                divmod_u32u32
                0x10002024                divmod_u32u32_unsafe
                0x1000204c                divmod_u32u32_savestate
 .text.push_r8_r11
                0x10002068        0xc CMakeFiles/hw4.dir/home/milan/.pico-sdk/sdk/1.5.1/src/rp2_common/pico_double/double_aeabi.S.obj
                0x10002068                push_r8_r11
 .text.pop_r8_r11
                0x10002074        0xc CMakeFiles/hw4.dir/home/milan/.pico-sdk/sdk/1.5.1/src/rp2_common/pico_double/double_aeabi.S.obj
                0x10002074                pop_r8_r11
 .text.__wrap___aeabi_darithmetic
                0x10002080       0x80 CMakeFiles/hw4.dir/home/milan/.pico-sdk/sdk/1.5.1/src/rp2_common/pico_double/double_aeabi.S.obj
                0x10002080                __wrap___aeabi_drsub
                0x10002086                __wrap___aeabi_dsub
                0x10002098                __wrap___aeabi_dadd
                0x100020aa                __wrap___aeabi_ddiv
                0x100020e6                __wrap___aeabi_dmul
 .text.__wrap___aeabi_i2d
                0x10002100       0x38 CMakeFiles/hw4.dir/home/milan/.pico-sdk/sdk/1.5.1/src/rp2_common/pico_double/double_aeabi.S.obj
                0x10002100                __wrap___aeabi_ui2d
                0x10002108                __wrap___aeabi_i2d
 .text.__wrap___aeabi_d2iz
                0x10002138       0x48 CMakeFiles/hw4.dir/home/milan/.pico-sdk/sdk/1.5.1/src/rp2_common/pico_double/double_aeabi.S.obj
                0x10002138                __wrap___aeabi_d2iz
                0x10002138                double2int_z
 .text.fix642double
                0x10002180       0x18 CMakeFiles/hw4.dir/home/milan/.pico-sdk/sdk/1.5.1/src/rp2_common/pico_double/double_aeabi.S.obj
                0x10002180                fix642double
 .text.__wrap_sincostan_remainder
                0x10002198       0x14 CMakeFiles/hw4.dir/home/milan/.pico-sdk/sdk/1.5.1/src/rp2_common/pico_double/double_aeabi.S.obj
                0x10002198                sincostan_remainder
 .text.__wrap_sin
                0x100021ac       0x2c CMakeFiles/hw4.dir/home/milan/.pico-sdk/sdk/1.5.1/src/rp2_common/pico_double/double_aeabi.S.obj
                0x100021ac                __wrap_sin
 .text.__aeabi_double_init
                0x100021d8       0x98 CMakeFiles/hw4.dir/home/milan/.pico-sdk/sdk/1.5.1/src/rp2_common/pico_double/double_init_rom.c.obj
                0x100021d8                __aeabi_double_init
 .text.__wrap_fmod
                0x10002270      0x184 CMakeFiles/hw4.dir/home/milan/.pico-sdk/sdk/1.5.1/src/rp2_common/pico_double/double_math.c.obj
                0x10002270                __wrap_fmod
 .text.__wrap_remquo
                0x100023f4      0x27c CMakeFiles/hw4.dir/home/milan/.pico-sdk/sdk/1.5.1/src/rp2_common/pico_double/double_math.c.obj
                0x100023f4                __wrap_remquo
 .text.__wrap_remainder
                0x10002670       0x10 CMakeFiles/hw4.dir/home/milan/.pico-sdk/sdk/1.5.1/src/rp2_common/pico_double/double_math.c.obj
                0x10002670                __wrap_remainder
 .text.double_table_shim_on_use_helper
                0x10002680       0x2c CMakeFiles/hw4.dir/home/milan/.pico-sdk/sdk/1.5.1/src/rp2_common/pico_double/double_v1_rom_shim.S.obj
                0x10002680                double_table_shim_on_use_helper
 .text.__wrap___aeabi_dsub
                0x100026ac       0x10 CMakeFiles/hw4.dir/home/milan/.pico-sdk/sdk/1.5.1/src/rp2_common/pico_double/double_v1_rom_shim.S.obj
                0x100026ac                drsub_shim
                0x100026b2                dsub_shim
 .text.dadd_shim
                0x100026bc      0x15c CMakeFiles/hw4.dir/home/milan/.pico-sdk/sdk/1.5.1/src/rp2_common/pico_double/double_v1_rom_shim.S.obj
                0x100026bc                dadd_shim
 .text.dmul_shim
                0x10002818      0x15c CMakeFiles/hw4.dir/home/milan/.pico-sdk/sdk/1.5.1/src/rp2_common/pico_double/double_v1_rom_shim.S.obj
                0x10002818                dmul_shim
 .text.ddiv_shim
                0x10002974      0x1b0 CMakeFiles/hw4.dir/home/milan/.pico-sdk/sdk/1.5.1/src/rp2_common/pico_double/double_v1_rom_shim.S.obj
                0x10002974                ddiv_shim
 .text.dcordic_vec_step
                0x10002b24        0xe CMakeFiles/hw4.dir/home/milan/.pico-sdk/sdk/1.5.1/src/rp2_common/pico_double/double_v1_rom_shim.S.obj
                0x10002b24                dcordic_vec_step
 .text.dcordic_rot_step
                0x10002b32       0x76 CMakeFiles/hw4.dir/home/milan/.pico-sdk/sdk/1.5.1/src/rp2_common/pico_double/double_v1_rom_shim.S.obj
                0x10002b32                dcordic_rot_step
 .text.double2int64_shim
                0x10002ba8       0x1a CMakeFiles/hw4.dir/home/milan/.pico-sdk/sdk/1.5.1/src/rp2_common/pico_double/double_v1_rom_shim.S.obj
                0x10002ba8                double2int64_shim
                0x10002baa                double2fix64_shim
 *fill*         0x10002bc2        0x2 
 .text.double2uint64_shim
                0x10002bc4       0x70 CMakeFiles/hw4.dir/home/milan/.pico-sdk/sdk/1.5.1/src/rp2_common/pico_double/double_v1_rom_shim.S.obj
                0x10002bc4                double2uint64_shim
                0x10002bc6                double2ufix64_shim
                0x10002be6                d2fix_a
 .text.x2double_shims
                0x10002c34       0x90 CMakeFiles/hw4.dir/home/milan/.pico-sdk/sdk/1.5.1/src/rp2_common/pico_double/double_v1_rom_shim.S.obj
                0x10002c34                uint2double_shim
                0x10002c36                ufix2double_shim
                0x10002c3c                int2double_shim
                0x10002c3e                fix2double_shim
                0x10002c44                uint642double_shim
                0x10002c46                ufix642double_shim
                0x10002c4c                int642double_shim
                0x10002c4e                fix642double_shim
 .text.dunpacks
                0x10002cc4       0x3c CMakeFiles/hw4.dir/home/milan/.pico-sdk/sdk/1.5.1/src/rp2_common/pico_double/double_v1_rom_shim.S.obj
                0x10002cc4                dunpacks
 .text.dreduce  0x10002d00       0x82 CMakeFiles/hw4.dir/home/milan/.pico-sdk/sdk/1.5.1/src/rp2_common/pico_double/double_v1_rom_shim.S.obj
                0x10002d00                dreduce
 .text.dsin_shim
                0x10002d82       0x14 CMakeFiles/hw4.dir/home/milan/.pico-sdk/sdk/1.5.1/src/rp2_common/pico_double/double_v1_rom_shim.S.obj
                0x10002d82                dsin_shim
 *fill*         0x10002d96        0x2 
 .text.dtrig_guts
                0x10002d98      0x2ec CMakeFiles/hw4.dir/home/milan/.pico-sdk/sdk/1.5.1/src/rp2_common/pico_double/double_v1_rom_shim.S.obj
                0x10002e70                datan2_shim
 .text.__aeabi_lmul
                0x10003084       0x32 CMakeFiles/hw4.dir/home/milan/.pico-sdk/sdk/1.5.1/src/rp2_common/pico_int64_ops/pico_int64_ops_aeabi.S.obj
                0x10003084                __wrap___aeabi_lmul
 *fill*         0x100030b6        0x2 
 .text.__aeabi_float_init
                0x100030b8       0x64 CMakeFiles/hw4.dir/home/milan/.pico-sdk/sdk/1.5.1/src/rp2_common/pico_float/float_init_rom.c.obj
                0x100030b8                __aeabi_float_init
 .text.float_table_shim_on_use_helper
                0x1000311c       0x2c CMakeFiles/hw4.dir/home/milan/.pico-sdk/sdk/1.5.1/src/rp2_common/pico_float/float_v1_rom_shim.S.obj
                0x1000311c                float_table_shim_on_use_helper
 .text          0x10003148       0x10 CMakeFiles/hw4.dir/home/milan/.pico-sdk/sdk/1.5.1/src/rp2_common/pico_mem_ops/mem_ops_aeabi.S.obj
                0x10003148                __aeabi_mem_init
 .text.memset   0x10003158        0xc CMakeFiles/hw4.dir/home/milan/.pico-sdk/sdk/1.5.1/src/rp2_common/pico_mem_ops/mem_ops_aeabi.S.obj
                0x10003158                __wrap_memset
 .text.memcpy   0x10003164        0xc CMakeFiles/hw4.dir/home/milan/.pico-sdk/sdk/1.5.1/src/rp2_common/pico_mem_ops/mem_ops_aeabi.S.obj
                0x10003164                __wrap___aeabi_memcpy
                0x10003164                __wrap_memcpy
 .text.stdio_out_chars_crlf
                0x10003170       0x94 CMakeFiles/hw4.dir/home/milan/.pico-sdk/sdk/1.5.1/src/rp2_common/pico_stdio/stdio.c.obj
 .text.__wrap_putchar
                0x10003204       0x98 CMakeFiles/hw4.dir/home/milan/.pico-sdk/sdk/1.5.1/src/rp2_common/pico_stdio/stdio.c.obj
                0x10003204                __wrap_putchar
 .text.__wrap_puts
                0x1000329c       0xe0 CMakeFiles/hw4.dir/home/milan/.pico-sdk/sdk/1.5.1/src/rp2_common/pico_stdio/stdio.c.obj
                0x1000329c                __wrap_puts
 .text.stdio_set_driver_enabled
                0x1000337c       0x30 CMakeFiles/hw4.dir/home/milan/.pico-sdk/sdk/1.5.1/src/rp2_common/pico_stdio/stdio.c.obj
                0x1000337c                stdio_set_driver_enabled
 .text.stdio_init_all
                0x100033ac        0x8 CMakeFiles/hw4.dir/home/milan/.pico-sdk/sdk/1.5.1/src/rp2_common/pico_stdio/stdio.c.obj
                0x100033ac                stdio_init_all
 .text.resetd_init
                0x100033b4        0x4 CMakeFiles/hw4.dir/home/milan/.pico-sdk/sdk/1.5.1/src/rp2_common/pico_stdio_usb/reset_interface.c.obj
 .text.resetd_reset
                0x100033b8        0xc CMakeFiles/hw4.dir/home/milan/.pico-sdk/sdk/1.5.1/src/rp2_common/pico_stdio_usb/reset_interface.c.obj
 .text.resetd_open
                0x100033c4       0x28 CMakeFiles/hw4.dir/home/milan/.pico-sdk/sdk/1.5.1/src/rp2_common/pico_stdio_usb/reset_interface.c.obj
 .text.resetd_xfer_cb
                0x100033ec        0x4 CMakeFiles/hw4.dir/home/milan/.pico-sdk/sdk/1.5.1/src/rp2_common/pico_stdio_usb/reset_interface.c.obj
 .text.resetd_control_xfer_cb
                0x100033f0       0x60 CMakeFiles/hw4.dir/home/milan/.pico-sdk/sdk/1.5.1/src/rp2_common/pico_stdio_usb/reset_interface.c.obj
 .text.usbd_app_driver_get_cb
                0x10003450        0xc CMakeFiles/hw4.dir/home/milan/.pico-sdk/sdk/1.5.1/src/rp2_common/pico_stdio_usb/reset_interface.c.obj
                0x10003450                usbd_app_driver_get_cb
 .text.tud_cdc_line_coding_cb
                0x1000345c       0x34 CMakeFiles/hw4.dir/home/milan/.pico-sdk/sdk/1.5.1/src/rp2_common/pico_stdio_usb/reset_interface.c.obj
                0x1000345c                tud_cdc_line_coding_cb
 .text.stdio_usb_set_chars_available_callback
                0x10003490       0x14 CMakeFiles/hw4.dir/home/milan/.pico-sdk/sdk/1.5.1/src/rp2_common/pico_stdio_usb/stdio_usb.c.obj
                0x10003490                stdio_usb_set_chars_available_callback
 .text.usb_irq  0x100034a4       0x10 CMakeFiles/hw4.dir/home/milan/.pico-sdk/sdk/1.5.1/src/rp2_common/pico_stdio_usb/stdio_usb.c.obj
 .text.timer_task
                0x100034b4       0x54 CMakeFiles/hw4.dir/home/milan/.pico-sdk/sdk/1.5.1/src/rp2_common/pico_stdio_usb/stdio_usb.c.obj
 .text.stdio_usb_in_chars
                0x10003508       0x90 CMakeFiles/hw4.dir/home/milan/.pico-sdk/sdk/1.5.1/src/rp2_common/pico_stdio_usb/stdio_usb.c.obj
                0x10003508                stdio_usb_in_chars
 .text.stdio_usb_out_chars
                0x10003598      0x104 CMakeFiles/hw4.dir/home/milan/.pico-sdk/sdk/1.5.1/src/rp2_common/pico_stdio_usb/stdio_usb.c.obj
 .text.low_priority_worker_irq
                0x1000369c       0xa8 CMakeFiles/hw4.dir/home/milan/.pico-sdk/sdk/1.5.1/src/rp2_common/pico_stdio_usb/stdio_usb.c.obj
 .text.tud_cdc_rx_cb
                0x10003744       0x20 CMakeFiles/hw4.dir/home/milan/.pico-sdk/sdk/1.5.1/src/rp2_common/pico_stdio_usb/stdio_usb.c.obj
                0x10003744                tud_cdc_rx_cb
 .text.stdio_usb_init
                0x10003764       0xe0 CMakeFiles/hw4.dir/home/milan/.pico-sdk/sdk/1.5.1/src/rp2_common/pico_stdio_usb/stdio_usb.c.obj
                0x10003764                stdio_usb_init
 .text.tud_descriptor_device_cb
                0x10003844        0x8 CMakeFiles/hw4.dir/home/milan/.pico-sdk/sdk/1.5.1/src/rp2_common/pico_stdio_usb/stdio_usb_descriptors.c.obj
                0x10003844                tud_descriptor_device_cb
 .text.tud_descriptor_configuration_cb
                0x1000384c        0x8 CMakeFiles/hw4.dir/home/milan/.pico-sdk/sdk/1.5.1/src/rp2_common/pico_stdio_usb/stdio_usb_descriptors.c.obj
                0x1000384c                tud_descriptor_configuration_cb
 .text.tud_descriptor_string_cb
                0x10003854       0x78 CMakeFiles/hw4.dir/home/milan/.pico-sdk/sdk/1.5.1/src/rp2_common/pico_stdio_usb/stdio_usb_descriptors.c.obj
                0x10003854                tud_descriptor_string_cb
 .text.startup._retrieve_unique_id_on_boot
                0x100038cc       0x10 CMakeFiles/hw4.dir/home/milan/.pico-sdk/sdk/1.5.1/src/rp2_common/pico_unique_id/unique_id.c.obj
 .text.pico_get_unique_board_id_string
                0x100038dc      0x1a8 CMakeFiles/hw4.dir/home/milan/.pico-sdk/sdk/1.5.1/src/rp2_common/pico_unique_id/unique_id.c.obj
                0x100038dc                pico_get_unique_board_id_string
 .text.flash_get_unique_id
                0x10003a84       0x3c CMakeFiles/hw4.dir/home/milan/.pico-sdk/sdk/1.5.1/src/rp2_common/hardware_flash/flash.c.obj
                0x10003a84                flash_get_unique_id
 .text.dcd_int_enable
                0x10003ac0        0xc CMakeFiles/hw4.dir/home/milan/.pico-sdk/sdk/1.5.1/lib/tinyusb/src/portable/raspberrypi/rp2040/dcd_rp2040.c.obj
                0x10003ac0                dcd_int_enable
 .text.dcd_set_address
                0x10003acc       0x14 CMakeFiles/hw4.dir/home/milan/.pico-sdk/sdk/1.5.1/lib/tinyusb/src/portable/raspberrypi/rp2040/dcd_rp2040.c.obj
                0x10003acc                dcd_set_address
 .text.dcd_connect
                0x10003ae0       0x10 CMakeFiles/hw4.dir/home/milan/.pico-sdk/sdk/1.5.1/lib/tinyusb/src/portable/raspberrypi/rp2040/dcd_rp2040.c.obj
                0x10003ae0                dcd_connect
 .text.dcd_init
                0x10003af0       0x98 CMakeFiles/hw4.dir/home/milan/.pico-sdk/sdk/1.5.1/lib/tinyusb/src/portable/raspberrypi/rp2040/dcd_rp2040.c.obj
                0x10003af0                dcd_init
 .text.dcd_edpt0_status_complete
                0x10003b88       0x1c CMakeFiles/hw4.dir/home/milan/.pico-sdk/sdk/1.5.1/lib/tinyusb/src/portable/raspberrypi/rp2040/dcd_rp2040.c.obj
                0x10003b88                dcd_edpt0_status_complete
 .text.dcd_edpt_open
                0x10003ba4      0x108 CMakeFiles/hw4.dir/home/milan/.pico-sdk/sdk/1.5.1/lib/tinyusb/src/portable/raspberrypi/rp2040/dcd_rp2040.c.obj
                0x10003ba4                dcd_edpt_open
 .text.dcd_edpt_close_all
                0x10003cac        0x8 CMakeFiles/hw4.dir/home/milan/.pico-sdk/sdk/1.5.1/lib/tinyusb/src/portable/raspberrypi/rp2040/dcd_rp2040.c.obj
                0x10003cac                dcd_edpt_close_all
 .text.dcd_edpt_xfer
                0x10003cb4       0x24 CMakeFiles/hw4.dir/home/milan/.pico-sdk/sdk/1.5.1/lib/tinyusb/src/portable/raspberrypi/rp2040/dcd_rp2040.c.obj
                0x10003cb4                dcd_edpt_xfer
 .text.dcd_edpt_stall
                0x10003cd8       0x34 CMakeFiles/hw4.dir/home/milan/.pico-sdk/sdk/1.5.1/lib/tinyusb/src/portable/raspberrypi/rp2040/dcd_rp2040.c.obj
                0x10003cd8                dcd_edpt_stall
 .text.dcd_edpt_clear_stall
                0x10003d0c       0x30 CMakeFiles/hw4.dir/home/milan/.pico-sdk/sdk/1.5.1/lib/tinyusb/src/portable/raspberrypi/rp2040/dcd_rp2040.c.obj
                0x10003d0c                dcd_edpt_clear_stall
 .text.rp2040_usb_init
                0x10003d3c       0x4c CMakeFiles/hw4.dir/home/milan/.pico-sdk/sdk/1.5.1/lib/tinyusb/src/portable/raspberrypi/rp2040/rp2040_usb.c.obj
                0x10003d3c                rp2040_usb_init
 .text.hw_endpoint_xfer_start
                0x10003d88       0x40 CMakeFiles/hw4.dir/home/milan/.pico-sdk/sdk/1.5.1/lib/tinyusb/src/portable/raspberrypi/rp2040/rp2040_usb.c.obj
                0x10003d88                hw_endpoint_xfer_start
 .text.tud_mounted
                0x10003dc8       0x10 CMakeFiles/hw4.dir/home/milan/.pico-sdk/sdk/1.5.1/lib/tinyusb/src/device/usbd.c.obj
                0x10003dc8                tud_mounted
 .text.tud_suspended
                0x10003dd8       0x10 CMakeFiles/hw4.dir/home/milan/.pico-sdk/sdk/1.5.1/lib/tinyusb/src/device/usbd.c.obj
                0x10003dd8                tud_suspended
 .text.tud_inited
                0x10003de8       0x14 CMakeFiles/hw4.dir/home/milan/.pico-sdk/sdk/1.5.1/lib/tinyusb/src/device/usbd.c.obj
                0x10003de8                tud_inited
 .text.tud_init
                0x10003dfc       0xdc CMakeFiles/hw4.dir/home/milan/.pico-sdk/sdk/1.5.1/lib/tinyusb/src/device/usbd.c.obj
                0x10003dfc                tud_init
 .text.tud_task_ext
                0x10003ed8      0x850 CMakeFiles/hw4.dir/home/milan/.pico-sdk/sdk/1.5.1/lib/tinyusb/src/device/usbd.c.obj
                0x10003ed8                tud_task_ext
 .text.usbd_open_edpt_pair
                0x10004728       0x9c CMakeFiles/hw4.dir/home/milan/.pico-sdk/sdk/1.5.1/lib/tinyusb/src/device/usbd.c.obj
                0x10004728                usbd_open_edpt_pair
 .text.usbd_defer_func
                0x100047c4       0x48 CMakeFiles/hw4.dir/home/milan/.pico-sdk/sdk/1.5.1/lib/tinyusb/src/device/usbd.c.obj
                0x100047c4                usbd_defer_func
 .text.usbd_edpt_open
                0x1000480c       0x34 CMakeFiles/hw4.dir/home/milan/.pico-sdk/sdk/1.5.1/lib/tinyusb/src/device/usbd.c.obj
                0x1000480c                usbd_edpt_open
 .text.usbd_edpt_claim
                0x10004840       0x28 CMakeFiles/hw4.dir/home/milan/.pico-sdk/sdk/1.5.1/lib/tinyusb/src/device/usbd.c.obj
                0x10004840                usbd_edpt_claim
 .text.usbd_edpt_release
                0x10004868       0x28 CMakeFiles/hw4.dir/home/milan/.pico-sdk/sdk/1.5.1/lib/tinyusb/src/device/usbd.c.obj
                0x10004868                usbd_edpt_release
 .text.usbd_edpt_xfer
                0x10004890       0x4c CMakeFiles/hw4.dir/home/milan/.pico-sdk/sdk/1.5.1/lib/tinyusb/src/device/usbd.c.obj
                0x10004890                usbd_edpt_xfer
 .text.tud_control_status
                0x100048dc       0x2c CMakeFiles/hw4.dir/home/milan/.pico-sdk/sdk/1.5.1/lib/tinyusb/src/device/usbd_control.c.obj
                0x100048dc                tud_control_status
 .text.tud_control_xfer
                0x10004908       0xac CMakeFiles/hw4.dir/home/milan/.pico-sdk/sdk/1.5.1/lib/tinyusb/src/device/usbd_control.c.obj
                0x10004908                tud_control_xfer
 .text.usbd_control_reset
                0x100049b4       0x14 CMakeFiles/hw4.dir/home/milan/.pico-sdk/sdk/1.5.1/lib/tinyusb/src/device/usbd_control.c.obj
                0x100049b4                usbd_control_reset
 .text.usbd_control_set_complete_callback
                0x100049c8        0xc CMakeFiles/hw4.dir/home/milan/.pico-sdk/sdk/1.5.1/lib/tinyusb/src/device/usbd_control.c.obj
                0x100049c8                usbd_control_set_complete_callback
 .text.usbd_control_set_request
                0x100049d4       0x1c CMakeFiles/hw4.dir/home/milan/.pico-sdk/sdk/1.5.1/lib/tinyusb/src/device/usbd_control.c.obj
                0x100049d4                usbd_control_set_request
 .text.usbd_control_xfer_cb
                0x100049f0       0xf4 CMakeFiles/hw4.dir/home/milan/.pico-sdk/sdk/1.5.1/lib/tinyusb/src/device/usbd_control.c.obj
                0x100049f0                usbd_control_xfer_cb
 .text.tud_cdc_n_connected
                0x10004ae4       0x30 CMakeFiles/hw4.dir/home/milan/.pico-sdk/sdk/1.5.1/lib/tinyusb/src/class/cdc/cdc_device.c.obj
                0x10004ae4                tud_cdc_n_connected
 .text.tud_cdc_n_available
                0x10004b14       0x18 CMakeFiles/hw4.dir/home/milan/.pico-sdk/sdk/1.5.1/lib/tinyusb/src/class/cdc/cdc_device.c.obj
                0x10004b14                tud_cdc_n_available
 .text.tud_cdc_n_read
                0x10004b2c       0x70 CMakeFiles/hw4.dir/home/milan/.pico-sdk/sdk/1.5.1/lib/tinyusb/src/class/cdc/cdc_device.c.obj
                0x10004b2c                tud_cdc_n_read
 .text.tud_cdc_n_write_flush
                0x10004b9c       0x78 CMakeFiles/hw4.dir/home/milan/.pico-sdk/sdk/1.5.1/lib/tinyusb/src/class/cdc/cdc_device.c.obj
                0x10004b9c                tud_cdc_n_write_flush
 .text.tud_cdc_n_write
                0x10004c14       0x34 CMakeFiles/hw4.dir/home/milan/.pico-sdk/sdk/1.5.1/lib/tinyusb/src/class/cdc/cdc_device.c.obj
                0x10004c14                tud_cdc_n_write
 .text.tud_cdc_n_write_available
                0x10004c48       0x18 CMakeFiles/hw4.dir/home/milan/.pico-sdk/sdk/1.5.1/lib/tinyusb/src/class/cdc/cdc_device.c.obj
                0x10004c48                tud_cdc_n_write_available
 .text.cdcd_init
                0x10004c60       0x7c CMakeFiles/hw4.dir/home/milan/.pico-sdk/sdk/1.5.1/lib/tinyusb/src/class/cdc/cdc_device.c.obj
                0x10004c60                cdcd_init
 .text.cdcd_reset
                0x10004cdc       0x2c CMakeFiles/hw4.dir/home/milan/.pico-sdk/sdk/1.5.1/lib/tinyusb/src/class/cdc/cdc_device.c.obj
                0x10004cdc                cdcd_reset
 .text.cdcd_open
                0x10004d08       0xe4 CMakeFiles/hw4.dir/home/milan/.pico-sdk/sdk/1.5.1/lib/tinyusb/src/class/cdc/cdc_device.c.obj
                0x10004d08                cdcd_open
 .text.cdcd_control_xfer_cb
                0x10004dec       0xe4 CMakeFiles/hw4.dir/home/milan/.pico-sdk/sdk/1.5.1/lib/tinyusb/src/class/cdc/cdc_device.c.obj
                0x10004dec                cdcd_control_xfer_cb
 .text.cdcd_xfer_cb
                0x10004ed0      0x13c CMakeFiles/hw4.dir/home/milan/.pico-sdk/sdk/1.5.1/lib/tinyusb/src/class/cdc/cdc_device.c.obj
                0x10004ed0                cdcd_xfer_cb
 .text.tusb_init
                0x1000500c        0xc CMakeFiles/hw4.dir/home/milan/.pico-sdk/sdk/1.5.1/lib/tinyusb/src/tusb.c.obj
                0x1000500c                tusb_init
 .text.tusb_inited
                0x10005018        0x8 CMakeFiles/hw4.dir/home/milan/.pico-sdk/sdk/1.5.1/lib/tinyusb/src/tusb.c.obj
                0x10005018                tusb_inited
 .text.tu_edpt_claim
                0x10005020       0x50 CMakeFiles/hw4.dir/home/milan/.pico-sdk/sdk/1.5.1/lib/tinyusb/src/tusb.c.obj
                0x10005020                tu_edpt_claim
 .text.tu_edpt_release
                0x10005070       0x38 CMakeFiles/hw4.dir/home/milan/.pico-sdk/sdk/1.5.1/lib/tinyusb/src/tusb.c.obj
                0x10005070                tu_edpt_release
 .text.tu_edpt_validate
                0x100050a8       0x7c CMakeFiles/hw4.dir/home/milan/.pico-sdk/sdk/1.5.1/lib/tinyusb/src/tusb.c.obj
                0x100050a8                tu_edpt_validate
 .text.tu_edpt_bind_driver
                0x10005124       0x34 CMakeFiles/hw4.dir/home/milan/.pico-sdk/sdk/1.5.1/lib/tinyusb/src/tusb.c.obj
                0x10005124                tu_edpt_bind_driver
 .text.tu_fifo_config
                0x10005158       0x6c CMakeFiles/hw4.dir/home/milan/.pico-sdk/sdk/1.5.1/lib/tinyusb/src/common/tusb_fifo.c.obj
                0x10005158                tu_fifo_config
 .text.tu_fifo_count
                0x100051c4       0x2c CMakeFiles/hw4.dir/home/milan/.pico-sdk/sdk/1.5.1/lib/tinyusb/src/common/tusb_fifo.c.obj
                0x100051c4                tu_fifo_count
 .text.tu_fifo_empty
                0x100051f0       0x10 CMakeFiles/hw4.dir/home/milan/.pico-sdk/sdk/1.5.1/lib/tinyusb/src/common/tusb_fifo.c.obj
                0x100051f0                tu_fifo_empty
 .text.tu_fifo_remaining
                0x10005200       0x2c CMakeFiles/hw4.dir/home/milan/.pico-sdk/sdk/1.5.1/lib/tinyusb/src/common/tusb_fifo.c.obj
                0x10005200                tu_fifo_remaining
 .text.tu_fifo_read
                0x1000522c       0x9c CMakeFiles/hw4.dir/home/milan/.pico-sdk/sdk/1.5.1/lib/tinyusb/src/common/tusb_fifo.c.obj
                0x1000522c                tu_fifo_read
 .text.tu_fifo_read_n
                0x100052c8       0xe8 CMakeFiles/hw4.dir/home/milan/.pico-sdk/sdk/1.5.1/lib/tinyusb/src/common/tusb_fifo.c.obj
                0x100052c8                tu_fifo_read_n
 .text.tu_fifo_write
                0x100053b0       0xa8 CMakeFiles/hw4.dir/home/milan/.pico-sdk/sdk/1.5.1/lib/tinyusb/src/common/tusb_fifo.c.obj
                0x100053b0                tu_fifo_write
 .text.tu_fifo_write_n
                0x10005458      0x178 CMakeFiles/hw4.dir/home/milan/.pico-sdk/sdk/1.5.1/lib/tinyusb/src/common/tusb_fifo.c.obj
                0x10005458                tu_fifo_write_n
 .text.tu_fifo_clear
                0x100055d0       0x40 CMakeFiles/hw4.dir/home/milan/.pico-sdk/sdk/1.5.1/lib/tinyusb/src/common/tusb_fifo.c.obj
                0x100055d0                tu_fifo_clear
 .text.tu_fifo_set_overwritable
                0x10005610       0x48 CMakeFiles/hw4.dir/home/milan/.pico-sdk/sdk/1.5.1/lib/tinyusb/src/common/tusb_fifo.c.obj
                0x10005610                tu_fifo_set_overwritable
 .text.spi_init
                0x10005658      0x14c CMakeFiles/hw4.dir/home/milan/.pico-sdk/sdk/1.5.1/src/rp2_common/hardware_spi/spi.c.obj
                0x10005658                spi_init
 .text.strlen   0x100057a4       0x5c /home/milan/.pico-sdk/toolchain/13_2_Rel1/bin/../lib/gcc/arm-none-eabi/13.2.1/../../../../arm-none-eabi/lib/thumb/v6-m/nofp/libc.a(libc_a-strlen-stub.o)
                0x100057a4                strlen
 *(.fini)
 .fini          0x10005800        0x4 /home/milan/.pico-sdk/toolchain/13_2_Rel1/bin/../lib/gcc/arm-none-eabi/13.2.1/thumb/v6-m/nofp/crti.o
                0x10005800                _fini
 *fill*         0x10005804        0x4 
 .fini.__stub   0x10005808       0xc0 linker stubs
 *crtbegin.o(.ctors)
 *crtbegin?.o(.ctors)
 *(EXCLUDE_FILE(*crtend.o *crtend?.o) .ctors)
 *(SORT_BY_NAME(.ctors.*))
 *(.ctors)
 *crtbegin.o(.dtors)
 *crtbegin?.o(.dtors)
 *(EXCLUDE_FILE(*crtend.o *crtend?.o) .dtors)
 *(SORT_BY_NAME(.dtors.*))
 *(.dtors)
 *(.eh_frame*)
 .eh_frame      0x100058c8        0x0 /home/milan/.pico-sdk/toolchain/13_2_Rel1/bin/../lib/gcc/arm-none-eabi/13.2.1/thumb/v6-m/nofp/crtbegin.o
                0x100058c8                        . = ALIGN (0x4)

.glue_7         0x100058c8        0x0
 .glue_7        0x100058c8        0x0 linker stubs

.glue_7t        0x100058c8        0x0
 .glue_7t       0x100058c8        0x0 linker stubs

.vfp11_veneer   0x100058c8        0x0
 .vfp11_veneer  0x100058c8        0x0 linker stubs

.v4_bx          0x100058c8        0x0
 .v4_bx         0x100058c8        0x0 linker stubs

.iplt           0x100058c8        0x0
 .iplt          0x100058c8        0x0 /home/milan/.pico-sdk/toolchain/13_2_Rel1/bin/../lib/gcc/arm-none-eabi/13.2.1/thumb/v6-m/nofp/crtbegin.o

.rodata         0x100058c8      0x2dc
 *(EXCLUDE_FILE(*libm.a: *libc.a:*lib_a-mem*.o *libgcc.a:) .rodata*)
 .rodata.spin_lock_claim_unused.str1.4
                0x100058c8      0x15f CMakeFiles/hw4.dir/home/milan/.pico-sdk/sdk/1.5.1/src/rp2_common/hardware_sync/sync.c.obj
                                 0x1b (size before relaxing)
 .rodata.user_irq_claim_unused.str1.4
                0x10005a27       0x1b CMakeFiles/hw4.dir/home/milan/.pico-sdk/sdk/1.5.1/src/rp2_common/hardware_irq/irq.c.obj
 .rodata.hardware_alarm_claim.str1.4
                0x10005a27       0x22 CMakeFiles/hw4.dir/home/milan/.pico-sdk/sdk/1.5.1/src/rp2_common/hardware_timer/timer.c.obj
 .rodata.panic.str1.4
                0x10005a27       0x12 CMakeFiles/hw4.dir/home/milan/.pico-sdk/sdk/1.5.1/src/rp2_common/pico_runtime/runtime.c.obj
 .rodata.hard_assertion_failure.str1.4
                0x10005a27        0xc CMakeFiles/hw4.dir/home/milan/.pico-sdk/sdk/1.5.1/src/rp2_common/pico_runtime/runtime.c.obj
 .rodata.str1.4
                0x10005a27       0x3c CMakeFiles/hw4.dir/home/milan/.pico-sdk/sdk/1.5.1/src/rp2_common/pico_standard_link/binary_info.c.obj
 *fill*         0x10005a27        0x1 
 .rodata.__bi_81
                0x10005a28        0xc CMakeFiles/hw4.dir/home/milan/.pico-sdk/sdk/1.5.1/src/rp2_common/pico_standard_link/binary_info.c.obj
 .rodata.__bi_75
                0x10005a34        0xc CMakeFiles/hw4.dir/home/milan/.pico-sdk/sdk/1.5.1/src/rp2_common/pico_standard_link/binary_info.c.obj
 .rodata.__bi_56
                0x10005a40        0xc CMakeFiles/hw4.dir/home/milan/.pico-sdk/sdk/1.5.1/src/rp2_common/pico_standard_link/binary_info.c.obj
 .rodata.__bi_44
                0x10005a4c        0xc CMakeFiles/hw4.dir/home/milan/.pico-sdk/sdk/1.5.1/src/rp2_common/pico_standard_link/binary_info.c.obj
 .rodata.crlf_str.0
                0x10005a58        0x2 CMakeFiles/hw4.dir/home/milan/.pico-sdk/sdk/1.5.1/src/rp2_common/pico_stdio/stdio.c.obj
 *fill*         0x10005a5a        0x2 
 .rodata._resetd_driver
                0x10005a5c       0x18 CMakeFiles/hw4.dir/home/milan/.pico-sdk/sdk/1.5.1/src/rp2_common/pico_stdio_usb/reset_interface.c.obj
 .rodata.str1.4
                0x10005a74       0x13 CMakeFiles/hw4.dir/home/milan/.pico-sdk/sdk/1.5.1/src/rp2_common/pico_stdio_usb/stdio_usb.c.obj
 .rodata.__bi_182.0
                0x10005a74        0xc CMakeFiles/hw4.dir/home/milan/.pico-sdk/sdk/1.5.1/src/rp2_common/pico_stdio_usb/stdio_usb.c.obj
 .rodata.str1.4
                0x10005a80       0x2a CMakeFiles/hw4.dir/home/milan/.pico-sdk/sdk/1.5.1/src/rp2_common/pico_stdio_usb/stdio_usb_descriptors.c.obj
 .rodata.usbd_desc_str
                0x10005a80       0x18 CMakeFiles/hw4.dir/home/milan/.pico-sdk/sdk/1.5.1/src/rp2_common/pico_stdio_usb/stdio_usb_descriptors.c.obj
 .rodata.usbd_desc_cfg
                0x10005a98       0x54 CMakeFiles/hw4.dir/home/milan/.pico-sdk/sdk/1.5.1/src/rp2_common/pico_stdio_usb/stdio_usb_descriptors.c.obj
 .rodata.usbd_desc_device
                0x10005aec       0x12 CMakeFiles/hw4.dir/home/milan/.pico-sdk/sdk/1.5.1/src/rp2_common/pico_stdio_usb/stdio_usb_descriptors.c.obj
 .rodata.str1.4
                0x10005afe       0x14 CMakeFiles/hw4.dir/home/milan/.pico-sdk/sdk/1.5.1/lib/tinyusb/src/portable/raspberrypi/rp2040/dcd_rp2040.c.obj
 .rodata.str1.4
                0x10005afe       0x53 CMakeFiles/hw4.dir/home/milan/.pico-sdk/sdk/1.5.1/lib/tinyusb/src/portable/raspberrypi/rp2040/rp2040_usb.c.obj
 *fill*         0x10005afe        0x2 
 .rodata.tud_task_ext
                0x10005b00       0x8c CMakeFiles/hw4.dir/home/milan/.pico-sdk/sdk/1.5.1/lib/tinyusb/src/device/usbd.c.obj
 .rodata._usbd_driver
                0x10005b8c       0x18 CMakeFiles/hw4.dir/home/milan/.pico-sdk/sdk/1.5.1/lib/tinyusb/src/device/usbd.c.obj
                0x10005ba4                        . = ALIGN (0x4)
 *(SORT_BY_ALIGNMENT(SORT_BY_NAME(.flashdata*)))
                0x10005ba4                        . = ALIGN (0x4)

.ARM.extab
 *(.ARM.extab* .gnu.linkonce.armextab.*)
                0x10005ba4                        __exidx_start = .

.ARM.exidx
 *(.ARM.exidx* .gnu.linkonce.armexidx.*)
                0x10005ba4                        __exidx_end = .
                0x10005ba4                        . = ALIGN (0x4)
                0x10005ba4                        __binary_info_start = .

.binary_info    0x10005ba4       0x24
 *(.binary_info.keep.*)
 .binary_info.keep.__bi_ptr81
                0x10005ba4        0x4 CMakeFiles/hw4.dir/home/milan/.pico-sdk/sdk/1.5.1/src/rp2_common/pico_standard_link/binary_info.c.obj
 .binary_info.keep.__bi_ptr75
                0x10005ba8        0x4 CMakeFiles/hw4.dir/home/milan/.pico-sdk/sdk/1.5.1/src/rp2_common/pico_standard_link/binary_info.c.obj
 .binary_info.keep.__bi_ptr56
                0x10005bac        0x4 CMakeFiles/hw4.dir/home/milan/.pico-sdk/sdk/1.5.1/src/rp2_common/pico_standard_link/binary_info.c.obj
 .binary_info.keep.__bi_ptr50
                0x10005bb0        0x4 CMakeFiles/hw4.dir/home/milan/.pico-sdk/sdk/1.5.1/src/rp2_common/pico_standard_link/binary_info.c.obj
 .binary_info.keep.__bi_ptr44
                0x10005bb4        0x4 CMakeFiles/hw4.dir/home/milan/.pico-sdk/sdk/1.5.1/src/rp2_common/pico_standard_link/binary_info.c.obj
 .binary_info.keep.__bi_ptr38
                0x10005bb8        0x4 CMakeFiles/hw4.dir/home/milan/.pico-sdk/sdk/1.5.1/src/rp2_common/pico_standard_link/binary_info.c.obj
 .binary_info.keep.__bi_ptr30
                0x10005bbc        0x4 CMakeFiles/hw4.dir/home/milan/.pico-sdk/sdk/1.5.1/src/rp2_common/pico_standard_link/binary_info.c.obj
 .binary_info.keep.__bi_ptr22
                0x10005bc0        0x4 CMakeFiles/hw4.dir/home/milan/.pico-sdk/sdk/1.5.1/src/rp2_common/pico_standard_link/binary_info.c.obj
 *(.binary_info.*)
 .binary_info.__bi_ptr182
                0x10005bc4        0x4 CMakeFiles/hw4.dir/home/milan/.pico-sdk/sdk/1.5.1/src/rp2_common/pico_stdio_usb/stdio_usb.c.obj
                0x10005bc8                        __binary_info_end = .

.rel.dyn        0x10005bc8        0x0
 .rel.iplt      0x10005bc8        0x0 /home/milan/.pico-sdk/toolchain/13_2_Rel1/bin/../lib/gcc/arm-none-eabi/13.2.1/thumb/v6-m/nofp/crtbegin.o
                0x10005bc8                        . = ALIGN (0x4)

.ram_vector_table
                0x20000000       0xc0
 *(.ram_vector_table)
 .ram_vector_table
                0x20000000       0xc0 CMakeFiles/hw4.dir/home/milan/.pico-sdk/sdk/1.5.1/src/rp2_common/pico_runtime/runtime.c.obj
                0x20000000                ram_vector_table

.data           0x200000c0      0xe70 load address 0x10005bc8
                0x200000c0                        __data_start__ = .
 *(vtable)
 *(.time_critical*)
 .time_critical.mutex_try_enter
                0x200000c0       0x40 CMakeFiles/hw4.dir/home/milan/.pico-sdk/sdk/1.5.1/src/common/pico_sync/mutex.c.obj
                0x200000c0                mutex_try_enter
 .time_critical.mutex_try_enter_block_until
                0x20000100       0x9c CMakeFiles/hw4.dir/home/milan/.pico-sdk/sdk/1.5.1/src/common/pico_sync/mutex.c.obj
                0x20000100                mutex_try_enter_block_until
 .time_critical.mutex_enter_timeout_ms
                0x2000019c       0x90 CMakeFiles/hw4.dir/home/milan/.pico-sdk/sdk/1.5.1/src/common/pico_sync/mutex.c.obj
                0x2000019c                mutex_enter_timeout_ms
 .time_critical.mutex_exit
                0x2000022c       0x28 CMakeFiles/hw4.dir/home/milan/.pico-sdk/sdk/1.5.1/src/common/pico_sync/mutex.c.obj
                0x2000022c                mutex_exit
 .time_critical.flash_init_boot2_copyout
                0x20000254       0x30 CMakeFiles/hw4.dir/home/milan/.pico-sdk/sdk/1.5.1/src/rp2_common/hardware_flash/flash.c.obj
 .time_critical.flash_enable_xip_via_boot2
                0x20000284        0xc CMakeFiles/hw4.dir/home/milan/.pico-sdk/sdk/1.5.1/src/rp2_common/hardware_flash/flash.c.obj
 .time_critical.flash_cs_force
                0x20000290       0x38 CMakeFiles/hw4.dir/home/milan/.pico-sdk/sdk/1.5.1/src/rp2_common/hardware_flash/flash.c.obj
 .time_critical.flash_do_cmd
                0x200002c8       0xc0 CMakeFiles/hw4.dir/home/milan/.pico-sdk/sdk/1.5.1/src/rp2_common/hardware_flash/flash.c.obj
                0x200002c8                flash_do_cmd
 .time_critical.reset_non_control_endpoints
                0x20000388       0x68 CMakeFiles/hw4.dir/home/milan/.pico-sdk/sdk/1.5.1/lib/tinyusb/src/portable/raspberrypi/rp2040/dcd_rp2040.c.obj
 .time_critical.hw_handle_buff_status
                0x200003f0       0xb0 CMakeFiles/hw4.dir/home/milan/.pico-sdk/sdk/1.5.1/lib/tinyusb/src/portable/raspberrypi/rp2040/dcd_rp2040.c.obj
 .time_critical.dcd_rp2040_irq
                0x200004a0      0x510 CMakeFiles/hw4.dir/home/milan/.pico-sdk/sdk/1.5.1/lib/tinyusb/src/portable/raspberrypi/rp2040/dcd_rp2040.c.obj
 .time_critical.e15_is_bulkin_ep
                0x200009b0       0x28 CMakeFiles/hw4.dir/home/milan/.pico-sdk/sdk/1.5.1/lib/tinyusb/src/portable/raspberrypi/rp2040/rp2040_usb.c.obj
 .time_critical.e15_is_critical_frame_period
                0x200009d8       0x34 CMakeFiles/hw4.dir/home/milan/.pico-sdk/sdk/1.5.1/lib/tinyusb/src/portable/raspberrypi/rp2040/rp2040_usb.c.obj
 .time_critical.prepare_ep_buffer
                0x20000a0c       0x6c CMakeFiles/hw4.dir/home/milan/.pico-sdk/sdk/1.5.1/lib/tinyusb/src/portable/raspberrypi/rp2040/rp2040_usb.c.obj
 .time_critical.sync_ep_buffer
                0x20000a78       0x48 CMakeFiles/hw4.dir/home/milan/.pico-sdk/sdk/1.5.1/lib/tinyusb/src/portable/raspberrypi/rp2040/rp2040_usb.c.obj
 .time_critical._hw_endpoint_xfer_sync
                0x20000ac0       0x28 CMakeFiles/hw4.dir/home/milan/.pico-sdk/sdk/1.5.1/lib/tinyusb/src/portable/raspberrypi/rp2040/rp2040_usb.c.obj
 .time_critical.hw_endpoint_reset_transfer
                0x20000ae8        0xc CMakeFiles/hw4.dir/home/milan/.pico-sdk/sdk/1.5.1/lib/tinyusb/src/portable/raspberrypi/rp2040/rp2040_usb.c.obj
                0x20000ae8                hw_endpoint_reset_transfer
 .time_critical._hw_endpoint_buffer_control_update32
                0x20000af4       0x58 CMakeFiles/hw4.dir/home/milan/.pico-sdk/sdk/1.5.1/lib/tinyusb/src/portable/raspberrypi/rp2040/rp2040_usb.c.obj
                0x20000af4                _hw_endpoint_buffer_control_update32
 .time_critical.hw_endpoint_start_next_buffer
                0x20000b4c       0x6c CMakeFiles/hw4.dir/home/milan/.pico-sdk/sdk/1.5.1/lib/tinyusb/src/portable/raspberrypi/rp2040/rp2040_usb.c.obj
                0x20000b4c                hw_endpoint_start_next_buffer
 .time_critical.hw_endpoint_xfer_continue
                0x20000bb8       0x50 CMakeFiles/hw4.dir/home/milan/.pico-sdk/sdk/1.5.1/lib/tinyusb/src/portable/raspberrypi/rp2040/rp2040_usb.c.obj
                0x20000bb8                hw_endpoint_xfer_continue
 .time_critical.tinyusb
                0x20000c08      0x16c CMakeFiles/hw4.dir/home/milan/.pico-sdk/sdk/1.5.1/lib/tinyusb/src/device/usbd.c.obj
                0x20000c08                dcd_event_handler
 .time_critical.spi_write_blocking
                0x20000d74       0x4c CMakeFiles/hw4.dir/home/milan/.pico-sdk/sdk/1.5.1/src/rp2_common/hardware_spi/spi.c.obj
                0x20000d74                spi_write_blocking
 *(.text*)
 .text          0x20000dc0        0x4 /home/milan/.pico-sdk/toolchain/13_2_Rel1/bin/../lib/gcc/arm-none-eabi/13.2.1/thumb/v6-m/nofp/libgcc.a(_dvmd_tls.o)
                0x20000dc0                __aeabi_ldiv0
                0x20000dc0                __aeabi_idiv0
 *fill*         0x20000dc4        0x4 
 .text.__stub   0x20000dc8       0x70 linker stubs
                0x20000e38                        . = ALIGN (0x4)
 *(.rodata*)
                0x20000e38                        . = ALIGN (0x4)
 *(.data*)
 .data.striped_spin_lock_num
                0x20000e38        0x1 CMakeFiles/hw4.dir/home/milan/.pico-sdk/sdk/1.5.1/src/rp2_common/hardware_sync/sync.c.obj
 *fill*         0x20000e39        0x3 
 .data          0x20000e3c       0x48 CMakeFiles/hw4.dir/home/milan/.pico-sdk/sdk/1.5.1/src/rp2_common/hardware_irq/irq_handler_chain.S.obj
                0x20000e3c                irq_handler_chain_slots
                0x20000e6c                irq_handler_chain_first_slot
                0x20000e76                irq_handler_chain_remove_tail
 .data.default_alarm_pool
                0x20000e84       0x18 CMakeFiles/hw4.dir/home/milan/.pico-sdk/sdk/1.5.1/src/common/pico_time/time.c.obj
 .data.default_alarm_pool_heap
                0x20000e9c       0x10 CMakeFiles/hw4.dir/home/milan/.pico-sdk/sdk/1.5.1/src/common/pico_time/time.c.obj
 *fill*         0x20000eac        0x4 
 .data.aeabi_bits_funcs
                0x20000eb0       0x10 CMakeFiles/hw4.dir/home/milan/.pico-sdk/sdk/1.5.1/src/rp2_common/pico_bit_ops/bit_ops_aeabi.S.obj
                0x20000eb0                aeabi_bits_funcs
                0x20000ec0                aeabi_bits_funcs_end
 .data.aeabi_mem_funcs
                0x20000ec0       0x10 CMakeFiles/hw4.dir/home/milan/.pico-sdk/sdk/1.5.1/src/rp2_common/pico_mem_ops/mem_ops_aeabi.S.obj
                0x20000ec0                aeabi_mem_funcs
                0x20000ed0                aeabi_mem_funcs_end
 .data.stdio_usb
                0x20000ed0       0x18 CMakeFiles/hw4.dir/home/milan/.pico-sdk/sdk/1.5.1/src/rp2_common/pico_stdio_usb/stdio_usb.c.obj
                0x20000ed0                stdio_usb
 .data.ep_dir_string
                0x20000ee8        0x8 CMakeFiles/hw4.dir/home/milan/.pico-sdk/sdk/1.5.1/lib/tinyusb/src/portable/raspberrypi/rp2040/rp2040_usb.c.obj
                0x20000ee8                ep_dir_string
 .data._usbd_qdef
                0x20000ef0       0x1c CMakeFiles/hw4.dir/home/milan/.pico-sdk/sdk/1.5.1/lib/tinyusb/src/device/usbd.c.obj
                0x20000ef0                _usbd_qdef
 .data._usbd_rhport
                0x20000f0c        0x1 CMakeFiles/hw4.dir/home/milan/.pico-sdk/sdk/1.5.1/lib/tinyusb/src/device/usbd.c.obj
                0x20000f10                        . = ALIGN (0x4)
 *fill*         0x20000f0d        0x3 
 *(.after_data.*)
                0x20000f10                        . = ALIGN (0x4)
                0x20000f10                        PROVIDE (__mutex_array_start = .)
 *(SORT_BY_NAME(.mutex_array.*))
 *(.mutex_array)
 .mutex_array   0x20000f10        0x8 CMakeFiles/hw4.dir/home/milan/.pico-sdk/sdk/1.5.1/src/rp2_common/pico_stdio/stdio.c.obj
                0x20000f18                        PROVIDE (__mutex_array_end = .)
                0x20000f18                        . = ALIGN (0x4)
                0x20000f18                        PROVIDE (__preinit_array_start = .)
 *(SORT_BY_NAME(.preinit_array.*))
 .preinit_array.00001
                0x20000f18        0x4 CMakeFiles/hw4.dir/home/milan/.pico-sdk/sdk/1.5.1/src/rp2_common/pico_mem_ops/mem_ops_aeabi.S.obj
 .preinit_array.00010
                0x20000f1c        0x4 CMakeFiles/hw4.dir/home/milan/.pico-sdk/sdk/1.5.1/src/rp2_common/pico_bit_ops/bit_ops_aeabi.S.obj
 .preinit_array.00020
                0x20000f20        0x4 CMakeFiles/hw4.dir/home/milan/.pico-sdk/sdk/1.5.1/src/rp2_common/pico_double/double_aeabi.S.obj
 .preinit_array.00020
                0x20000f24        0x4 CMakeFiles/hw4.dir/home/milan/.pico-sdk/sdk/1.5.1/src/rp2_common/pico_float/float_aeabi.S.obj
 *(.preinit_array)
                0x20000f28                        PROVIDE (__preinit_array_end = .)
                0x20000f28                        . = ALIGN (0x4)
                0x20000f28                        PROVIDE (__init_array_start = .)
 *(SORT_BY_NAME(.init_array.*))
 *(.init_array)
 .init_array    0x20000f28        0x4 /home/milan/.pico-sdk/toolchain/13_2_Rel1/bin/../lib/gcc/arm-none-eabi/13.2.1/thumb/v6-m/nofp/crtbegin.o
 .init_array    0x20000f2c        0x4 CMakeFiles/hw4.dir/home/milan/.pico-sdk/sdk/1.5.1/src/rp2_common/pico_unique_id/unique_id.c.obj
                0x20000f30                        PROVIDE (__init_array_end = .)
                0x20000f30                        . = ALIGN (0x4)
                [!provide]                        PROVIDE (__fini_array_start = .)
 *(SORT_BY_NAME(.fini_array.*))
 *(.fini_array)
                [!provide]                        PROVIDE (__fini_array_end = .)
 *(.jcr)
                0x20000f30                        . = ALIGN (0x4)
                0x20000f30                        __data_end__ = .
                0x10005bc8                        __etext = LOADADDR (.data)

.tm_clone_table
                0x20000f30        0x0 load address 0x10006a38
 .tm_clone_table
                0x20000f30        0x0 /home/milan/.pico-sdk/toolchain/13_2_Rel1/bin/../lib/gcc/arm-none-eabi/13.2.1/thumb/v6-m/nofp/crtbegin.o
 .tm_clone_table
                0x20000f30        0x0 /home/milan/.pico-sdk/toolchain/13_2_Rel1/bin/../lib/gcc/arm-none-eabi/13.2.1/thumb/v6-m/nofp/crtend.o

.igot.plt       0x20000f30        0x0 load address 0x10006a38
 .igot.plt      0x20000f30        0x0 /home/milan/.pico-sdk/toolchain/13_2_Rel1/bin/../lib/gcc/arm-none-eabi/13.2.1/thumb/v6-m/nofp/crtbegin.o

.uninitialized_data
                0x20000f30        0x0 load address 0x10006a38
                0x20000f30                        . = ALIGN (0x4)
 *(.uninitialized_data*)

.scratch_x      0x20040000        0x0 load address 0x10006a38
                0x20040000                        __scratch_x_start__ = .
 *(.scratch_x.*)
                0x20040000                        . = ALIGN (0x4)
                0x20040000                        __scratch_x_end__ = .
                0x10006a38                        __scratch_x_source__ = LOADADDR (.scratch_x)

.scratch_y      0x20041000        0x0 load address 0x10006a38
                0x20041000                        __scratch_y_start__ = .
 *(.scratch_y.*)
                0x20041000                        . = ALIGN (0x4)
                0x20041000                        __scratch_y_end__ = .
                0x10006a38                        __scratch_y_source__ = LOADADDR (.scratch_y)

.bss            0x20000f30      0xd84
                0x20000f30                        . = ALIGN (0x4)
                0x20000f30                        __bss_start__ = .
 *(SORT_BY_ALIGNMENT(SORT_BY_NAME(.bss*)))
 .bss.configured_freq
                0x20000f30       0x28 CMakeFiles/hw4.dir/home/milan/.pico-sdk/sdk/1.5.1/src/rp2_common/hardware_clocks/clocks.c.obj
 .bss.default_alarm_pool_entries
                0x20000f58      0x100 CMakeFiles/hw4.dir/home/milan/.pico-sdk/sdk/1.5.1/src/common/pico_time/time.c.obj
 .bss.last_avail_time.1
                0x20001058        0x8 CMakeFiles/hw4.dir/home/milan/.pico-sdk/sdk/1.5.1/src/rp2_common/pico_stdio_usb/stdio_usb.c.obj
 .bss.sd_table  0x20001060      0x100 CMakeFiles/hw4.dir/home/milan/.pico-sdk/sdk/1.5.1/src/rp2_common/pico_double/double_init_rom.c.obj
                0x20001060                sd_table
 .bss.sf_table  0x20001160      0x100 CMakeFiles/hw4.dir/home/milan/.pico-sdk/sdk/1.5.1/src/rp2_common/pico_float/float_init_rom.c.obj
                0x20001160                sf_table
 .bss._app_driver
                0x20001260        0x4 CMakeFiles/hw4.dir/home/milan/.pico-sdk/sdk/1.5.1/lib/tinyusb/src/device/usbd.c.obj
 .bss._cdcd_itf
                0x20001264      0x2c8 CMakeFiles/hw4.dir/home/milan/.pico-sdk/sdk/1.5.1/lib/tinyusb/src/class/cdc/cdc_device.c.obj
 .bss._ctrl_xfer
                0x2000152c       0x14 CMakeFiles/hw4.dir/home/milan/.pico-sdk/sdk/1.5.1/lib/tinyusb/src/device/usbd_control.c.obj
 .bss._ubsd_mutexdef
                0x20001540        0x8 CMakeFiles/hw4.dir/home/milan/.pico-sdk/sdk/1.5.1/lib/tinyusb/src/device/usbd.c.obj
 .bss._usbd_ctrl_buf
                0x20001548       0x40 CMakeFiles/hw4.dir/home/milan/.pico-sdk/sdk/1.5.1/lib/tinyusb/src/device/usbd_control.c.obj
 .bss._usbd_dev
                0x20001588       0x53 CMakeFiles/hw4.dir/home/milan/.pico-sdk/sdk/1.5.1/lib/tinyusb/src/device/usbd.c.obj
 *fill*         0x200015db        0x1 
 .bss._usbd_mutex
                0x200015dc        0x4 CMakeFiles/hw4.dir/home/milan/.pico-sdk/sdk/1.5.1/lib/tinyusb/src/device/usbd.c.obj
 .bss._usbd_q   0x200015e0        0x4 CMakeFiles/hw4.dir/home/milan/.pico-sdk/sdk/1.5.1/lib/tinyusb/src/device/usbd.c.obj
 .bss._usbd_qdef_buf
                0x200015e4       0xc0 CMakeFiles/hw4.dir/home/milan/.pico-sdk/sdk/1.5.1/lib/tinyusb/src/device/usbd.c.obj
                0x200015e4                _usbd_qdef_buf
 .bss.alarm_callbacks
                0x200016a4       0x10 CMakeFiles/hw4.dir/home/milan/.pico-sdk/sdk/1.5.1/src/rp2_common/hardware_timer/timer.c.obj
 .bss.boot2_copyout
                0x200016b4      0x100 CMakeFiles/hw4.dir/home/milan/.pico-sdk/sdk/1.5.1/src/rp2_common/hardware_flash/flash.c.obj
 .bss.chars_available_callback
                0x200017b4        0x4 CMakeFiles/hw4.dir/home/milan/.pico-sdk/sdk/1.5.1/src/rp2_common/pico_stdio_usb/stdio_usb.c.obj
 .bss.chars_available_param
                0x200017b8        0x4 CMakeFiles/hw4.dir/home/milan/.pico-sdk/sdk/1.5.1/src/rp2_common/pico_stdio_usb/stdio_usb.c.obj
 .bss.claimed   0x200017bc        0x4 CMakeFiles/hw4.dir/home/milan/.pico-sdk/sdk/1.5.1/src/rp2_common/hardware_sync/sync.c.obj
 .bss.default_alarm_pool_entry_ids_high
                0x200017c0       0x10 CMakeFiles/hw4.dir/home/milan/.pico-sdk/sdk/1.5.1/src/common/pico_time/time.c.obj
 .bss.default_alarm_pool_heap_nodes
                0x200017d0       0x30 CMakeFiles/hw4.dir/home/milan/.pico-sdk/sdk/1.5.1/src/common/pico_time/time.c.obj
 .bss.desc_str.0
                0x20001800       0x28 CMakeFiles/hw4.dir/home/milan/.pico-sdk/sdk/1.5.1/src/rp2_common/pico_stdio_usb/stdio_usb_descriptors.c.obj
 .bss.drivers   0x20001828        0x4 CMakeFiles/hw4.dir/home/milan/.pico-sdk/sdk/1.5.1/src/rp2_common/pico_stdio/stdio.c.obj
 .bss.e15_last_sof
                0x2000182c        0x4 CMakeFiles/hw4.dir/home/milan/.pico-sdk/sdk/1.5.1/lib/tinyusb/src/portable/raspberrypi/rp2040/rp2040_usb.c.obj
                0x2000182c                e15_last_sof
 .bss.filter    0x20001830        0x4 CMakeFiles/hw4.dir/home/milan/.pico-sdk/sdk/1.5.1/src/rp2_common/pico_stdio/stdio.c.obj
 .bss.hw_endpoints
                0x20001834      0x400 CMakeFiles/hw4.dir/home/milan/.pico-sdk/sdk/1.5.1/lib/tinyusb/src/portable/raspberrypi/rp2040/dcd_rp2040.c.obj
 .bss.lazy_vsnprintf
                0x20001c34        0x4 CMakeFiles/hw4.dir/home/milan/.pico-sdk/sdk/1.5.1/src/rp2_common/pico_printf/printf.c.obj
 .bss.load_value
                0x20001c38        0x4 CMakeFiles/hw4.dir/home/milan/.pico-sdk/sdk/1.5.1/src/rp2_common/hardware_watchdog/watchdog.c.obj
 .bss.next_buffer_ptr
                0x20001c3c        0x4 CMakeFiles/hw4.dir/home/milan/.pico-sdk/sdk/1.5.1/lib/tinyusb/src/portable/raspberrypi/rp2040/dcd_rp2040.c.obj
 .bss.object.0  0x20001c40       0x18 /home/milan/.pico-sdk/toolchain/13_2_Rel1/bin/../lib/gcc/arm-none-eabi/13.2.1/thumb/v6-m/nofp/crtbegin.o
 .bss.one_shot_timer_crit_sec
                0x20001c58        0x8 CMakeFiles/hw4.dir/home/milan/.pico-sdk/sdk/1.5.1/src/rp2_common/pico_stdio_usb/stdio_usb.c.obj
 .bss.pools     0x20001c60       0x10 CMakeFiles/hw4.dir/home/milan/.pico-sdk/sdk/1.5.1/src/common/pico_time/time.c.obj
 .bss.retrieved_id
                0x20001c70        0x8 CMakeFiles/hw4.dir/home/milan/.pico-sdk/sdk/1.5.1/src/rp2_common/pico_unique_id/unique_id.c.obj
 .bss.sf_clz_func
                0x20001c78        0x4 CMakeFiles/hw4.dir/home/milan/.pico-sdk/sdk/1.5.1/src/rp2_common/pico_double/double_init_rom.c.obj
                0x20001c78                sf_clz_func
 .bss.sleep_notifier
                0x20001c7c        0x4 CMakeFiles/hw4.dir/home/milan/.pico-sdk/sdk/1.5.1/src/common/pico_time/time.c.obj
 .bss.stdio_usb_mutex
                0x20001c80        0x8 CMakeFiles/hw4.dir/home/milan/.pico-sdk/sdk/1.5.1/src/rp2_common/pico_stdio_usb/stdio_usb.c.obj
 .bss.target_hi
                0x20001c88       0x10 CMakeFiles/hw4.dir/home/milan/.pico-sdk/sdk/1.5.1/src/rp2_common/hardware_timer/timer.c.obj
 .bss.usbd_serial_str
                0x20001c98       0x11 CMakeFiles/hw4.dir/home/milan/.pico-sdk/sdk/1.5.1/src/rp2_common/pico_stdio_usb/stdio_usb_descriptors.c.obj
 .bss._app_driver_count
                0x20001ca9        0x1 CMakeFiles/hw4.dir/home/milan/.pico-sdk/sdk/1.5.1/lib/tinyusb/src/device/usbd.c.obj
 .bss._sof_enable
                0x20001caa        0x1 CMakeFiles/hw4.dir/home/milan/.pico-sdk/sdk/1.5.1/lib/tinyusb/src/portable/raspberrypi/rp2040/dcd_rp2040.c.obj
 .bss.boot2_copyout_valid
                0x20001cab        0x1 CMakeFiles/hw4.dir/home/milan/.pico-sdk/sdk/1.5.1/src/rp2_common/hardware_flash/flash.c.obj
 .bss.claimed   0x20001cac        0x1 CMakeFiles/hw4.dir/home/milan/.pico-sdk/sdk/1.5.1/src/rp2_common/hardware_timer/timer.c.obj
 .bss.irq_hander_chain_free_slot_head
                0x20001cad        0x1 CMakeFiles/hw4.dir/home/milan/.pico-sdk/sdk/1.5.1/src/rp2_common/hardware_irq/irq.c.obj
 .bss.itf_num   0x20001cae        0x1 CMakeFiles/hw4.dir/home/milan/.pico-sdk/sdk/1.5.1/src/rp2_common/pico_stdio_usb/reset_interface.c.obj
 .bss.low_priority_irq_num
                0x20001caf        0x1 CMakeFiles/hw4.dir/home/milan/.pico-sdk/sdk/1.5.1/src/rp2_common/pico_stdio_usb/stdio_usb.c.obj
 .bss.one_shot_timer_pending
                0x20001cb0        0x1 CMakeFiles/hw4.dir/home/milan/.pico-sdk/sdk/1.5.1/src/rp2_common/pico_stdio_usb/stdio_usb.c.obj
 .bss.timer_callbacks_pending
                0x20001cb1        0x1 CMakeFiles/hw4.dir/home/milan/.pico-sdk/sdk/1.5.1/src/rp2_common/hardware_timer/timer.c.obj
 .bss.user_irq_claimed
                0x20001cb2        0x1 CMakeFiles/hw4.dir/home/milan/.pico-sdk/sdk/1.5.1/src/rp2_common/hardware_irq/irq.c.obj
 *(COMMON)
                0x20001cb4                        . = ALIGN (0x4)
 *fill*         0x20001cb3        0x1 
                0x20001cb4                        __bss_end__ = .

.heap           0x20001cb4      0x800
                0x20001cb4                        __end__ = .
                0x20001cb4                        end = __end__
 *(.heap*)
 .heap          0x20001cb4      0x800 CMakeFiles/hw4.dir/home/milan/.pico-sdk/sdk/1.5.1/src/rp2_common/pico_standard_link/crt0.S.obj
                0x200024b4                        __HeapLimit = .

.stack1_dummy
 *(.stack1*)

.stack_dummy    0x20041000      0x800
 *(.stack*)
 .stack         0x20041000      0x800 CMakeFiles/hw4.dir/home/milan/.pico-sdk/sdk/1.5.1/src/rp2_common/pico_standard_link/crt0.S.obj

.flash_end      0x10006a38        0x0
                0x10006a38                        PROVIDE (__flash_binary_end = .)
                0x20040000                        __StackLimit = (ORIGIN (RAM) + LENGTH (RAM))
                0x20041000                        __StackOneTop = (ORIGIN (SCRATCH_X) + LENGTH (SCRATCH_X))
                0x20042000                        __StackTop = (ORIGIN (SCRATCH_Y) + LENGTH (SCRATCH_Y))
                0x20041000                        __StackOneBottom = (__StackOneTop - SIZEOF (.stack1_dummy))
                0x20041800                        __StackBottom = (__StackTop - SIZEOF (.stack_dummy))
                0x20042000                        PROVIDE (__stack = __StackTop)
                0x00000001                        ASSERT ((__StackLimit >= __HeapLimit), region RAM overflowed)
                0x00000001                        ASSERT (((__binary_info_header_end - __logical_binary_start) <= 0x100), Binary info must be in first 256 bytes of the binary)
LOAD CMakeFiles/hw4.dir/hw4.c.obj
LOAD CMakeFiles/hw4.dir/home/milan/.pico-sdk/sdk/1.5.1/src/rp2_common/pico_stdlib/stdlib.c.obj
LOAD CMakeFiles/hw4.dir/home/milan/.pico-sdk/sdk/1.5.1/src/rp2_common/hardware_gpio/gpio.c.obj
LOAD CMakeFiles/hw4.dir/home/milan/.pico-sdk/sdk/1.5.1/src/rp2_common/pico_platform/platform.c.obj
LOAD CMakeFiles/hw4.dir/home/milan/.pico-sdk/sdk/1.5.1/src/rp2_common/hardware_claim/claim.c.obj
LOAD CMakeFiles/hw4.dir/home/milan/.pico-sdk/sdk/1.5.1/src/rp2_common/hardware_sync/sync.c.obj
LOAD CMakeFiles/hw4.dir/home/milan/.pico-sdk/sdk/1.5.1/src/rp2_common/hardware_irq/irq.c.obj
LOAD CMakeFiles/hw4.dir/home/milan/.pico-sdk/sdk/1.5.1/src/rp2_common/hardware_irq/irq_handler_chain.S.obj
LOAD CMakeFiles/hw4.dir/home/milan/.pico-sdk/sdk/1.5.1/src/common/pico_sync/sem.c.obj
LOAD CMakeFiles/hw4.dir/home/milan/.pico-sdk/sdk/1.5.1/src/common/pico_sync/lock_core.c.obj
LOAD CMakeFiles/hw4.dir/home/milan/.pico-sdk/sdk/1.5.1/src/common/pico_sync/mutex.c.obj
LOAD CMakeFiles/hw4.dir/home/milan/.pico-sdk/sdk/1.5.1/src/common/pico_sync/critical_section.c.obj
LOAD CMakeFiles/hw4.dir/home/milan/.pico-sdk/sdk/1.5.1/src/common/pico_time/time.c.obj
LOAD CMakeFiles/hw4.dir/home/milan/.pico-sdk/sdk/1.5.1/src/common/pico_time/timeout_helper.c.obj
LOAD CMakeFiles/hw4.dir/home/milan/.pico-sdk/sdk/1.5.1/src/rp2_common/hardware_timer/timer.c.obj
LOAD CMakeFiles/hw4.dir/home/milan/.pico-sdk/sdk/1.5.1/src/common/pico_util/datetime.c.obj
LOAD CMakeFiles/hw4.dir/home/milan/.pico-sdk/sdk/1.5.1/src/common/pico_util/pheap.c.obj
LOAD CMakeFiles/hw4.dir/home/milan/.pico-sdk/sdk/1.5.1/src/common/pico_util/queue.c.obj
LOAD CMakeFiles/hw4.dir/home/milan/.pico-sdk/sdk/1.5.1/src/rp2_common/hardware_uart/uart.c.obj
LOAD CMakeFiles/hw4.dir/home/milan/.pico-sdk/sdk/1.5.1/src/rp2_common/hardware_clocks/clocks.c.obj
LOAD CMakeFiles/hw4.dir/home/milan/.pico-sdk/sdk/1.5.1/src/rp2_common/hardware_pll/pll.c.obj
LOAD CMakeFiles/hw4.dir/home/milan/.pico-sdk/sdk/1.5.1/src/rp2_common/hardware_vreg/vreg.c.obj
LOAD CMakeFiles/hw4.dir/home/milan/.pico-sdk/sdk/1.5.1/src/rp2_common/hardware_watchdog/watchdog.c.obj
LOAD CMakeFiles/hw4.dir/home/milan/.pico-sdk/sdk/1.5.1/src/rp2_common/hardware_xosc/xosc.c.obj
LOAD CMakeFiles/hw4.dir/home/milan/.pico-sdk/sdk/1.5.1/src/rp2_common/hardware_divider/divider.S.obj
LOAD CMakeFiles/hw4.dir/home/milan/.pico-sdk/sdk/1.5.1/src/rp2_common/pico_runtime/runtime.c.obj
LOAD CMakeFiles/hw4.dir/home/milan/.pico-sdk/sdk/1.5.1/src/rp2_common/pico_printf/printf.c.obj
LOAD CMakeFiles/hw4.dir/home/milan/.pico-sdk/sdk/1.5.1/src/rp2_common/pico_bit_ops/bit_ops_aeabi.S.obj
LOAD CMakeFiles/hw4.dir/home/milan/.pico-sdk/sdk/1.5.1/src/rp2_common/pico_bootrom/bootrom.c.obj
LOAD CMakeFiles/hw4.dir/home/milan/.pico-sdk/sdk/1.5.1/src/rp2_common/pico_divider/divider.S.obj
LOAD CMakeFiles/hw4.dir/home/milan/.pico-sdk/sdk/1.5.1/src/rp2_common/pico_double/double_aeabi.S.obj
LOAD CMakeFiles/hw4.dir/home/milan/.pico-sdk/sdk/1.5.1/src/rp2_common/pico_double/double_init_rom.c.obj
LOAD CMakeFiles/hw4.dir/home/milan/.pico-sdk/sdk/1.5.1/src/rp2_common/pico_double/double_math.c.obj
LOAD CMakeFiles/hw4.dir/home/milan/.pico-sdk/sdk/1.5.1/src/rp2_common/pico_double/double_v1_rom_shim.S.obj
LOAD CMakeFiles/hw4.dir/home/milan/.pico-sdk/sdk/1.5.1/src/rp2_common/pico_int64_ops/pico_int64_ops_aeabi.S.obj
LOAD CMakeFiles/hw4.dir/home/milan/.pico-sdk/sdk/1.5.1/src/rp2_common/pico_float/float_aeabi.S.obj
LOAD CMakeFiles/hw4.dir/home/milan/.pico-sdk/sdk/1.5.1/src/rp2_common/pico_float/float_init_rom.c.obj
LOAD CMakeFiles/hw4.dir/home/milan/.pico-sdk/sdk/1.5.1/src/rp2_common/pico_float/float_math.c.obj
LOAD CMakeFiles/hw4.dir/home/milan/.pico-sdk/sdk/1.5.1/src/rp2_common/pico_float/float_v1_rom_shim.S.obj
LOAD CMakeFiles/hw4.dir/home/milan/.pico-sdk/sdk/1.5.1/src/rp2_common/pico_malloc/pico_malloc.c.obj
LOAD CMakeFiles/hw4.dir/home/milan/.pico-sdk/sdk/1.5.1/src/rp2_common/pico_mem_ops/mem_ops_aeabi.S.obj
LOAD CMakeFiles/hw4.dir/home/milan/.pico-sdk/sdk/1.5.1/src/rp2_common/pico_standard_link/crt0.S.obj
LOAD CMakeFiles/hw4.dir/home/milan/.pico-sdk/sdk/1.5.1/src/rp2_common/pico_standard_link/new_delete.cpp.obj
LOAD CMakeFiles/hw4.dir/home/milan/.pico-sdk/sdk/1.5.1/src/rp2_common/pico_standard_link/binary_info.c.obj
LOAD CMakeFiles/hw4.dir/home/milan/.pico-sdk/sdk/1.5.1/src/rp2_common/pico_stdio/stdio.c.obj
LOAD CMakeFiles/hw4.dir/home/milan/.pico-sdk/sdk/1.5.1/src/rp2_common/pico_stdio_usb/reset_interface.c.obj
LOAD CMakeFiles/hw4.dir/home/milan/.pico-sdk/sdk/1.5.1/src/rp2_common/pico_stdio_usb/stdio_usb.c.obj
LOAD CMakeFiles/hw4.dir/home/milan/.pico-sdk/sdk/1.5.1/src/rp2_common/pico_stdio_usb/stdio_usb_descriptors.c.obj
LOAD CMakeFiles/hw4.dir/home/milan/.pico-sdk/sdk/1.5.1/src/rp2_common/pico_unique_id/unique_id.c.obj
LOAD CMakeFiles/hw4.dir/home/milan/.pico-sdk/sdk/1.5.1/src/rp2_common/hardware_flash/flash.c.obj
LOAD CMakeFiles/hw4.dir/home/milan/.pico-sdk/sdk/1.5.1/lib/tinyusb/src/portable/raspberrypi/rp2040/dcd_rp2040.c.obj
LOAD CMakeFiles/hw4.dir/home/milan/.pico-sdk/sdk/1.5.1/lib/tinyusb/src/portable/raspberrypi/rp2040/rp2040_usb.c.obj
LOAD CMakeFiles/hw4.dir/home/milan/.pico-sdk/sdk/1.5.1/lib/tinyusb/src/device/usbd.c.obj
LOAD CMakeFiles/hw4.dir/home/milan/.pico-sdk/sdk/1.5.1/lib/tinyusb/src/device/usbd_control.c.obj
LOAD CMakeFiles/hw4.dir/home/milan/.pico-sdk/sdk/1.5.1/lib/tinyusb/src/class/audio/audio_device.c.obj
LOAD CMakeFiles/hw4.dir/home/milan/.pico-sdk/sdk/1.5.1/lib/tinyusb/src/class/cdc/cdc_device.c.obj
LOAD CMakeFiles/hw4.dir/home/milan/.pico-sdk/sdk/1.5.1/lib/tinyusb/src/class/dfu/dfu_device.c.obj
LOAD CMakeFiles/hw4.dir/home/milan/.pico-sdk/sdk/1.5.1/lib/tinyusb/src/class/dfu/dfu_rt_device.c.obj
LOAD CMakeFiles/hw4.dir/home/milan/.pico-sdk/sdk/1.5.1/lib/tinyusb/src/class/hid/hid_device.c.obj
LOAD CMakeFiles/hw4.dir/home/milan/.pico-sdk/sdk/1.5.1/lib/tinyusb/src/class/midi/midi_device.c.obj
LOAD CMakeFiles/hw4.dir/home/milan/.pico-sdk/sdk/1.5.1/lib/tinyusb/src/class/msc/msc_device.c.obj
LOAD CMakeFiles/hw4.dir/home/milan/.pico-sdk/sdk/1.5.1/lib/tinyusb/src/class/net/ecm_rndis_device.c.obj
LOAD CMakeFiles/hw4.dir/home/milan/.pico-sdk/sdk/1.5.1/lib/tinyusb/src/class/net/ncm_device.c.obj
LOAD CMakeFiles/hw4.dir/home/milan/.pico-sdk/sdk/1.5.1/lib/tinyusb/src/class/usbtmc/usbtmc_device.c.obj
LOAD CMakeFiles/hw4.dir/home/milan/.pico-sdk/sdk/1.5.1/lib/tinyusb/src/class/vendor/vendor_device.c.obj
LOAD CMakeFiles/hw4.dir/home/milan/.pico-sdk/sdk/1.5.1/lib/tinyusb/src/class/video/video_device.c.obj
LOAD CMakeFiles/hw4.dir/home/milan/.pico-sdk/sdk/1.5.1/lib/tinyusb/src/tusb.c.obj
LOAD CMakeFiles/hw4.dir/home/milan/.pico-sdk/sdk/1.5.1/lib/tinyusb/src/common/tusb_fifo.c.obj
LOAD CMakeFiles/hw4.dir/home/milan/.pico-sdk/sdk/1.5.1/src/rp2_common/pico_fix/rp2040_usb_device_enumeration/rp2040_usb_device_enumeration.c.obj
LOAD CMakeFiles/hw4.dir/home/milan/.pico-sdk/sdk/1.5.1/src/rp2_common/hardware_spi/spi.c.obj
LOAD /tmp/ccBcHa1f.o
LOAD /home/milan/.pico-sdk/toolchain/13_2_Rel1/bin/../lib/gcc/arm-none-eabi/13.2.1/../../../../arm-none-eabi/lib/thumb/v6-m/nofp/libstdc++.a
LOAD /home/milan/.pico-sdk/toolchain/13_2_Rel1/bin/../lib/gcc/arm-none-eabi/13.2.1/../../../../arm-none-eabi/lib/thumb/v6-m/nofp/libm.a
START GROUP
LOAD /home/milan/.pico-sdk/toolchain/13_2_Rel1/bin/../lib/gcc/arm-none-eabi/13.2.1/thumb/v6-m/nofp/libgcc.a
LOAD /home/milan/.pico-sdk/toolchain/13_2_Rel1/bin/../lib/gcc/arm-none-eabi/13.2.1/../../../../arm-none-eabi/lib/thumb/v6-m/nofp/libc.a
END GROUP
START GROUP
LOAD /home/milan/.pico-sdk/toolchain/13_2_Rel1/bin/../lib/gcc/arm-none-eabi/13.2.1/thumb/v6-m/nofp/libgcc.a
LOAD /home/milan/.pico-sdk/toolchain/13_2_Rel1/bin/../lib/gcc/arm-none-eabi/13.2.1/../../../../arm-none-eabi/lib/thumb/v6-m/nofp/libc.a
LOAD /home/milan/.pico-sdk/toolchain/13_2_Rel1/bin/../lib/gcc/arm-none-eabi/13.2.1/../../../../arm-none-eabi/lib/thumb/v6-m/nofp/libnosys.a
END GROUP
LOAD /home/milan/.pico-sdk/toolchain/13_2_Rel1/bin/../lib/gcc/arm-none-eabi/13.2.1/thumb/v6-m/nofp/crtend.o
LOAD /home/milan/.pico-sdk/toolchain/13_2_Rel1/bin/../lib/gcc/arm-none-eabi/13.2.1/thumb/v6-m/nofp/crtn.o
OUTPUT(hw4.elf elf32-littlearm)
LOAD linker stubs

.ARM.attributes
                0x00000000       0x28
 .ARM.attributes
                0x00000000       0x1e /home/milan/.pico-sdk/toolchain/13_2_Rel1/bin/../lib/gcc/arm-none-eabi/13.2.1/thumb/v6-m/nofp/crti.o
 .ARM.attributes
                0x0000001e       0x2c /home/milan/.pico-sdk/toolchain/13_2_Rel1/bin/../lib/gcc/arm-none-eabi/13.2.1/thumb/v6-m/nofp/crtbegin.o
 .ARM.attributes
                0x0000004a       0x2c CMakeFiles/hw4.dir/hw4.c.obj
 .ARM.attributes
                0x00000076       0x2c CMakeFiles/hw4.dir/home/milan/.pico-sdk/sdk/1.5.1/src/rp2_common/hardware_gpio/gpio.c.obj
 .ARM.attributes
                0x000000a2       0x2c CMakeFiles/hw4.dir/home/milan/.pico-sdk/sdk/1.5.1/src/rp2_common/pico_platform/platform.c.obj
 .ARM.attributes
                0x000000ce       0x2c CMakeFiles/hw4.dir/home/milan/.pico-sdk/sdk/1.5.1/src/rp2_common/hardware_claim/claim.c.obj
 .ARM.attributes
                0x000000fa       0x2c CMakeFiles/hw4.dir/home/milan/.pico-sdk/sdk/1.5.1/src/rp2_common/hardware_sync/sync.c.obj
 .ARM.attributes
                0x00000126       0x2c CMakeFiles/hw4.dir/home/milan/.pico-sdk/sdk/1.5.1/src/rp2_common/hardware_irq/irq.c.obj
 .ARM.attributes
                0x00000152       0x22 CMakeFiles/hw4.dir/home/milan/.pico-sdk/sdk/1.5.1/src/rp2_common/hardware_irq/irq_handler_chain.S.obj
 .ARM.attributes
                0x00000174       0x2c CMakeFiles/hw4.dir/home/milan/.pico-sdk/sdk/1.5.1/src/common/pico_sync/lock_core.c.obj
 .ARM.attributes
                0x000001a0       0x2c CMakeFiles/hw4.dir/home/milan/.pico-sdk/sdk/1.5.1/src/common/pico_sync/mutex.c.obj
 .ARM.attributes
                0x000001cc       0x2c CMakeFiles/hw4.dir/home/milan/.pico-sdk/sdk/1.5.1/src/common/pico_sync/critical_section.c.obj
 .ARM.attributes
                0x000001f8       0x2c CMakeFiles/hw4.dir/home/milan/.pico-sdk/sdk/1.5.1/src/common/pico_time/time.c.obj
 .ARM.attributes
                0x00000224       0x2c CMakeFiles/hw4.dir/home/milan/.pico-sdk/sdk/1.5.1/src/rp2_common/hardware_timer/timer.c.obj
 .ARM.attributes
                0x00000250       0x2c CMakeFiles/hw4.dir/home/milan/.pico-sdk/sdk/1.5.1/src/common/pico_util/pheap.c.obj
 .ARM.attributes
                0x0000027c       0x2c CMakeFiles/hw4.dir/home/milan/.pico-sdk/sdk/1.5.1/src/rp2_common/hardware_clocks/clocks.c.obj
 .ARM.attributes
                0x000002a8       0x2c CMakeFiles/hw4.dir/home/milan/.pico-sdk/sdk/1.5.1/src/rp2_common/hardware_pll/pll.c.obj
 .ARM.attributes
                0x000002d4       0x2c CMakeFiles/hw4.dir/home/milan/.pico-sdk/sdk/1.5.1/src/rp2_common/hardware_watchdog/watchdog.c.obj
 .ARM.attributes
                0x00000300       0x2c CMakeFiles/hw4.dir/home/milan/.pico-sdk/sdk/1.5.1/src/rp2_common/hardware_xosc/xosc.c.obj
 .ARM.attributes
                0x0000032c       0x2c CMakeFiles/hw4.dir/home/milan/.pico-sdk/sdk/1.5.1/src/rp2_common/pico_runtime/runtime.c.obj
 .ARM.attributes
                0x00000358       0x2c CMakeFiles/hw4.dir/home/milan/.pico-sdk/sdk/1.5.1/src/rp2_common/pico_printf/printf.c.obj
 .ARM.attributes
                0x00000384       0x22 CMakeFiles/hw4.dir/home/milan/.pico-sdk/sdk/1.5.1/src/rp2_common/pico_bit_ops/bit_ops_aeabi.S.obj
 .ARM.attributes
                0x000003a6       0x2c CMakeFiles/hw4.dir/home/milan/.pico-sdk/sdk/1.5.1/src/rp2_common/pico_bootrom/bootrom.c.obj
 .ARM.attributes
                0x000003d2       0x22 CMakeFiles/hw4.dir/home/milan/.pico-sdk/sdk/1.5.1/src/rp2_common/pico_divider/divider.S.obj
 .ARM.attributes
                0x000003f4       0x22 CMakeFiles/hw4.dir/home/milan/.pico-sdk/sdk/1.5.1/src/rp2_common/pico_double/double_aeabi.S.obj
 .ARM.attributes
                0x00000416       0x2c CMakeFiles/hw4.dir/home/milan/.pico-sdk/sdk/1.5.1/src/rp2_common/pico_double/double_init_rom.c.obj
 .ARM.attributes
                0x00000442       0x2c CMakeFiles/hw4.dir/home/milan/.pico-sdk/sdk/1.5.1/src/rp2_common/pico_double/double_math.c.obj
 .ARM.attributes
                0x0000046e       0x22 CMakeFiles/hw4.dir/home/milan/.pico-sdk/sdk/1.5.1/src/rp2_common/pico_double/double_v1_rom_shim.S.obj
 .ARM.attributes
                0x00000490       0x22 CMakeFiles/hw4.dir/home/milan/.pico-sdk/sdk/1.5.1/src/rp2_common/pico_int64_ops/pico_int64_ops_aeabi.S.obj
 .ARM.attributes
                0x000004b2       0x22 CMakeFiles/hw4.dir/home/milan/.pico-sdk/sdk/1.5.1/src/rp2_common/pico_float/float_aeabi.S.obj
 .ARM.attributes
                0x000004d4       0x2c CMakeFiles/hw4.dir/home/milan/.pico-sdk/sdk/1.5.1/src/rp2_common/pico_float/float_init_rom.c.obj
 .ARM.attributes
                0x00000500       0x22 CMakeFiles/hw4.dir/home/milan/.pico-sdk/sdk/1.5.1/src/rp2_common/pico_float/float_v1_rom_shim.S.obj
 .ARM.attributes
                0x00000522       0x22 CMakeFiles/hw4.dir/home/milan/.pico-sdk/sdk/1.5.1/src/rp2_common/pico_mem_ops/mem_ops_aeabi.S.obj
 .ARM.attributes
                0x00000544       0x22 CMakeFiles/hw4.dir/home/milan/.pico-sdk/sdk/1.5.1/src/rp2_common/pico_standard_link/crt0.S.obj
 .ARM.attributes
                0x00000566       0x2c CMakeFiles/hw4.dir/home/milan/.pico-sdk/sdk/1.5.1/src/rp2_common/pico_standard_link/binary_info.c.obj
 .ARM.attributes
                0x00000592       0x2c CMakeFiles/hw4.dir/home/milan/.pico-sdk/sdk/1.5.1/src/rp2_common/pico_stdio/stdio.c.obj
 .ARM.attributes
                0x000005be       0x2c CMakeFiles/hw4.dir/home/milan/.pico-sdk/sdk/1.5.1/src/rp2_common/pico_stdio_usb/reset_interface.c.obj
 .ARM.attributes
                0x000005ea       0x2c CMakeFiles/hw4.dir/home/milan/.pico-sdk/sdk/1.5.1/src/rp2_common/pico_stdio_usb/stdio_usb.c.obj
 .ARM.attributes
                0x00000616       0x2c CMakeFiles/hw4.dir/home/milan/.pico-sdk/sdk/1.5.1/src/rp2_common/pico_stdio_usb/stdio_usb_descriptors.c.obj
 .ARM.attributes
                0x00000642       0x2c CMakeFiles/hw4.dir/home/milan/.pico-sdk/sdk/1.5.1/src/rp2_common/pico_unique_id/unique_id.c.obj
 .ARM.attributes
                0x0000066e       0x2c CMakeFiles/hw4.dir/home/milan/.pico-sdk/sdk/1.5.1/src/rp2_common/hardware_flash/flash.c.obj
 .ARM.attributes
                0x0000069a       0x2c CMakeFiles/hw4.dir/home/milan/.pico-sdk/sdk/1.5.1/lib/tinyusb/src/portable/raspberrypi/rp2040/dcd_rp2040.c.obj
 .ARM.attributes
                0x000006c6       0x2c CMakeFiles/hw4.dir/home/milan/.pico-sdk/sdk/1.5.1/lib/tinyusb/src/portable/raspberrypi/rp2040/rp2040_usb.c.obj
 .ARM.attributes
                0x000006f2       0x2c CMakeFiles/hw4.dir/home/milan/.pico-sdk/sdk/1.5.1/lib/tinyusb/src/device/usbd.c.obj
 .ARM.attributes
                0x0000071e       0x2c CMakeFiles/hw4.dir/home/milan/.pico-sdk/sdk/1.5.1/lib/tinyusb/src/device/usbd_control.c.obj
 .ARM.attributes
                0x0000074a       0x2c CMakeFiles/hw4.dir/home/milan/.pico-sdk/sdk/1.5.1/lib/tinyusb/src/class/cdc/cdc_device.c.obj
 .ARM.attributes
                0x00000776       0x2c CMakeFiles/hw4.dir/home/milan/.pico-sdk/sdk/1.5.1/lib/tinyusb/src/tusb.c.obj
 .ARM.attributes
                0x000007a2       0x2c CMakeFiles/hw4.dir/home/milan/.pico-sdk/sdk/1.5.1/lib/tinyusb/src/common/tusb_fifo.c.obj
 .ARM.attributes
                0x000007ce       0x2c CMakeFiles/hw4.dir/home/milan/.pico-sdk/sdk/1.5.1/src/rp2_common/hardware_spi/spi.c.obj
 .ARM.attributes
                0x000007fa       0x22 /tmp/ccBcHa1f.o
 .ARM.attributes
                0x0000081c       0x1e /home/milan/.pico-sdk/toolchain/13_2_Rel1/bin/../lib/gcc/arm-none-eabi/13.2.1/thumb/v6-m/nofp/libgcc.a(_dvmd_tls.o)
 .ARM.attributes
                0x0000083a       0x2c /home/milan/.pico-sdk/toolchain/13_2_Rel1/bin/../lib/gcc/arm-none-eabi/13.2.1/../../../../arm-none-eabi/lib/thumb/v6-m/nofp/libc.a(libc_a-strlen-stub.o)
 .ARM.attributes
                0x00000866       0x2c /home/milan/.pico-sdk/toolchain/13_2_Rel1/bin/../lib/gcc/arm-none-eabi/13.2.1/thumb/v6-m/nofp/crtend.o

.comment        0x00000000       0x44
 .comment       0x00000000       0x44 CMakeFiles/hw4.dir/hw4.c.obj
                                 0x45 (size before relaxing)
 .comment       0x00000044       0x45 CMakeFiles/hw4.dir/home/milan/.pico-sdk/sdk/1.5.1/src/rp2_common/hardware_gpio/gpio.c.obj
 .comment       0x00000044       0x45 CMakeFiles/hw4.dir/home/milan/.pico-sdk/sdk/1.5.1/src/rp2_common/pico_platform/platform.c.obj
 .comment       0x00000044       0x45 CMakeFiles/hw4.dir/home/milan/.pico-sdk/sdk/1.5.1/src/rp2_common/hardware_claim/claim.c.obj
 .comment       0x00000044       0x45 CMakeFiles/hw4.dir/home/milan/.pico-sdk/sdk/1.5.1/src/rp2_common/hardware_sync/sync.c.obj
 .comment       0x00000044       0x45 CMakeFiles/hw4.dir/home/milan/.pico-sdk/sdk/1.5.1/src/rp2_common/hardware_irq/irq.c.obj
 .comment       0x00000044       0x45 CMakeFiles/hw4.dir/home/milan/.pico-sdk/sdk/1.5.1/src/common/pico_sync/lock_core.c.obj
 .comment       0x00000044       0x45 CMakeFiles/hw4.dir/home/milan/.pico-sdk/sdk/1.5.1/src/common/pico_sync/mutex.c.obj
 .comment       0x00000044       0x45 CMakeFiles/hw4.dir/home/milan/.pico-sdk/sdk/1.5.1/src/common/pico_sync/critical_section.c.obj
 .comment       0x00000044       0x45 CMakeFiles/hw4.dir/home/milan/.pico-sdk/sdk/1.5.1/src/common/pico_time/time.c.obj
 .comment       0x00000044       0x45 CMakeFiles/hw4.dir/home/milan/.pico-sdk/sdk/1.5.1/src/rp2_common/hardware_timer/timer.c.obj
 .comment       0x00000044       0x45 CMakeFiles/hw4.dir/home/milan/.pico-sdk/sdk/1.5.1/src/common/pico_util/pheap.c.obj
 .comment       0x00000044       0x45 CMakeFiles/hw4.dir/home/milan/.pico-sdk/sdk/1.5.1/src/rp2_common/hardware_clocks/clocks.c.obj
 .comment       0x00000044       0x45 CMakeFiles/hw4.dir/home/milan/.pico-sdk/sdk/1.5.1/src/rp2_common/hardware_pll/pll.c.obj
 .comment       0x00000044       0x45 CMakeFiles/hw4.dir/home/milan/.pico-sdk/sdk/1.5.1/src/rp2_common/hardware_watchdog/watchdog.c.obj
 .comment       0x00000044       0x45 CMakeFiles/hw4.dir/home/milan/.pico-sdk/sdk/1.5.1/src/rp2_common/hardware_xosc/xosc.c.obj
 .comment       0x00000044       0x45 CMakeFiles/hw4.dir/home/milan/.pico-sdk/sdk/1.5.1/src/rp2_common/pico_runtime/runtime.c.obj
 .comment       0x00000044       0x45 CMakeFiles/hw4.dir/home/milan/.pico-sdk/sdk/1.5.1/src/rp2_common/pico_printf/printf.c.obj
 .comment       0x00000044       0x45 CMakeFiles/hw4.dir/home/milan/.pico-sdk/sdk/1.5.1/src/rp2_common/pico_bootrom/bootrom.c.obj
 .comment       0x00000044       0x45 CMakeFiles/hw4.dir/home/milan/.pico-sdk/sdk/1.5.1/src/rp2_common/pico_double/double_init_rom.c.obj
 .comment       0x00000044       0x45 CMakeFiles/hw4.dir/home/milan/.pico-sdk/sdk/1.5.1/src/rp2_common/pico_double/double_math.c.obj
 .comment       0x00000044       0x45 CMakeFiles/hw4.dir/home/milan/.pico-sdk/sdk/1.5.1/src/rp2_common/pico_float/float_init_rom.c.obj
 .comment       0x00000044       0x45 CMakeFiles/hw4.dir/home/milan/.pico-sdk/sdk/1.5.1/src/rp2_common/pico_standard_link/binary_info.c.obj
 .comment       0x00000044       0x45 CMakeFiles/hw4.dir/home/milan/.pico-sdk/sdk/1.5.1/src/rp2_common/pico_stdio/stdio.c.obj
 .comment       0x00000044       0x45 CMakeFiles/hw4.dir/home/milan/.pico-sdk/sdk/1.5.1/src/rp2_common/pico_stdio_usb/reset_interface.c.obj
 .comment       0x00000044       0x45 CMakeFiles/hw4.dir/home/milan/.pico-sdk/sdk/1.5.1/src/rp2_common/pico_stdio_usb/stdio_usb.c.obj
 .comment       0x00000044       0x45 CMakeFiles/hw4.dir/home/milan/.pico-sdk/sdk/1.5.1/src/rp2_common/pico_stdio_usb/stdio_usb_descriptors.c.obj
 .comment       0x00000044       0x45 CMakeFiles/hw4.dir/home/milan/.pico-sdk/sdk/1.5.1/src/rp2_common/pico_unique_id/unique_id.c.obj
 .comment       0x00000044       0x45 CMakeFiles/hw4.dir/home/milan/.pico-sdk/sdk/1.5.1/src/rp2_common/hardware_flash/flash.c.obj
 .comment       0x00000044       0x45 CMakeFiles/hw4.dir/home/milan/.pico-sdk/sdk/1.5.1/lib/tinyusb/src/portable/raspberrypi/rp2040/dcd_rp2040.c.obj
 .comment       0x00000044       0x45 CMakeFiles/hw4.dir/home/milan/.pico-sdk/sdk/1.5.1/lib/tinyusb/src/portable/raspberrypi/rp2040/rp2040_usb.c.obj
 .comment       0x00000044       0x45 CMakeFiles/hw4.dir/home/milan/.pico-sdk/sdk/1.5.1/lib/tinyusb/src/device/usbd.c.obj
 .comment       0x00000044       0x45 CMakeFiles/hw4.dir/home/milan/.pico-sdk/sdk/1.5.1/lib/tinyusb/src/device/usbd_control.c.obj
 .comment       0x00000044       0x45 CMakeFiles/hw4.dir/home/milan/.pico-sdk/sdk/1.5.1/lib/tinyusb/src/class/cdc/cdc_device.c.obj
 .comment       0x00000044       0x45 CMakeFiles/hw4.dir/home/milan/.pico-sdk/sdk/1.5.1/lib/tinyusb/src/tusb.c.obj
 .comment       0x00000044       0x45 CMakeFiles/hw4.dir/home/milan/.pico-sdk/sdk/1.5.1/lib/tinyusb/src/common/tusb_fifo.c.obj
 .comment       0x00000044       0x45 CMakeFiles/hw4.dir/home/milan/.pico-sdk/sdk/1.5.1/src/rp2_common/hardware_spi/spi.c.obj

.debug_line_str
                0x00000000       0xc2
 .debug_line_str
                0x00000000       0xc2 /home/milan/.pico-sdk/toolchain/13_2_Rel1/bin/../lib/gcc/arm-none-eabi/13.2.1/thumb/v6-m/nofp/libgcc.a(_dvmd_tls.o)

.debug_frame    0x00000000       0x28
 .debug_frame   0x00000000       0x28 /home/milan/.pico-sdk/toolchain/13_2_Rel1/bin/../lib/gcc/arm-none-eabi/13.2.1/../../../../arm-none-eabi/lib/thumb/v6-m/nofp/libc.a(libc_a-strlen-stub.o)